Archive member included to satisfy reference by file (symbol)

c:/program files (x86)/atollic/truestudio for stm32 9.0.0/armtools/bin/../lib/gcc/arm-atollic-eabi/6.3.1/../../../../arm-atollic-eabi/lib/armv7e-m/fpu/fpv5-sp-d16\libc_nano.a(lib_a-init.o)
                              startup\startup_stm32f746xx.o (__libc_init_array)
c:/program files (x86)/atollic/truestudio for stm32 9.0.0/armtools/bin/../lib/gcc/arm-atollic-eabi/6.3.1/../../../../arm-atollic-eabi/lib/armv7e-m/fpu/fpv5-sp-d16\libc_nano.a(lib_a-locale.o)
                              Src\functions.o (__locale_ctype_ptr)
c:/program files (x86)/atollic/truestudio for stm32 9.0.0/armtools/bin/../lib/gcc/arm-atollic-eabi/6.3.1/../../../../arm-atollic-eabi/lib/armv7e-m/fpu/fpv5-sp-d16\libc_nano.a(lib_a-malloc.o)
                              Middlewares\FreeRTOS\heap_3.o (malloc)
c:/program files (x86)/atollic/truestudio for stm32 9.0.0/armtools/bin/../lib/gcc/arm-atollic-eabi/6.3.1/../../../../arm-atollic-eabi/lib/armv7e-m/fpu/fpv5-sp-d16\libc_nano.a(lib_a-mbtowc_r.o)
                              c:/program files (x86)/atollic/truestudio for stm32 9.0.0/armtools/bin/../lib/gcc/arm-atollic-eabi/6.3.1/../../../../arm-atollic-eabi/lib/armv7e-m/fpu/fpv5-sp-d16\libc_nano.a(lib_a-locale.o) (__ascii_mbtowc)
c:/program files (x86)/atollic/truestudio for stm32 9.0.0/armtools/bin/../lib/gcc/arm-atollic-eabi/6.3.1/../../../../arm-atollic-eabi/lib/armv7e-m/fpu/fpv5-sp-d16\libc_nano.a(lib_a-memcpy-stub.o)
                              Middlewares\FreeRTOS\queue.o (memcpy)
c:/program files (x86)/atollic/truestudio for stm32 9.0.0/armtools/bin/../lib/gcc/arm-atollic-eabi/6.3.1/../../../../arm-atollic-eabi/lib/armv7e-m/fpu/fpv5-sp-d16\libc_nano.a(lib_a-memset.o)
                              Middlewares\FreeRTOS\cmsis_os.o (memset)
c:/program files (x86)/atollic/truestudio for stm32 9.0.0/armtools/bin/../lib/gcc/arm-atollic-eabi/6.3.1/../../../../arm-atollic-eabi/lib/armv7e-m/fpu/fpv5-sp-d16\libc_nano.a(lib_a-nano-freer.o)
                              c:/program files (x86)/atollic/truestudio for stm32 9.0.0/armtools/bin/../lib/gcc/arm-atollic-eabi/6.3.1/../../../../arm-atollic-eabi/lib/armv7e-m/fpu/fpv5-sp-d16\libc_nano.a(lib_a-malloc.o) (_free_r)
c:/program files (x86)/atollic/truestudio for stm32 9.0.0/armtools/bin/../lib/gcc/arm-atollic-eabi/6.3.1/../../../../arm-atollic-eabi/lib/armv7e-m/fpu/fpv5-sp-d16\libc_nano.a(lib_a-nano-mallocr.o)
                              c:/program files (x86)/atollic/truestudio for stm32 9.0.0/armtools/bin/../lib/gcc/arm-atollic-eabi/6.3.1/../../../../arm-atollic-eabi/lib/armv7e-m/fpu/fpv5-sp-d16\libc_nano.a(lib_a-malloc.o) (_malloc_r)
c:/program files (x86)/atollic/truestudio for stm32 9.0.0/armtools/bin/../lib/gcc/arm-atollic-eabi/6.3.1/../../../../arm-atollic-eabi/lib/armv7e-m/fpu/fpv5-sp-d16\libc_nano.a(lib_a-nano-vfprintf_float.o)
                              (_printf_float)
c:/program files (x86)/atollic/truestudio for stm32 9.0.0/armtools/bin/../lib/gcc/arm-atollic-eabi/6.3.1/../../../../arm-atollic-eabi/lib/armv7e-m/fpu/fpv5-sp-d16\libc_nano.a(lib_a-nano-vfprintf_i.o)
                              c:/program files (x86)/atollic/truestudio for stm32 9.0.0/armtools/bin/../lib/gcc/arm-atollic-eabi/6.3.1/../../../../arm-atollic-eabi/lib/armv7e-m/fpu/fpv5-sp-d16\libc_nano.a(lib_a-nano-vfprintf_float.o) (_printf_common)
c:/program files (x86)/atollic/truestudio for stm32 9.0.0/armtools/bin/../lib/gcc/arm-atollic-eabi/6.3.1/../../../../arm-atollic-eabi/lib/armv7e-m/fpu/fpv5-sp-d16\libc_nano.a(lib_a-printf.o)
                              Src\functions.o (printf)
c:/program files (x86)/atollic/truestudio for stm32 9.0.0/armtools/bin/../lib/gcc/arm-atollic-eabi/6.3.1/../../../../arm-atollic-eabi/lib/armv7e-m/fpu/fpv5-sp-d16\libc_nano.a(lib_a-puts.o)
                              Src\functions.o (puts)
c:/program files (x86)/atollic/truestudio for stm32 9.0.0/armtools/bin/../lib/gcc/arm-atollic-eabi/6.3.1/../../../../arm-atollic-eabi/lib/armv7e-m/fpu/fpv5-sp-d16\libc_nano.a(lib_a-realloc.o)
                              Src\functions.o (realloc)
c:/program files (x86)/atollic/truestudio for stm32 9.0.0/armtools/bin/../lib/gcc/arm-atollic-eabi/6.3.1/../../../../arm-atollic-eabi/lib/armv7e-m/fpu/fpv5-sp-d16\libc_nano.a(lib_a-sbrkr.o)
                              c:/program files (x86)/atollic/truestudio for stm32 9.0.0/armtools/bin/../lib/gcc/arm-atollic-eabi/6.3.1/../../../../arm-atollic-eabi/lib/armv7e-m/fpu/fpv5-sp-d16\libc_nano.a(lib_a-nano-mallocr.o) (_sbrk_r)
c:/program files (x86)/atollic/truestudio for stm32 9.0.0/armtools/bin/../lib/gcc/arm-atollic-eabi/6.3.1/../../../../arm-atollic-eabi/lib/armv7e-m/fpu/fpv5-sp-d16\libc_nano.a(lib_a-snprintf.o)
                              Src\functions.o (snprintf)
c:/program files (x86)/atollic/truestudio for stm32 9.0.0/armtools/bin/../lib/gcc/arm-atollic-eabi/6.3.1/../../../../arm-atollic-eabi/lib/armv7e-m/fpu/fpv5-sp-d16\libc_nano.a(lib_a-sprintf.o)
[...]
Memory Configuration

Name             Origin             Length             Attributes
RAM              0x20000000         0x00050000         xrw
FLASH            0x08000000         0x00100000         xr
*default*        0x00000000         0xffffffff

Linker script and memory map

LOAD c:/program files (x86)/atollic/truestudio for stm32 9.0.0/armtools/bin/../lib/gcc/arm-atollic-eabi/6.3.1/armv7e-m/fpu/fpv5-sp-d16/crti.o
LOAD c:/program files (x86)/atollic/truestudio for stm32 9.0.0/armtools/bin/../lib/gcc/arm-atollic-eabi/6.3.1/armv7e-m/fpu/fpv5-sp-d16/crtbegin.o
LOAD Drivers\BSP\Components\adv7533\adv7533.o
LOAD Drivers\BSP\Components\exc7200\exc7200.o
LOAD Drivers\BSP\Components\ft5336\ft5336.o
LOAD Drivers\BSP\Components\ft6x06\ft6x06.o
LOAD Drivers\BSP\Components\mfxstm32l152\mfxstm32l152.o
LOAD Drivers\BSP\Components\otm8009a\otm8009a.o
LOAD Drivers\BSP\Components\ov9655\ov9655.o
LOAD Drivers\BSP\Components\s5k5cag\s5k5cag.o
LOAD Drivers\BSP\Components\st7735\st7735.o
LOAD Drivers\BSP\Components\st7789h2\st7789h2.o
LOAD Drivers\BSP\Components\stmpe811\stmpe811.o
LOAD Drivers\BSP\Components\ts3510\ts3510.o
LOAD Drivers\BSP\Components\wm8994\wm8994.o
LOAD Drivers\BSP\STM32746G-Discovery\stm32746g_discovery.o
LOAD Drivers\BSP\STM32746G-Discovery\stm32746g_discovery_eeprom.o
LOAD Drivers\BSP\STM32746G-Discovery\stm32746g_discovery_lcd.o
LOAD Drivers\BSP\STM32746G-Discovery\stm32746g_discovery_ts.o
LOAD Drivers\STM32F7xx_HAL_Driver\stm32f7xx_hal.o
LOAD Drivers\STM32F7xx_HAL_Driver\stm32f7xx_hal_adc.o
LOAD Drivers\STM32F7xx_HAL_Driver\stm32f7xx_hal_adc_ex.o
LOAD Drivers\STM32F7xx_HAL_Driver\stm32f7xx_hal_cortex.o
LOAD Drivers\STM32F7xx_HAL_Driver\stm32f7xx_hal_crc.o
LOAD Drivers\STM32F7xx_HAL_Driver\stm32f7xx_hal_crc_ex.o
LOAD Drivers\STM32F7xx_HAL_Driver\stm32f7xx_hal_dma.o
LOAD Drivers\STM32F7xx_HAL_Driver\stm32f7xx_hal_dma2d.o
LOAD Drivers\STM32F7xx_HAL_Driver\stm32f7xx_hal_dma_ex.o
LOAD Drivers\STM32F7xx_HAL_Driver\stm32f7xx_hal_dsi.o
LOAD Drivers\STM32F7xx_HAL_Driver\stm32f7xx_hal_flash.o
LOAD Drivers\STM32F7xx_HAL_Driver\stm32f7xx_hal_flash_ex.o
LOAD Drivers\STM32F7xx_HAL_Driver\stm32f7xx_hal_gpio.o
LOAD Drivers\STM32F7xx_HAL_Driver\stm32f7xx_hal_hcd.o
LOAD Drivers\STM32F7xx_HAL_Driver\stm32f7xx_hal_i2c.o
LOAD Drivers\STM32F7xx_HAL_Driver\stm32f7xx_hal_i2c_ex.o
LOAD Drivers\STM32F7xx_HAL_Driver\stm32f7xx_hal_ltdc.o
LOAD Drivers\STM32F7xx_HAL_Driver\stm32f7xx_hal_ltdc_ex.o
LOAD Drivers\STM32F7xx_HAL_Driver\stm32f7xx_hal_pwr.o
LOAD Drivers\STM32F7xx_HAL_Driver\stm32f7xx_hal_pwr_ex.o
LOAD Drivers\STM32F7xx_HAL_Driver\stm32f7xx_hal_rcc.o
LOAD Drivers\STM32F7xx_HAL_Driver\stm32f7xx_hal_rcc_ex.o
LOAD Drivers\STM32F7xx_HAL_Driver\stm32f7xx_hal_sdram.o
LOAD Drivers\STM32F7xx_HAL_Driver\stm32f7xx_hal_tim.o
LOAD Drivers\STM32F7xx_HAL_Driver\stm32f7xx_hal_tim_ex.o
LOAD Drivers\STM32F7xx_HAL_Driver\stm32f7xx_hal_uart.o
LOAD Drivers\STM32F7xx_HAL_Driver\stm32f7xx_hal_wwdg.o
LOAD Drivers\STM32F7xx_HAL_Driver\stm32f7xx_ll_fmc.o
LOAD Drivers\STM32F7xx_HAL_Driver\stm32f7xx_ll_usb.o
LOAD Middlewares\FatFs\diskio.o
LOAD Middlewares\FatFs\ff.o
LOAD Middlewares\FatFs\ff_gen_drv.o
LOAD Middlewares\FatFs\syscall.o
LOAD Middlewares\FreeRTOS\cmsis_os.o
LOAD Middlewares\FreeRTOS\croutine.o
LOAD Middlewares\FreeRTOS\event_groups.o
LOAD Middlewares\FreeRTOS\heap_3.o
LOAD Middlewares\FreeRTOS\list.o
LOAD Middlewares\FreeRTOS\port.o
LOAD Middlewares\FreeRTOS\queue.o
LOAD Middlewares\FreeRTOS\tasks.o
LOAD Middlewares\FreeRTOS\timers.o
LOAD Middlewares\USB_Host_Library\Core\Src\usbh_core.o
LOAD Middlewares\USB_Host_Library\Core\Src\usbh_ctlreq.o
LOAD Middlewares\USB_Host_Library\Core\Src\usbh_ioreq.o
LOAD Middlewares\USB_Host_Library\Core\Src\usbh_pipes.o
LOAD Middlewares\USB_Host_Library\MSC\Src\usbh_msc.o
LOAD Middlewares\USB_Host_Library\MSC\Src\usbh_msc_bot.o
LOAD Middlewares\USB_Host_Library\MSC\Src\usbh_msc_scsi.o
LOAD Src\MyString.o
LOAD Src\bsp_driver_sdram.o
LOAD Src\fatfs.o
LOAD Src\freertos.o
LOAD Src\functions.o
LOAD Src\main.o
LOAD Src\sdram_diskio.o
LOAD Src\stm32f7xx_hal_msp.o
LOAD Src\stm32f7xx_hal_timebase_TIM.o
LOAD Src\stm32f7xx_it.o
LOAD Src\system_stm32f7xx.o
LOAD Src\usb_host.o
LOAD Src\usbh_conf.o
LOAD startup\startup_stm32f746xx.o
                0x00000080                malloc_getpagesize_P = 0x80
START GROUP
LOAD c:/program files (x86)/atollic/truestudio for stm32 9.0.0/armtools/bin/../lib/gcc/arm-atollic-eabi/6.3.1/../../../../arm-atollic-eabi/lib/armv7e-m/fpu/fpv5-sp-d16\libc_nano.a
LOAD c:/program files (x86)/atollic/truestudio for stm32 9.0.0/armtools/bin/../lib/gcc/arm-atollic-eabi/6.3.1/../../../../arm-atollic-eabi/lib/armv7e-m/fpu/fpv5-sp-d16\libm.a
END GROUP
START GROUP
LOAD c:/program files (x86)/atollic/truestudio for stm32 9.0.0/armtools/bin/../lib/gcc/arm-atollic-eabi/6.3.1/armv7e-m/fpu/fpv5-sp-d16\libgcc.a
LOAD c:/program files (x86)/atollic/truestudio for stm32 9.0.0/armtools/bin/../lib/gcc/arm-atollic-eabi/6.3.1/../../../../arm-atollic-eabi/lib/armv7e-m/fpu/fpv5-sp-d16\libc_nano.a
END GROUP
START GROUP
LOAD c:/program files (x86)/atollic/truestudio for stm32 9.0.0/armtools/bin/../lib/gcc/arm-atollic-eabi/6.3.1/armv7e-m/fpu/fpv5-sp-d16\libgcc.a
LOAD c:/program files (x86)/atollic/truestudio for stm32 9.0.0/armtools/bin/../lib/gcc/arm-atollic-eabi/6.3.1/../../../../arm-atollic-eabi/lib/armv7e-m/fpu/fpv5-sp-d16\libc_nano.a
LOAD c:/program files (x86)/atollic/truestudio for stm32 9.0.0/armtools/bin/../lib/gcc/arm-atollic-eabi/6.3.1/../../../../arm-atollic-eabi/lib/armv7e-m/fpu/fpv5-sp-d16\libnosys.a
END GROUP
START GROUP
LOAD c:/program files (x86)/atollic/truestudio for stm32 9.0.0/armtools/bin/../lib/gcc/arm-atollic-eabi/6.3.1/armv7e-m/fpu/fpv5-sp-d16\libgcc.a
LOAD c:/program files (x86)/atollic/truestudio for stm32 9.0.0/armtools/bin/../lib/gcc/arm-atollic-eabi/6.3.1/../../../../arm-atollic-eabi/lib/armv7e-m/fpu/fpv5-sp-d16\libc_nano.a
LOAD c:/program files (x86)/atollic/truestudio for stm32 9.0.0/armtools/bin/../lib/gcc/arm-atollic-eabi/6.3.1/../../../../arm-atollic-eabi/lib/armv7e-m/fpu/fpv5-sp-d16\libnosys.a
END GROUP
LOAD c:/program files (x86)/atollic/truestudio for stm32 9.0.0/armtools/bin/../lib/gcc/arm-atollic-eabi/6.3.1/armv7e-m/fpu/fpv5-sp-d16/crtend.o
LOAD c:/program files (x86)/atollic/truestudio for stm32 9.0.0/armtools/bin/../lib/gcc/arm-atollic-eabi/6.3.1/armv7e-m/fpu/fpv5-sp-d16/crtn.o
                0x20050000                _estack = 0x20050000
                0x00000200                _Min_Heap_Size = 0x200
                0x00000400                _Min_Stack_Size = 0x400

.isr_vector     0x08000000      0x1c8
                0x08000000                . = ALIGN (0x4)
 *(.isr_vector)
 .isr_vector    0x08000000      0x1c8 startup\startup_stm32f746xx.o
                0x08000000                g_pfnVectors
                0x080001c8                . = ALIGN (0x4)

.text           0x080001d0    0x16a10
                0x080001d0                . = ALIGN (0x4)
 *(.text)
 .text          0x080001d0       0x40 c:/program files (x86)/atollic/truestudio for stm32 9.0.0/armtools/bin/../lib/gcc/arm-atollic-eabi/6.3.1/armv7e-m/fpu/fpv5-sp-d16/crtbegin.o
 .text          0x08000210       0x14 c:/program files (x86)/atollic/truestudio for stm32 9.0.0/armtools/bin/../lib/gcc/arm-atollic-eabi/6.3.1/../../../../arm-atollic-eabi/lib/armv7e-m/fpu/fpv5-sp-d16\libc_nano.a(lib_a-strcmp.o)
                0x08000210                strcmp
 .text          0x08000224       0x10 c:/program files (x86)/atollic/truestudio for stm32 9.0.0/armtools/bin/../lib/gcc/arm-atollic-eabi/6.3.1/../../../../arm-atollic-eabi/lib/armv7e-m/fpu/fpv5-sp-d16\libc_nano.a(lib_a-strlen.o)
                0x08000224                strlen
 *fill*         0x08000234        0xc 
 .text          0x08000240       0xa0 c:/program files (x86)/atollic/truestudio for stm32 9.0.0/armtools/bin/../lib/gcc/arm-atollic-eabi/6.3.1/../../../../arm-atollic-eabi/lib/armv7e-m/fpu/fpv5-sp-d16\libc_nano.a(lib_a-memchr.o)
                0x08000240                memchr
 .text          0x080002e0      0x370 c:/program files (x86)/atollic/truestudio for stm32 9.0.0/armtools/bin/../lib/gcc/arm-atollic-eabi/6.3.1/armv7e-m/fpu/fpv5-sp-d16\libgcc.a(_arm_addsubdf3.o)
                0x080002e0                __aeabi_drsub
                0x080002e8                __aeabi_dsub
                0x080002e8                __subdf3
                0x080002ec                __aeabi_dadd
                0x080002ec                __adddf3
                0x08000564                __floatunsidf
                0x08000564                __aeabi_ui2d
                0x08000584                __floatsidf
                0x08000584                __aeabi_i2d
                0x080005a8                __aeabi_f2d
                0x080005a8                __extendsfdf2
                0x080005e4                __floatundidf
                0x080005e4                __aeabi_ul2d
                0x080005f4                __floatdidf
                0x080005f4                __aeabi_l2d
 .text          0x08000650      0x424 c:/program files (x86)/atollic/truestudio for stm32 9.0.0/armtools/bin/../lib/gcc/arm-atollic-eabi/6.3.1/armv7e-m/fpu/fpv5-sp-d16\libgcc.a(_arm_muldivdf3.o)
                0x08000650                __aeabi_dmul
                0x08000650                __muldf3
                0x080008a4                __divdf3
                0x080008a4                __aeabi_ddiv
 .text          0x08000a74      0x110 c:/program files (x86)/atollic/truestudio for stm32 9.0.0/armtools/bin/../lib/gcc/arm-atollic-eabi/6.3.1/armv7e-m/fpu/fpv5-sp-d16\libgcc.a(_arm_cmpdf2.o)
                0x08000a74                __gtdf2
                0x08000a74                __gedf2
                0x08000a7c                __ltdf2
                0x08000a7c                __ledf2
                0x08000a84                __nedf2
                0x08000a84                __eqdf2
                0x08000a84                __cmpdf2
                0x08000b00                __aeabi_cdrcmple
                0x08000b10                __aeabi_cdcmpeq
                0x08000b10                __aeabi_cdcmple
                0x08000b20                __aeabi_dcmpeq
                0x08000b34                __aeabi_dcmplt
                0x08000b48                __aeabi_dcmple
                0x08000b5c                __aeabi_dcmpge
                0x08000b70                __aeabi_dcmpgt
 .text          0x08000b84       0x2c c:/program files (x86)/atollic/truestudio for stm32 9.0.0/armtools/bin/../lib/gcc/arm-atollic-eabi/6.3.1/armv7e-m/fpu/fpv5-sp-d16\libgcc.a(_arm_unorddf2.o)
                0x08000b84                __unorddf2
                0x08000b84                __aeabi_dcmpun
 .text          0x08000bb0       0x50 c:/program files (x86)/atollic/truestudio for stm32 9.0.0/armtools/bin/../lib/gcc/arm-atollic-eabi/6.3.1/armv7e-m/fpu/fpv5-sp-d16\libgcc.a(_arm_fixdfsi.o)
                0x08000bb0                __aeabi_d2iz
                0x08000bb0                __fixdfsi
 .text          0x08000c00       0x40 c:/program files (x86)/atollic/truestudio for stm32 9.0.0/armtools/bin/../lib/gcc/arm-atollic-eabi/6.3.1/armv7e-m/fpu/fpv5-sp-d16\libgcc.a(_arm_fixunsdfsi.o)
                0x08000c00                __aeabi_d2uiz
                0x08000c00                __fixunsdfsi
 .text          0x08000c40       0xa0 c:/program files (x86)/atollic/truestudio for stm32 9.0.0/armtools/bin/../lib/gcc/arm-atollic-eabi/6.3.1/armv7e-m/fpu/fpv5-sp-d16\libgcc.a(_arm_truncdfsf2.o)
                0x08000c40                __truncdfsf2
                0x08000c40                __aeabi_d2f
 .text          0x08000ce0       0x30 c:/program files (x86)/atollic/truestudio for stm32 9.0.0/armtools/bin/../lib/gcc/arm-atollic-eabi/6.3.1/armv7e-m/fpu/fpv5-sp-d16\libgcc.a(_aeabi_uldivmod.o)
                0x08000ce0                __aeabi_uldivmod
 .text          0x08000d10      0x2dc c:/program files (x86)/atollic/truestudio for stm32 9.0.0/armtools/bin/../lib/gcc/arm-atollic-eabi/6.3.1/armv7e-m/fpu/fpv5-sp-d16\libgcc.a(_udivmoddi4.o)
                0x08000d10                __udivmoddi4
 .text          0x08000fec        0x4 c:/program files (x86)/atollic/truestudio for stm32 9.0.0/armtools/bin/../lib/gcc/arm-atollic-eabi/6.3.1/armv7e-m/fpu/fpv5-sp-d16\libgcc.a(_dvmd_tls.o)
                0x08000fec                __aeabi_idiv0
                0x08000fec                __aeabi_ldiv0
 *(.text*)
 .text.BSP_LCD_Init
                0x08000ff0       0xe0 Drivers\BSP\STM32746G-Discovery\stm32746g_discovery_lcd.o
                0x08000ff0                BSP_LCD_Init
 .text.BSP_LCD_GetXSize
                0x080010d0       0x28 Drivers\BSP\STM32746G-Discovery\stm32746g_discovery_lcd.o
                0x080010d0                BSP_LCD_GetXSize
 .text.BSP_LCD_GetYSize
                0x080010f8       0x28 Drivers\BSP\STM32746G-Discovery\stm32746g_discovery_lcd.o
                0x080010f8                BSP_LCD_GetYSize
 .text.BSP_LCD_LayerDefaultInit
                0x08001120       0xc0 Drivers\BSP\STM32746G-Discovery\stm32746g_discovery_lcd.o
                0x08001120                BSP_LCD_LayerDefaultInit
 .text.BSP_LCD_SelectLayer
                0x080011e0       0x20 Drivers\BSP\STM32746G-Discovery\stm32746g_discovery_lcd.o
                0x080011e0                BSP_LCD_SelectLayer
 .text.BSP_LCD_SetTextColor
                0x08001200       0x30 Drivers\BSP\STM32746G-Discovery\stm32746g_discovery_lcd.o
                0x08001200                BSP_LCD_SetTextColor
 .text.BSP_LCD_SetBackColor
                0x08001230       0x34 Drivers\BSP\STM32746G-Discovery\stm32746g_discovery_lcd.o
                0x08001230                BSP_LCD_SetBackColor
 .text.BSP_LCD_SetFont
                0x08001264       0x34 Drivers\BSP\STM32746G-Discovery\stm32746g_discovery_lcd.o
                0x08001264                BSP_LCD_SetFont
 .text.BSP_LCD_GetFont
                0x08001298       0x2c Drivers\BSP\STM32746G-Discovery\stm32746g_discovery_lcd.o
                0x08001298                BSP_LCD_GetFont
 .text.BSP_LCD_Clear
                0x080012c4       0x50 Drivers\BSP\STM32746G-Discovery\stm32746g_discovery_lcd.o
                0x080012c4                BSP_LCD_Clear
 .text.BSP_LCD_ClearStringLine
                0x08001314       0xc8 Drivers\BSP\STM32746G-Discovery\stm32746g_discovery_lcd.o
                0x08001314                BSP_LCD_ClearStringLine
 .text.BSP_LCD_DisplayChar
                0x080013dc       0x88 Drivers\BSP\STM32746G-Discovery\stm32746g_discovery_lcd.o
                0x080013dc                BSP_LCD_DisplayChar
 .text.BSP_LCD_DisplayStringAt
                0x08001464      0x188 Drivers\BSP\STM32746G-Discovery\stm32746g_discovery_lcd.o
                0x08001464                BSP_LCD_DisplayStringAt
 .text.BSP_LCD_DisplayStringAtLine
                0x080015ec       0x2e Drivers\BSP\STM32746G-Discovery\stm32746g_discovery_lcd.o
                0x080015ec                BSP_LCD_DisplayStringAtLine
 *fill*         0x0800161a        0x2 
 .text.BSP_LCD_DrawPixel
                0x0800161c       0x90 Drivers\BSP\STM32746G-Discovery\stm32746g_discovery_lcd.o
                0x0800161c                BSP_LCD_DrawPixel
 .text.BSP_LCD_FillRect
                0x080016ac       0xf4 Drivers\BSP\STM32746G-Discovery\stm32746g_discovery_lcd.o
                0x080016ac                BSP_LCD_FillRect
 .text.BSP_LCD_DisplayOn
                0x080017a0       0x3c Drivers\BSP\STM32746G-Discovery\stm32746g_discovery_lcd.o
                0x080017a0                BSP_LCD_DisplayOn
 .text.BSP_LCD_MspInit
                0x080017dc      0x1b4 Drivers\BSP\STM32746G-Discovery\stm32746g_discovery_lcd.o
                0x080017dc                BSP_LCD_MspInit
 .text.BSP_LCD_ClockConfig
                0x08001990       0x38 Drivers\BSP\STM32746G-Discovery\stm32746g_discovery_lcd.o
                0x08001990                BSP_LCD_ClockConfig
 .text.DrawChar
                0x080019c8      0x170 Drivers\BSP\STM32746G-Discovery\stm32746g_discovery_lcd.o
 .text.LL_FillBuffer
                0x08001b38       0x98 Drivers\BSP\STM32746G-Discovery\stm32746g_discovery_lcd.o
 .text.HAL_Init
                0x08001bd0       0x38 Drivers\STM32F7xx_HAL_Driver\stm32f7xx_hal.o
                0x08001bd0                HAL_Init
 .text.HAL_IncTick
                0x08001c08       0x28 Drivers\STM32F7xx_HAL_Driver\stm32f7xx_hal.o
                0x08001c08                HAL_IncTick
 .text.HAL_GetTick
                0x08001c30       0x18 Drivers\STM32F7xx_HAL_Driver\stm32f7xx_hal.o
                0x08001c30                HAL_GetTick
 .text.HAL_Delay
                0x08001c48       0x44 Drivers\STM32F7xx_HAL_Driver\stm32f7xx_hal.o
                0x08001c48                HAL_Delay
 .text.HAL_ADC_Init
                0x08001c8c       0x88 Drivers\STM32F7xx_HAL_Driver\stm32f7xx_hal_adc.o
                0x08001c8c                HAL_ADC_Init
 .text.HAL_ADC_Start
                0x08001d14      0x148 Drivers\STM32F7xx_HAL_Driver\stm32f7xx_hal_adc.o
                0x08001d14                HAL_ADC_Start
 .text.HAL_ADC_GetValue
                0x08001e5c       0x1a Drivers\STM32F7xx_HAL_Driver\stm32f7xx_hal_adc.o
                0x08001e5c                HAL_ADC_GetValue
 *fill*         0x08001e76        0x2 
 .text.HAL_ADC_ConfigChannel
                0x08001e78      0x26c Drivers\STM32F7xx_HAL_Driver\stm32f7xx_hal_adc.o
                0x08001e78                HAL_ADC_ConfigChannel
 .text.ADC_Init
                0x080020e4      0x1f0 Drivers\STM32F7xx_HAL_Driver\stm32f7xx_hal_adc.o
 .text.NVIC_SetPriorityGrouping
                0x080022d4       0x48 Drivers\STM32F7xx_HAL_Driver\stm32f7xx_hal_cortex.o
 .text.NVIC_GetPriorityGrouping
                0x0800231c       0x1c Drivers\STM32F7xx_HAL_Driver\stm32f7xx_hal_cortex.o
 .text.NVIC_EnableIRQ
                0x08002338       0x34 Drivers\STM32F7xx_HAL_Driver\stm32f7xx_hal_cortex.o
 .text.NVIC_SetPriority
                0x0800236c       0x54 Drivers\STM32F7xx_HAL_Driver\stm32f7xx_hal_cortex.o
 .text.NVIC_EncodePriority
                0x080023c0       0x62 Drivers\STM32F7xx_HAL_Driver\stm32f7xx_hal_cortex.o
 *fill*         0x08002422        0x2 
 .text.SysTick_Config
                0x08002424       0x44 Drivers\STM32F7xx_HAL_Driver\stm32f7xx_hal_cortex.o
 .text.HAL_NVIC_SetPriorityGrouping
                0x08002468       0x16 Drivers\STM32F7xx_HAL_Driver\stm32f7xx_hal_cortex.o
                0x08002468                HAL_NVIC_SetPriorityGrouping
 .text.HAL_NVIC_SetPriority
                0x0800247e       0x38 Drivers\STM32F7xx_HAL_Driver\stm32f7xx_hal_cortex.o
                0x0800247e                HAL_NVIC_SetPriority
 .text.HAL_NVIC_EnableIRQ
                0x080024b6       0x1c Drivers\STM32F7xx_HAL_Driver\stm32f7xx_hal_cortex.o
                0x080024b6                HAL_NVIC_EnableIRQ
 .text.HAL_SYSTICK_Config
                0x080024d2       0x18 Drivers\STM32F7xx_HAL_Driver\stm32f7xx_hal_cortex.o
                0x080024d2                HAL_SYSTICK_Config
 *fill*         0x080024ea        0x2 
 .text.HAL_SYSTICK_CLKSourceConfig
                0x080024ec       0x38 Drivers\STM32F7xx_HAL_Driver\stm32f7xx_hal_cortex.o
                0x080024ec                HAL_SYSTICK_CLKSourceConfig
 .text.HAL_CRC_Init
                0x08002524       0xc8 Drivers\STM32F7xx_HAL_Driver\stm32f7xx_hal_crc.o
                0x08002524                HAL_CRC_Init
 .text.HAL_CRCEx_Polynomial_Set
                0x080025ec       0xf4 Drivers\STM32F7xx_HAL_Driver\stm32f7xx_hal_crc_ex.o
                0x080025ec                HAL_CRCEx_Polynomial_Set
 .text.HAL_DMA_Init
                0x080026e0      0x15c Drivers\STM32F7xx_HAL_Driver\stm32f7xx_hal_dma.o
                0x080026e0                HAL_DMA_Init
 .text.HAL_DMA_IRQHandler
                0x0800283c      0x314 Drivers\STM32F7xx_HAL_Driver\stm32f7xx_hal_dma.o
                0x0800283c                HAL_DMA_IRQHandler
 .text.DMA_CalcBaseAndBitshift
                0x08002b50       0x6c Drivers\STM32F7xx_HAL_Driver\stm32f7xx_hal_dma.o
 .text.DMA_CheckFifoParam
                0x08002bbc       0xf4 Drivers\STM32F7xx_HAL_Driver\stm32f7xx_hal_dma.o
 .text.HAL_DMA2D_Init
                0x08002cb0       0x94 Drivers\STM32F7xx_HAL_Driver\stm32f7xx_hal_dma2d.o
                0x08002cb0                HAL_DMA2D_Init
 .text.HAL_DMA2D_Start
                0x08002d44       0x56 Drivers\STM32F7xx_HAL_Driver\stm32f7xx_hal_dma2d.o
                0x08002d44                HAL_DMA2D_Start
 .text.HAL_DMA2D_PollForTransfer
                0x08002d9a      0x1d0 Drivers\STM32F7xx_HAL_Driver\stm32f7xx_hal_dma2d.o
                0x08002d9a                HAL_DMA2D_PollForTransfer
 *fill*         0x08002f6a        0x2 
 .text.HAL_DMA2D_ConfigLayer
                0x08002f6c      0x128 Drivers\STM32F7xx_HAL_Driver\stm32f7xx_hal_dma2d.o
                0x08002f6c                HAL_DMA2D_ConfigLayer
 .text.DMA2D_SetConfig
                0x08003094      0x14c Drivers\STM32F7xx_HAL_Driver\stm32f7xx_hal_dma2d.o
 .text.HAL_GPIO_Init
                0x080031e0      0x354 Drivers\STM32F7xx_HAL_Driver\stm32f7xx_hal_gpio.o
                0x080031e0                HAL_GPIO_Init
 .text.HAL_GPIO_WritePin
                0x08003534       0x32 Drivers\STM32F7xx_HAL_Driver\stm32f7xx_hal_gpio.o
                0x08003534                HAL_GPIO_WritePin
 .text.HAL_HCD_Init
                0x08003566       0x98 Drivers\STM32F7xx_HAL_Driver\stm32f7xx_hal_hcd.o
                0x08003566                HAL_HCD_Init
 .text.HAL_HCD_HC_Init
                0x080035fe      0x122 Drivers\STM32F7xx_HAL_Driver\stm32f7xx_hal_hcd.o
                0x080035fe                HAL_HCD_HC_Init
 .text.HAL_HCD_HC_Halt
                0x08003720       0x46 Drivers\STM32F7xx_HAL_Driver\stm32f7xx_hal_hcd.o
                0x08003720                HAL_HCD_HC_Halt
 *fill*         0x08003766        0x2 
 .text.HAL_HCD_HC_SubmitRequest
                0x08003768      0x2cc Drivers\STM32F7xx_HAL_Driver\stm32f7xx_hal_hcd.o
                0x08003768                HAL_HCD_HC_SubmitRequest
 .text.HAL_HCD_IRQHandler
                0x08003a34      0x204 Drivers\STM32F7xx_HAL_Driver\stm32f7xx_hal_hcd.o
                0x08003a34                HAL_HCD_IRQHandler
 .text.HAL_HCD_Start
                0x08003c38       0x46 Drivers\STM32F7xx_HAL_Driver\stm32f7xx_hal_hcd.o
                0x08003c38                HAL_HCD_Start
 .text.HAL_HCD_Stop
                0x08003c7e       0x3a Drivers\STM32F7xx_HAL_Driver\stm32f7xx_hal_hcd.o
                0x08003c7e                HAL_HCD_Stop
 .text.HAL_HCD_ResetPort
                0x08003cb8       0x1c Drivers\STM32F7xx_HAL_Driver\stm32f7xx_hal_hcd.o
                0x08003cb8                HAL_HCD_ResetPort
 .text.HAL_HCD_HC_GetURBState
                0x08003cd4       0x2a Drivers\STM32F7xx_HAL_Driver\stm32f7xx_hal_hcd.o
                0x08003cd4                HAL_HCD_HC_GetURBState
 .text.HAL_HCD_HC_GetXferCount
                0x08003cfe       0x2a Drivers\STM32F7xx_HAL_Driver\stm32f7xx_hal_hcd.o
                0x08003cfe                HAL_HCD_HC_GetXferCount
 .text.HAL_HCD_GetCurrentFrame
                0x08003d28       0x1c Drivers\STM32F7xx_HAL_Driver\stm32f7xx_hal_hcd.o
                0x08003d28                HAL_HCD_GetCurrentFrame
 .text.HAL_HCD_GetCurrentSpeed
                0x08003d44       0x1c Drivers\STM32F7xx_HAL_Driver\stm32f7xx_hal_hcd.o
                0x08003d44                HAL_HCD_GetCurrentSpeed
 .text.HCD_HC_IN_IRQHandler
                0x08003d60      0x724 Drivers\STM32F7xx_HAL_Driver\stm32f7xx_hal_hcd.o
 .text.HCD_HC_OUT_IRQHandler
                0x08004484      0x6b8 Drivers\STM32F7xx_HAL_Driver\stm32f7xx_hal_hcd.o
 .text.HCD_RXQLVL_IRQHandler
                0x08004b3c      0x164 Drivers\STM32F7xx_HAL_Driver\stm32f7xx_hal_hcd.o
 .text.HCD_Port_IRQHandler
                0x08004ca0      0x112 Drivers\STM32F7xx_HAL_Driver\stm32f7xx_hal_hcd.o
 *fill*         0x08004db2        0x2 
 .text.HAL_I2C_Init
                0x08004db4      0x11c Drivers\STM32F7xx_HAL_Driver\stm32f7xx_hal_i2c.o
                0x08004db4                HAL_I2C_Init
 .text.HAL_I2CEx_ConfigAnalogFilter
                0x08004ed0       0x96 Drivers\STM32F7xx_HAL_Driver\stm32f7xx_hal_i2c_ex.o
                0x08004ed0                HAL_I2CEx_ConfigAnalogFilter
 .text.HAL_I2CEx_ConfigDigitalFilter
                0x08004f66       0x9c Drivers\STM32F7xx_HAL_Driver\stm32f7xx_hal_i2c_ex.o
                0x08004f66                HAL_I2CEx_ConfigDigitalFilter
 *fill*         0x08005002        0x2 
 .text.HAL_LTDC_Init
                0x08005004      0x1b8 Drivers\STM32F7xx_HAL_Driver\stm32f7xx_hal_ltdc.o
                0x08005004                HAL_LTDC_Init
 .text.HAL_LTDC_ConfigLayer
                0x080051bc       0x7c Drivers\STM32F7xx_HAL_Driver\stm32f7xx_hal_ltdc.o
                0x080051bc                HAL_LTDC_ConfigLayer
 .text.HAL_LTDC_GetState
                0x08005238       0x1c Drivers\STM32F7xx_HAL_Driver\stm32f7xx_hal_ltdc.o
                0x08005238                HAL_LTDC_GetState
 .text.LTDC_SetConfig
                0x08005254      0x350 Drivers\STM32F7xx_HAL_Driver\stm32f7xx_hal_ltdc.o
 .text.HAL_PWREx_EnableOverDrive
                0x080055a4       0xa0 Drivers\STM32F7xx_HAL_Driver\stm32f7xx_hal_pwr_ex.o
                0x080055a4                HAL_PWREx_EnableOverDrive
 .text.HAL_RCC_OscConfig
                0x08005644      0x4e0 Drivers\STM32F7xx_HAL_Driver\stm32f7xx_hal_rcc.o
                0x08005644                HAL_RCC_OscConfig
 .text.HAL_RCC_ClockConfig
                0x08005b24      0x1d0 Drivers\STM32F7xx_HAL_Driver\stm32f7xx_hal_rcc.o
                0x08005b24                HAL_RCC_ClockConfig
 .text.HAL_RCC_GetSysClockFreq
                0x08005cf4      0x16c Drivers\STM32F7xx_HAL_Driver\stm32f7xx_hal_rcc.o
                0x08005cf4                HAL_RCC_GetSysClockFreq
 .text.HAL_RCC_GetHCLKFreq
                0x08005e60       0x18 Drivers\STM32F7xx_HAL_Driver\stm32f7xx_hal_rcc.o
                0x08005e60                HAL_RCC_GetHCLKFreq
 .text.HAL_RCC_GetPCLK1Freq
                0x08005e78       0x28 Drivers\STM32F7xx_HAL_Driver\stm32f7xx_hal_rcc.o
                0x08005e78                HAL_RCC_GetPCLK1Freq
 .text.HAL_RCC_GetPCLK2Freq
                0x08005ea0       0x28 Drivers\STM32F7xx_HAL_Driver\stm32f7xx_hal_rcc.o
                0x08005ea0                HAL_RCC_GetPCLK2Freq
 .text.HAL_RCC_GetClockConfig
                0x08005ec8       0x64 Drivers\STM32F7xx_HAL_Driver\stm32f7xx_hal_rcc.o
                0x08005ec8                HAL_RCC_GetClockConfig
 .text.HAL_RCCEx_PeriphCLKConfig
                0x08005f2c      0x7dc Drivers\STM32F7xx_HAL_Driver\stm32f7xx_hal_rcc_ex.o
                0x08005f2c                HAL_RCCEx_PeriphCLKConfig
 .text.HAL_SDRAM_Init
                0x08006708       0x68 Drivers\STM32F7xx_HAL_Driver\stm32f7xx_hal_sdram.o
                0x08006708                HAL_SDRAM_Init
 .text.HAL_SDRAM_Read_32b
                0x08006770       0x7e Drivers\STM32F7xx_HAL_Driver\stm32f7xx_hal_sdram.o
                0x08006770                HAL_SDRAM_Read_32b
 .text.HAL_SDRAM_Write_32b
                0x080067ee       0x86 Drivers\STM32F7xx_HAL_Driver\stm32f7xx_hal_sdram.o
                0x080067ee                HAL_SDRAM_Write_32b
 .text.HAL_SDRAM_SendCommand
                0x08006874       0x56 Drivers\STM32F7xx_HAL_Driver\stm32f7xx_hal_sdram.o
                0x08006874                HAL_SDRAM_SendCommand
 .text.HAL_TIM_Base_Init
                0x080068ca       0x56 Drivers\STM32F7xx_HAL_Driver\stm32f7xx_hal_tim.o
                0x080068ca                HAL_TIM_Base_Init
 .text.HAL_TIM_Base_Start_IT
                0x08006920       0x36 Drivers\STM32F7xx_HAL_Driver\stm32f7xx_hal_tim.o
                0x08006920                HAL_TIM_Base_Start_IT
 .text.HAL_TIM_IRQHandler
                0x08006956      0x23e Drivers\STM32F7xx_HAL_Driver\stm32f7xx_hal_tim.o
                0x08006956                HAL_TIM_IRQHandler
 .text.HAL_TIM_ConfigClockSource
                0x08006b94      0x1c0 Drivers\STM32F7xx_HAL_Driver\stm32f7xx_hal_tim.o
                0x08006b94                HAL_TIM_ConfigClockSource
 .text.HAL_TIM_OC_DelayElapsedCallback
                0x08006d54       0x14 Drivers\STM32F7xx_HAL_Driver\stm32f7xx_hal_tim.o
                0x08006d54                HAL_TIM_OC_DelayElapsedCallback
 .text.HAL_TIM_IC_CaptureCallback
                0x08006d68       0x14 Drivers\STM32F7xx_HAL_Driver\stm32f7xx_hal_tim.o
                0x08006d68                HAL_TIM_IC_CaptureCallback
 .text.HAL_TIM_PWM_PulseFinishedCallback
                0x08006d7c       0x14 Drivers\STM32F7xx_HAL_Driver\stm32f7xx_hal_tim.o
                0x08006d7c                HAL_TIM_PWM_PulseFinishedCallback
 .text.HAL_TIM_TriggerCallback
                0x08006d90       0x14 Drivers\STM32F7xx_HAL_Driver\stm32f7xx_hal_tim.o
                0x08006d90                HAL_TIM_TriggerCallback
 .text.TIM_Base_SetConfig
                0x08006da4      0x160 Drivers\STM32F7xx_HAL_Driver\stm32f7xx_hal_tim.o
                0x08006da4                TIM_Base_SetConfig
 .text.TIM_TI1_ConfigInputStage
                0x08006f04       0x66 Drivers\STM32F7xx_HAL_Driver\stm32f7xx_hal_tim.o
 .text.TIM_TI2_ConfigInputStage
                0x08006f6a       0x68 Drivers\STM32F7xx_HAL_Driver\stm32f7xx_hal_tim.o
 .text.TIM_ITRx_SetConfig
                0x08006fd2       0x40 Drivers\STM32F7xx_HAL_Driver\stm32f7xx_hal_tim.o
 .text.TIM_ETR_SetConfig
                0x08007012       0x44 Drivers\STM32F7xx_HAL_Driver\stm32f7xx_hal_tim.o
                0x08007012                TIM_ETR_SetConfig
 *fill*         0x08007056        0x2 
 .text.HAL_TIMEx_MasterConfigSynchronization
                0x08007058       0xa8 Drivers\STM32F7xx_HAL_Driver\stm32f7xx_hal_tim_ex.o
                0x08007058                HAL_TIMEx_MasterConfigSynchronization
 .text.HAL_TIMEx_CommutationCallback
                0x08007100       0x14 Drivers\STM32F7xx_HAL_Driver\stm32f7xx_hal_tim_ex.o
                0x08007100                HAL_TIMEx_CommutationCallback
 .text.HAL_TIMEx_BreakCallback
                0x08007114       0x14 Drivers\STM32F7xx_HAL_Driver\stm32f7xx_hal_tim_ex.o
                0x08007114                HAL_TIMEx_BreakCallback
 .text.HAL_UART_Init
                0x08007128       0xa2 Drivers\STM32F7xx_HAL_Driver\stm32f7xx_hal_uart.o
                0x08007128                HAL_UART_Init
 .text.HAL_UART_Transmit
                0x080071ca      0x116 Drivers\STM32F7xx_HAL_Driver\stm32f7xx_hal_uart.o
                0x080071ca                HAL_UART_Transmit
 .text.HAL_UART_Receive
                0x080072e0      0x184 Drivers\STM32F7xx_HAL_Driver\stm32f7xx_hal_uart.o
                0x080072e0                HAL_UART_Receive
 .text.UART_WaitOnFlagUntilTimeout
                0x08007464       0x94 Drivers\STM32F7xx_HAL_Driver\stm32f7xx_hal_uart.o
                0x08007464                UART_WaitOnFlagUntilTimeout
 .text.UART_SetConfig
                0x080074f8      0x4dc Drivers\STM32F7xx_HAL_Driver\stm32f7xx_hal_uart.o
                0x080074f8                UART_SetConfig
 .text.UART_AdvFeatureConfig
                0x080079d4      0x144 Drivers\STM32F7xx_HAL_Driver\stm32f7xx_hal_uart.o
                0x080079d4                UART_AdvFeatureConfig
 .text.UART_CheckIdleState
                0x08007b18       0x66 Drivers\STM32F7xx_HAL_Driver\stm32f7xx_hal_uart.o
                0x08007b18                UART_CheckIdleState
 *fill*         0x08007b7e        0x2 
 .text.FMC_SDRAM_Init
                0x08007b80       0xe4 Drivers\STM32F7xx_HAL_Driver\stm32f7xx_ll_fmc.o
                0x08007b80                FMC_SDRAM_Init
 .text.FMC_SDRAM_Timing_Init
                0x08007c64      0x100 Drivers\STM32F7xx_HAL_Driver\stm32f7xx_ll_fmc.o
                0x08007c64                FMC_SDRAM_Timing_Init
 .text.FMC_SDRAM_SendCommand
                0x08007d64       0x42 Drivers\STM32F7xx_HAL_Driver\stm32f7xx_ll_fmc.o
                0x08007d64                FMC_SDRAM_SendCommand
 *fill*         0x08007da6        0x2 
 .text.USB_CoreInit
                0x08007da8       0xa4 Drivers\STM32F7xx_HAL_Driver\stm32f7xx_ll_usb.o
                0x08007da8                USB_CoreInit
 .text.USB_EnableGlobalInt
                0x08007e4c       0x22 Drivers\STM32F7xx_HAL_Driver\stm32f7xx_ll_usb.o
                0x08007e4c                USB_EnableGlobalInt
 .text.USB_DisableGlobalInt
                0x08007e6e       0x22 Drivers\STM32F7xx_HAL_Driver\stm32f7xx_ll_usb.o
                0x08007e6e                USB_DisableGlobalInt
 .text.USB_SetCurrentMode
                0x08007e90       0x4e Drivers\STM32F7xx_HAL_Driver\stm32f7xx_ll_usb.o
                0x08007e90                USB_SetCurrentMode
 *fill*         0x08007ede        0x2 
 .text.USB_FlushTxFifo
                0x08007ee0       0x4c Drivers\STM32F7xx_HAL_Driver\stm32f7xx_ll_usb.o
                0x08007ee0                USB_FlushTxFifo
 .text.USB_FlushRxFifo
                0x08007f2c       0x44 Drivers\STM32F7xx_HAL_Driver\stm32f7xx_ll_usb.o
                0x08007f2c                USB_FlushRxFifo
 .text.USB_WritePacket
                0x08007f70       0x70 Drivers\STM32F7xx_HAL_Driver\stm32f7xx_ll_usb.o
                0x08007f70                USB_WritePacket
 .text.USB_ReadPacket
                0x08007fe0       0x54 Drivers\STM32F7xx_HAL_Driver\stm32f7xx_ll_usb.o
                0x08007fe0                USB_ReadPacket
 .text.USB_ReadInterrupts
                0x08008034       0x2a Drivers\STM32F7xx_HAL_Driver\stm32f7xx_ll_usb.o
                0x08008034                USB_ReadInterrupts
 .text.USB_GetMode
                0x0800805e       0x1c Drivers\STM32F7xx_HAL_Driver\stm32f7xx_ll_usb.o
                0x0800805e                USB_GetMode
 *fill*         0x0800807a        0x2 
 .text.USB_CoreReset
                0x0800807c       0x68 Drivers\STM32F7xx_HAL_Driver\stm32f7xx_ll_usb.o
 .text.USB_HostInit
                0x080080e4      0x140 Drivers\STM32F7xx_HAL_Driver\stm32f7xx_ll_usb.o
                0x080080e4                USB_HostInit
 .text.USB_InitFSLSPClkSel
                0x08008224       0x74 Drivers\STM32F7xx_HAL_Driver\stm32f7xx_ll_usb.o
                0x08008224                USB_InitFSLSPClkSel
 .text.USB_ResetPort
                0x08008298       0x50 Drivers\STM32F7xx_HAL_Driver\stm32f7xx_ll_usb.o
                0x08008298                USB_ResetPort
 .text.USB_DriveVbus
                0x080082e8       0x6e Drivers\STM32F7xx_HAL_Driver\stm32f7xx_ll_usb.o
                0x080082e8                USB_DriveVbus
 .text.USB_GetHostSpeed
                0x08008356       0x26 Drivers\STM32F7xx_HAL_Driver\stm32f7xx_ll_usb.o
                0x08008356                USB_GetHostSpeed
 .text.USB_GetCurrentFrame
                0x0800837c       0x1e Drivers\STM32F7xx_HAL_Driver\stm32f7xx_ll_usb.o
                0x0800837c                USB_GetCurrentFrame
 *fill*         0x0800839a        0x2 
 .text.USB_HC_Init
                0x0800839c      0x1f8 Drivers\STM32F7xx_HAL_Driver\stm32f7xx_ll_usb.o
                0x0800839c                USB_HC_Init
 .text.USB_HC_StartXfer
                0x08008594      0x2a8 Drivers\STM32F7xx_HAL_Driver\stm32f7xx_ll_usb.o
                0x08008594                USB_HC_StartXfer
 .text.USB_HC_ReadInterrupt
                0x0800883c       0x1e Drivers\STM32F7xx_HAL_Driver\stm32f7xx_ll_usb.o
                0x0800883c                USB_HC_ReadInterrupt
 .text.USB_HC_Halt
                0x0800885a      0x214 Drivers\STM32F7xx_HAL_Driver\stm32f7xx_ll_usb.o
                0x0800885a                USB_HC_Halt
 *fill*         0x08008a6e        0x2 
 .text.USB_DoPing
                0x08008a70       0x78 Drivers\STM32F7xx_HAL_Driver\stm32f7xx_ll_usb.o
                0x08008a70                USB_DoPing
 .text.USB_StopHost
                0x08008ae8      0x108 Drivers\STM32F7xx_HAL_Driver\stm32f7xx_ll_usb.o
                0x08008ae8                USB_StopHost
 .text.disk_status
                0x08008bf0       0x34 Middlewares\FatFs\diskio.o
                0x08008bf0                disk_status
 .text.disk_initialize
                0x08008c24       0x4c Middlewares\FatFs\diskio.o
                0x08008c24                disk_initialize
 .text.disk_read
                0x08008c70       0x40 Middlewares\FatFs\diskio.o
                0x08008c70                disk_read
 .text.disk_write
                0x08008cb0       0x40 Middlewares\FatFs\diskio.o
                0x08008cb0                disk_write
 .text.disk_ioctl
                0x08008cf0       0x3c Middlewares\FatFs\diskio.o
                0x08008cf0                disk_ioctl
 .text.ld_word  0x08008d2c       0x30 Middlewares\FatFs\ff.o
 .text.ld_dword
                0x08008d5c       0x46 Middlewares\FatFs\ff.o
 .text.st_word  0x08008da2       0x36 Middlewares\FatFs\ff.o
 .text.st_dword
                0x08008dd8       0x58 Middlewares\FatFs\ff.o
 .text.mem_cpy  0x08008e30       0x42 Middlewares\FatFs\ff.o
 .text.mem_set  0x08008e72       0x34 Middlewares\FatFs\ff.o
 .text.mem_cmp  0x08008ea6       0x4e Middlewares\FatFs\ff.o
 .text.chk_chr  0x08008ef4       0x36 Middlewares\FatFs\ff.o
 .text.lock_fs  0x08008f2a       0x2c Middlewares\FatFs\ff.o
 .text.unlock_fs
                0x08008f56       0x36 Middlewares\FatFs\ff.o
 .text.chk_lock
                0x08008f8c       0xb8 Middlewares\FatFs\ff.o
 .text.enq_lock
                0x08009044       0x44 Middlewares\FatFs\ff.o
 .text.inc_lock
                0x08009088      0x11c Middlewares\FatFs\ff.o
 .text.dec_lock
                0x080091a4       0x78 Middlewares\FatFs\ff.o
 .text.clear_lock
                0x0800921c       0x48 Middlewares\FatFs\ff.o
 .text.sync_window
                0x08009264       0x88 Middlewares\FatFs\ff.o
 .text.move_window
                0x080092ec       0x5a Middlewares\FatFs\ff.o
 *fill*         0x08009346        0x2 
 .text.sync_fs  0x08009348       0xdc Middlewares\FatFs\ff.o
 .text.clust2sect
                0x08009424       0x3e Middlewares\FatFs\ff.o
 .text.get_fat  0x08009462      0x14a Middlewares\FatFs\ff.o
 .text.put_fat  0x080095ac      0x1ce Middlewares\FatFs\ff.o
 .text.remove_chain
                0x0800977a       0xca Middlewares\FatFs\ff.o
 .text.create_chain
                0x08009844      0x130 Middlewares\FatFs\ff.o
 .text.clmt_clust
                0x08009974       0x68 Middlewares\FatFs\ff.o
 .text.dir_sdi  0x080099dc       0xf6 Middlewares\FatFs\ff.o
 .text.dir_next
                0x08009ad2      0x18a Middlewares\FatFs\ff.o
 .text.dir_alloc
                0x08009c5c       0x8e Middlewares\FatFs\ff.o
 .text.ld_clust
                0x08009cea       0x3e Middlewares\FatFs\ff.o
 .text.st_clust
                0x08009d28       0x40 Middlewares\FatFs\ff.o
 .text.dir_read
                0x08009d68       0xba Middlewares\FatFs\ff.o
 .text.dir_find
                0x08009e22       0xaa Middlewares\FatFs\ff.o
 .text.dir_register
                0x08009ecc       0x64 Middlewares\FatFs\ff.o
 .text.get_fileinfo
                0x08009f30       0xbe Middlewares\FatFs\ff.o
 *fill*         0x08009fee        0x2 
 .text.create_name
                0x08009ff0      0x128 Middlewares\FatFs\ff.o
 .text.follow_path
                0x0800a118       0xe2 Middlewares\FatFs\ff.o
 .text.get_ldnumber
                0x0800a1fa       0x88 Middlewares\FatFs\ff.o
 *fill*         0x0800a282        0x2 
 .text.check_fs
                0x0800a284       0xac Middlewares\FatFs\ff.o
 .text.find_volume
                0x0800a330      0x4a8 Middlewares\FatFs\ff.o
 .text.validate
                0x0800a7d8       0x7c Middlewares\FatFs\ff.o
 .text.f_mount  0x0800a854       0xc8 Middlewares\FatFs\ff.o
                0x0800a854                f_mount
 .text.f_open   0x0800a91c      0x38a Middlewares\FatFs\ff.o
                0x0800a91c                f_open
 .text.f_read   0x0800aca6      0x2dc Middlewares\FatFs\ff.o
                0x0800aca6                f_read
 .text.f_write  0x0800af82      0x348 Middlewares\FatFs\ff.o
                0x0800af82                f_write
 .text.f_sync   0x0800b2ca      0x112 Middlewares\FatFs\ff.o
                0x0800b2ca                f_sync
 .text.f_close  0x0800b3dc       0x5e Middlewares\FatFs\ff.o
                0x0800b3dc                f_close
 .text.f_opendir
                0x0800b43a       0xf2 Middlewares\FatFs\ff.o
                0x0800b43a                f_opendir
 .text.f_closedir
                0x0800b52c       0x56 Middlewares\FatFs\ff.o
                0x0800b52c                f_closedir
 .text.f_readdir
                0x0800b582       0x86 Middlewares\FatFs\ff.o
                0x0800b582                f_readdir
 .text.f_getfree
                0x0800b608      0x178 Middlewares\FatFs\ff.o
                0x0800b608                f_getfree
 .text.f_mkfs   0x0800b780      0x858 Middlewares\FatFs\ff.o
                0x0800b780                f_mkfs
 .text.FATFS_LinkDriverEx
                0x0800bfd8       0x98 Middlewares\FatFs\ff_gen_drv.o
                0x0800bfd8                FATFS_LinkDriverEx
 .text.FATFS_LinkDriver
                0x0800c070       0x1e Middlewares\FatFs\ff_gen_drv.o
                0x0800c070                FATFS_LinkDriver
 *fill*         0x0800c08e        0x2 
 .text.FATFS_UnLinkDriverEx
                0x0800c090       0x70 Middlewares\FatFs\ff_gen_drv.o
                0x0800c090                FATFS_UnLinkDriverEx
 .text.FATFS_UnLinkDriver
                0x0800c100       0x1a Middlewares\FatFs\ff_gen_drv.o
                0x0800c100                FATFS_UnLinkDriver
 .text.ff_cre_syncobj
                0x0800c11a       0x3c Middlewares\FatFs\syscall.o
                0x0800c11a                ff_cre_syncobj
 .text.ff_del_syncobj
                0x0800c156       0x18 Middlewares\FatFs\syscall.o
                0x0800c156                ff_del_syncobj
 .text.ff_req_grant
                0x0800c16e       0x2a Middlewares\FatFs\syscall.o
                0x0800c16e                ff_req_grant
 .text.ff_rel_grant
                0x0800c198       0x16 Middlewares\FatFs\syscall.o
                0x0800c198                ff_rel_grant
 .text.makeFreeRtosPriority
                0x0800c1ae       0x30 Middlewares\FreeRTOS\cmsis_os.o
 .text.inHandlerMode
                0x0800c1de       0x24 Middlewares\FreeRTOS\cmsis_os.o
 .text.osKernelStart
                0x0800c202        0xe Middlewares\FreeRTOS\cmsis_os.o
                0x0800c202                osKernelStart
 .text.osThreadCreate
                0x0800c210       0x4e Middlewares\FreeRTOS\cmsis_os.o
                0x0800c210                osThreadCreate
 .text.osDelay  0x0800c25e       0x28 Middlewares\FreeRTOS\cmsis_os.o
                0x0800c25e                osDelay
 .text.osSemaphoreCreate
                0x0800c286       0x3c Middlewares\FreeRTOS\cmsis_os.o
                0x0800c286                osSemaphoreCreate
 *fill*         0x0800c2c2        0x2 
 .text.osSemaphoreWait
                0x0800c2c4       0xa0 Middlewares\FreeRTOS\cmsis_os.o
                0x0800c2c4                osSemaphoreWait
 .text.osSemaphoreRelease
                0x0800c364       0x6c Middlewares\FreeRTOS\cmsis_os.o
                0x0800c364                osSemaphoreRelease
 .text.osSemaphoreDelete
                0x0800c3d0       0x26 Middlewares\FreeRTOS\cmsis_os.o
                0x0800c3d0                osSemaphoreDelete
 .text.osMessageCreate
                0x0800c3f6       0x24 Middlewares\FreeRTOS\cmsis_os.o
                0x0800c3f6                osMessageCreate
 *fill*         0x0800c41a        0x2 
 .text.osMessagePut
                0x0800c41c       0x80 Middlewares\FreeRTOS\cmsis_os.o
                0x0800c41c                osMessagePut
 .text.osMessageGet
                0x0800c49c       0xe8 Middlewares\FreeRTOS\cmsis_os.o
                0x0800c49c                osMessageGet
 .text.osSystickHandler
                0x0800c584       0x16 Middlewares\FreeRTOS\cmsis_os.o
                0x0800c584                osSystickHandler
 .text.pvPortMalloc
                0x0800c59a       0x24 Middlewares\FreeRTOS\heap_3.o
                0x0800c59a                pvPortMalloc
 .text.vPortFree
                0x0800c5be       0x24 Middlewares\FreeRTOS\heap_3.o
                0x0800c5be                vPortFree
 .text.vListInitialise
                0x0800c5e2       0x40 Middlewares\FreeRTOS\list.o
                0x0800c5e2                vListInitialise
 .text.vListInitialiseItem
                0x0800c622       0x1a Middlewares\FreeRTOS\list.o
                0x0800c622                vListInitialiseItem
 .text.vListInsertEnd
                0x0800c63c       0x48 Middlewares\FreeRTOS\list.o
                0x0800c63c                vListInsertEnd
 .text.vListInsert
                0x0800c684       0x72 Middlewares\FreeRTOS\list.o
                0x0800c684                vListInsert
 .text.uxListRemove
                0x0800c6f6       0x54 Middlewares\FreeRTOS\list.o
                0x0800c6f6                uxListRemove
 *fill*         0x0800c74a        0x2 
 .text.pxPortInitialiseStack
                0x0800c74c       0x68 Middlewares\FreeRTOS\port.o
                0x0800c74c                pxPortInitialiseStack
 .text.prvTaskExitError
                0x0800c7b4       0x44 Middlewares\FreeRTOS\port.o
 *fill*         0x0800c7f8        0x8 
 .text.SVC_Handler
                0x0800c800       0x28 Middlewares\FreeRTOS\port.o
                0x0800c800                SVC_Handler
 .text.prvPortStartFirstTask
                0x0800c828       0x20 Middlewares\FreeRTOS\port.o
 .text.xPortStartScheduler
                0x0800c848       0xd0 Middlewares\FreeRTOS\port.o
                0x0800c848                xPortStartScheduler
 .text.vPortEnterCritical
                0x0800c918       0x64 Middlewares\FreeRTOS\port.o
                0x0800c918                vPortEnterCritical
 .text.vPortExitCritical
                0x0800c97c       0x54 Middlewares\FreeRTOS\port.o
                0x0800c97c                vPortExitCritical
 .text.PendSV_Handler
                0x0800c9d0       0x68 Middlewares\FreeRTOS\port.o
                0x0800c9d0                PendSV_Handler
 .text.xPortSysTickHandler
                0x0800ca38       0x44 Middlewares\FreeRTOS\port.o
                0x0800ca38                xPortSysTickHandler
 .text.vPortSetupTimerInterrupt
                0x0800ca7c       0x38 Middlewares\FreeRTOS\port.o
                0x0800ca7c                vPortSetupTimerInterrupt
 .text.vPortEnableVFP
                0x0800cab4       0x14 Middlewares\FreeRTOS\port.o
 .text.vPortValidateInterruptPriority
                0x0800cac8       0x84 Middlewares\FreeRTOS\port.o
                0x0800cac8                vPortValidateInterruptPriority
 .text.xQueueGenericReset
                0x0800cb4c       0xd4 Middlewares\FreeRTOS\queue.o
                0x0800cb4c                xQueueGenericReset
 .text.xQueueGenericCreate
                0x0800cc20       0x76 Middlewares\FreeRTOS\queue.o
                0x0800cc20                xQueueGenericCreate
 .text.prvInitialiseNewQueue
                0x0800cc96       0x3e Middlewares\FreeRTOS\queue.o
 .text.xQueueGenericSend
                0x0800ccd4      0x204 Middlewares\FreeRTOS\queue.o
                0x0800ccd4                xQueueGenericSend
 .text.xQueueGenericSendFromISR
                0x0800ced8      0x138 Middlewares\FreeRTOS\queue.o
                0x0800ced8                xQueueGenericSendFromISR
 .text.xQueueGiveFromISR
                0x0800d010      0x122 Middlewares\FreeRTOS\queue.o
                0x0800d010                xQueueGiveFromISR
 *fill*         0x0800d132        0x2 
 .text.xQueueGenericReceive
                0x0800d134      0x230 Middlewares\FreeRTOS\queue.o
                0x0800d134                xQueueGenericReceive
 .text.xQueueReceiveFromISR
                0x0800d364      0x106 Middlewares\FreeRTOS\queue.o
                0x0800d364                xQueueReceiveFromISR
 .text.vQueueDelete
                0x0800d46a       0x3e Middlewares\FreeRTOS\queue.o
                0x0800d46a                vQueueDelete
 .text.prvCopyDataToQueue
                0x0800d4a8       0xd4 Middlewares\FreeRTOS\queue.o
 .text.prvCopyDataFromQueue
                0x0800d57c       0x4c Middlewares\FreeRTOS\queue.o
 .text.prvUnlockQueue
                0x0800d5c8       0xa4 Middlewares\FreeRTOS\queue.o
 .text.prvIsQueueEmpty
                0x0800d66c       0x2c Middlewares\FreeRTOS\queue.o
 .text.prvIsQueueFull
                0x0800d698       0x30 Middlewares\FreeRTOS\queue.o
 .text.vQueueUnregisterQueue
                0x0800d6c8       0x54 Middlewares\FreeRTOS\queue.o
                0x0800d6c8                vQueueUnregisterQueue
 .text.xTaskCreate
                0x0800d71c       0x82 Middlewares\FreeRTOS\tasks.o
                0x0800d71c                xTaskCreate
 .text.prvInitialiseNewTask
                0x0800d79e      0x100 Middlewares\FreeRTOS\tasks.o
 *fill*         0x0800d89e        0x2 
 .text.prvAddNewTaskToReadyList
                0x0800d8a0       0xd4 Middlewares\FreeRTOS\tasks.o
 .text.vTaskDelay
                0x0800d974       0x6c Middlewares\FreeRTOS\tasks.o
                0x0800d974                vTaskDelay
 .text.vTaskStartScheduler
                0x0800d9e0       0x94 Middlewares\FreeRTOS\tasks.o
                0x0800d9e0                vTaskStartScheduler
 .text.vTaskSuspendAll
                0x0800da74       0x1c Middlewares\FreeRTOS\tasks.o
                0x0800da74                vTaskSuspendAll
 .text.xTaskResumeAll
                0x0800da90      0x13c Middlewares\FreeRTOS\tasks.o
                0x0800da90                xTaskResumeAll
 .text.xTaskIncrementTick
                0x0800dbcc      0x17c Middlewares\FreeRTOS\tasks.o
                0x0800dbcc                xTaskIncrementTick
 .text.vTaskSwitchContext
                0x0800dd48       0xb8 Middlewares\FreeRTOS\tasks.o
                0x0800dd48                vTaskSwitchContext
 .text.vTaskPlaceOnEventList
                0x0800de00       0x4c Middlewares\FreeRTOS\tasks.o
                0x0800de00                vTaskPlaceOnEventList
 .text.xTaskRemoveFromEventList
                0x0800de4c       0xc8 Middlewares\FreeRTOS\tasks.o
                0x0800de4c                xTaskRemoveFromEventList
 .text.vTaskSetTimeOutState
                0x0800df14       0x4c Middlewares\FreeRTOS\tasks.o
                0x0800df14                vTaskSetTimeOutState
 .text.xTaskCheckForTimeOut
                0x0800df60       0xc4 Middlewares\FreeRTOS\tasks.o
                0x0800df60                xTaskCheckForTimeOut
 .text.vTaskMissedYield
                0x0800e024       0x18 Middlewares\FreeRTOS\tasks.o
                0x0800e024                vTaskMissedYield
 .text.prvIdleTask
                0x0800e03c       0x30 Middlewares\FreeRTOS\tasks.o
 .text.prvInitialiseTaskLists
                0x0800e06c       0x80 Middlewares\FreeRTOS\tasks.o
 .text.prvCheckTasksWaitingTermination
                0x0800e0ec       0x78 Middlewares\FreeRTOS\tasks.o
 .text.prvDeleteTCB
                0x0800e164       0x20 Middlewares\FreeRTOS\tasks.o
 .text.prvResetNextTaskUnblockTime
                0x0800e184       0x4c Middlewares\FreeRTOS\tasks.o
 .text.xTaskGetSchedulerState
                0x0800e1d0       0x3c Middlewares\FreeRTOS\tasks.o
                0x0800e1d0                xTaskGetSchedulerState
 .text.vTaskPriorityInherit
                0x0800e20c       0xec Middlewares\FreeRTOS\tasks.o
                0x0800e20c                vTaskPriorityInherit
 .text.xTaskPriorityDisinherit
                0x0800e2f8      0x110 Middlewares\FreeRTOS\tasks.o
                0x0800e2f8                xTaskPriorityDisinherit
 .text.pvTaskIncrementMutexHeldCount
                0x0800e408       0x28 Middlewares\FreeRTOS\tasks.o
                0x0800e408                pvTaskIncrementMutexHeldCount
 .text.prvAddCurrentTaskToDelayedList
                0x0800e430       0xcc Middlewares\FreeRTOS\tasks.o
 .text.USBH_Init
                0x0800e4fc       0xa4 Middlewares\USB_Host_Library\Core\Src\usbh_core.o
                0x0800e4fc                USBH_Init
 .text.DeInitStateMachine
                0x0800e5a0       0x94 Middlewares\USB_Host_Library\Core\Src\usbh_core.o
 .text.USBH_RegisterClass
                0x0800e634       0x54 Middlewares\USB_Host_Library\Core\Src\usbh_core.o
                0x0800e634                USBH_RegisterClass
 .text.USBH_SelectInterface
                0x0800e688       0x38 Middlewares\USB_Host_Library\Core\Src\usbh_core.o
                0x0800e688                USBH_SelectInterface
 .text.USBH_FindInterface
                0x0800e6c0       0x96 Middlewares\USB_Host_Library\Core\Src\usbh_core.o
                0x0800e6c0                USBH_FindInterface
 .text.USBH_Start
                0x0800e756       0x20 Middlewares\USB_Host_Library\Core\Src\usbh_core.o
                0x0800e756                USBH_Start
 *fill*         0x0800e776        0x2 
 .text.USBH_Process
                0x0800e778      0x2e4 Middlewares\USB_Host_Library\Core\Src\usbh_core.o
                0x0800e778                USBH_Process
 .text.USBH_HandleEnum
                0x0800ea5c      0x274 Middlewares\USB_Host_Library\Core\Src\usbh_core.o
 .text.USBH_LL_SetTimer
                0x0800ecd0       0x1e Middlewares\USB_Host_Library\Core\Src\usbh_core.o
                0x0800ecd0                USBH_LL_SetTimer
 .text.USBH_LL_IncTimer
                0x0800ecee       0x24 Middlewares\USB_Host_Library\Core\Src\usbh_core.o
                0x0800ecee                USBH_LL_IncTimer
 .text.USBH_HandleSof
                0x0800ed12       0x30 Middlewares\USB_Host_Library\Core\Src\usbh_core.o
 .text.USBH_LL_Connect
                0x0800ed42       0x5c Middlewares\USB_Host_Library\Core\Src\usbh_core.o
                0x0800ed42                USBH_LL_Connect
 .text.USBH_LL_Disconnect
                0x0800ed9e       0x6a Middlewares\USB_Host_Library\Core\Src\usbh_core.o
                0x0800ed9e                USBH_LL_Disconnect
 .text.USBH_Process_OS
                0x0800ee08       0x2a Middlewares\USB_Host_Library\Core\Src\usbh_core.o
 .text.USBH_LL_NotifyURBChange
                0x0800ee32       0x22 Middlewares\USB_Host_Library\Core\Src\usbh_core.o
                0x0800ee32                USBH_LL_NotifyURBChange
 .text.USBH_Get_DevDesc
                0x0800ee54       0x50 Middlewares\USB_Host_Library\Core\Src\usbh_ctlreq.o
                0x0800ee54                USBH_Get_DevDesc
 .text.USBH_Get_CfgDesc
                0x0800eea4       0x48 Middlewares\USB_Host_Library\Core\Src\usbh_ctlreq.o
                0x0800eea4                USBH_Get_CfgDesc
 .text.USBH_Get_StringDesc
                0x0800eeec       0x56 Middlewares\USB_Host_Library\Core\Src\usbh_ctlreq.o
                0x0800eeec                USBH_Get_StringDesc
 .text.USBH_GetDescriptor
                0x0800ef42       0x6a Middlewares\USB_Host_Library\Core\Src\usbh_ctlreq.o
                0x0800ef42                USBH_GetDescriptor
 .text.USBH_SetAddress
                0x0800efac       0x48 Middlewares\USB_Host_Library\Core\Src\usbh_ctlreq.o
                0x0800efac                USBH_SetAddress
 .text.USBH_SetCfg
                0x0800eff4       0x46 Middlewares\USB_Host_Library\Core\Src\usbh_ctlreq.o
                0x0800eff4                USBH_SetCfg
 .text.USBH_ClrFeature
                0x0800f03a       0x48 Middlewares\USB_Host_Library\Core\Src\usbh_ctlreq.o
                0x0800f03a                USBH_ClrFeature
 .text.USBH_ParseDevDesc
                0x0800f082       0xe0 Middlewares\USB_Host_Library\Core\Src\usbh_ctlreq.o
 .text.USBH_ParseCfgDesc
                0x0800f162      0x14c Middlewares\USB_Host_Library\Core\Src\usbh_ctlreq.o
 .text.USBH_ParseInterfaceDesc
                0x0800f2ae       0x5e Middlewares\USB_Host_Library\Core\Src\usbh_ctlreq.o
 .text.USBH_ParseEPDesc
                0x0800f30c       0x5a Middlewares\USB_Host_Library\Core\Src\usbh_ctlreq.o
 .text.USBH_ParseStringDesc
                0x0800f366       0x66 Middlewares\USB_Host_Library\Core\Src\usbh_ctlreq.o
 .text.USBH_GetNextDesc
                0x0800f3cc       0x36 Middlewares\USB_Host_Library\Core\Src\usbh_ctlreq.o
                0x0800f3cc                USBH_GetNextDesc
 .text.USBH_CtlReq
                0x0800f402       0x8c Middlewares\USB_Host_Library\Core\Src\usbh_ctlreq.o
                0x0800f402                USBH_CtlReq
 *fill*         0x0800f48e        0x2 
 .text.USBH_HandleControl
                0x0800f490      0x3c0 Middlewares\USB_Host_Library\Core\Src\usbh_ctlreq.o
 .text.USBH_CtlSendSetup
                0x0800f850       0x34 Middlewares\USB_Host_Library\Core\Src\usbh_ioreq.o
                0x0800f850                USBH_CtlSendSetup
 .text.USBH_CtlSendData
                0x0800f884       0x4a Middlewares\USB_Host_Library\Core\Src\usbh_ioreq.o
                0x0800f884                USBH_CtlSendData
 .text.USBH_CtlReceiveData
                0x0800f8ce       0x3c Middlewares\USB_Host_Library\Core\Src\usbh_ioreq.o
                0x0800f8ce                USBH_CtlReceiveData
 .text.USBH_BulkSendData
                0x0800f90a       0x4a Middlewares\USB_Host_Library\Core\Src\usbh_ioreq.o
                0x0800f90a                USBH_BulkSendData
 .text.USBH_BulkReceiveData
                0x0800f954       0x3c Middlewares\USB_Host_Library\Core\Src\usbh_ioreq.o
                0x0800f954                USBH_BulkReceiveData
 .text.USBH_OpenPipe
                0x0800f990       0x3e Middlewares\USB_Host_Library\Core\Src\usbh_pipes.o
                0x0800f990                USBH_OpenPipe
 .text.USBH_ClosePipe
                0x0800f9ce       0x20 Middlewares\USB_Host_Library\Core\Src\usbh_pipes.o
                0x0800f9ce                USBH_ClosePipe
 .text.USBH_AllocPipe
                0x0800f9ee       0x40 Middlewares\USB_Host_Library\Core\Src\usbh_pipes.o
                0x0800f9ee                USBH_AllocPipe
 .text.USBH_FreePipe
                0x0800fa2e       0x3e Middlewares\USB_Host_Library\Core\Src\usbh_pipes.o
                0x0800fa2e                USBH_FreePipe
 .text.USBH_GetFreePipe
                0x0800fa6c       0x48 Middlewares\USB_Host_Library\Core\Src\usbh_pipes.o
 .text.USBH_MSC_InterfaceInit
                0x0800fab4      0x254 Middlewares\USB_Host_Library\MSC\Src\usbh_msc.o
 .text.USBH_MSC_InterfaceDeInit
                0x0800fd08       0x8c Middlewares\USB_Host_Library\MSC\Src\usbh_msc.o
 .text.USBH_MSC_ClassRequest
                0x0800fd94       0xbe Middlewares\USB_Host_Library\MSC\Src\usbh_msc.o
 *fill*         0x0800fe52        0x2 
 .text.USBH_MSC_Process
                0x0800fe54      0x53c Middlewares\USB_Host_Library\MSC\Src\usbh_msc.o
 .text.USBH_MSC_SOFProcess
                0x08010390       0x16 Middlewares\USB_Host_Library\MSC\Src\usbh_msc.o
 .text.USBH_MSC_BOT_REQ_Reset
                0x080103a6       0x3a Middlewares\USB_Host_Library\MSC\Src\usbh_msc_bot.o
                0x080103a6                USBH_MSC_BOT_REQ_Reset
 .text.USBH_MSC_BOT_REQ_GetMaxLUN
                0x080103e0       0x3c Middlewares\USB_Host_Library\MSC\Src\usbh_msc_bot.o
                0x080103e0                USBH_MSC_BOT_REQ_GetMaxLUN
 .text.USBH_MSC_BOT_Init
                0x0801041c       0x44 Middlewares\USB_Host_Library\MSC\Src\usbh_msc_bot.o
                0x0801041c                USBH_MSC_BOT_Init
 .text.USBH_MSC_BOT_Process
                0x08010460      0x444 Middlewares\USB_Host_Library\MSC\Src\usbh_msc_bot.o
                0x08010460                USBH_MSC_BOT_Process
 .text.USBH_MSC_BOT_Abort
                0x080108a4       0x58 Middlewares\USB_Host_Library\MSC\Src\usbh_msc_bot.o
 .text.USBH_MSC_DecodeCSW
                0x080108fc       0x88 Middlewares\USB_Host_Library\MSC\Src\usbh_msc_bot.o
 .text.USBH_MSC_SCSI_TestUnitReady
                0x08010984       0x86 Middlewares\USB_Host_Library\MSC\Src\usbh_msc_scsi.o
                0x08010984                USBH_MSC_SCSI_TestUnitReady
 .text.USBH_MSC_SCSI_ReadCapacity
                0x08010a0a       0xf8 Middlewares\USB_Host_Library\MSC\Src\usbh_msc_scsi.o
                0x08010a0a                USBH_MSC_SCSI_ReadCapacity
 .text.USBH_MSC_SCSI_Inquiry
                0x08010b02      0x144 Middlewares\USB_Host_Library\MSC\Src\usbh_msc_scsi.o
                0x08010b02                USBH_MSC_SCSI_Inquiry
 .text.USBH_MSC_SCSI_RequestSense
                0x08010c46       0xf2 Middlewares\USB_Host_Library\MSC\Src\usbh_msc_scsi.o
                0x08010c46                USBH_MSC_SCSI_RequestSense
 .text.String_GetString
                0x08010d38      0x140 Src\MyString.o
                0x08010d38                String_GetString
 .text.String_PutStringN
                0x08010e78       0x38 Src\MyString.o
                0x08010e78                String_PutStringN
 .text.String_PutByte
                0x08010eb0       0x28 Src\MyString.o
                0x08010eb0                String_PutByte
 .text.String_GetByte
                0x08010ed8       0x24 Src\MyString.o
                0x08010ed8                String_GetByte
 .text.BSP_SDRAM_Init
                0x08010efc       0x18 Src\bsp_driver_sdram.o
                0x08010efc                BSP_SDRAM_Init
 .text.BSP_SDRAM_ReadData
                0x08010f14       0x34 Src\bsp_driver_sdram.o
                0x08010f14                BSP_SDRAM_ReadData
 .text.BSP_SDRAM_WriteData
                0x08010f48       0x34 Src\bsp_driver_sdram.o
                0x08010f48                BSP_SDRAM_WriteData
 .text.BSP_SDRAM_Initialization_Sequence
                0x08010f7c       0xbc Src\bsp_driver_sdram.o
                0x08010f7c                BSP_SDRAM_Initialization_Sequence
 .text.MX_FATFS_Init
                0x08011038       0x24 Src\fatfs.o
                0x08011038                MX_FATFS_Init
 .text.get_fattime
                0x0801105c       0x10 Src\fatfs.o
                0x0801105c                get_fattime
 .text.initArray
                0x0801106c       0x30 Src\functions.o
                0x0801106c                initArray
 .text.insertArray
                0x0801109c       0x36 Src\functions.o
                0x0801109c                insertArray
 .text.freeArray
                0x080110d2       0x2e Src\functions.o
                0x080110d2                freeArray
 .text.string_parser
                0x08011100      0x14e Src\functions.o
                0x08011100                string_parser
 .text.PlotData
                0x0801124e       0x22 Src\functions.o
                0x0801124e                PlotData
 .text.InitScreen
                0x08011270       0x30 Src\functions.o
                0x08011270                InitScreen
 .text.LCDWrite
                0x080112a0       0x36 Src\functions.o
                0x080112a0                LCDWrite
 *fill*         0x080112d6        0x2 
 .text.CountDown
                0x080112d8       0x80 Src\functions.o
                0x080112d8                CountDown
 .text.scan_files
                0x08011358       0xc0 Src\functions.o
                0x08011358                scan_files
 .text.SamplePoints
                0x08011418       0x6c Src\functions.o
                0x08011418                SamplePoints
 .text.AvgAndPlotPoints
                0x08011484      0x138 Src\functions.o
                0x08011484                AvgAndPlotPoints
 .text.WriteData2FS
                0x080115bc      0x13c Src\functions.o
                0x080115bc                WriteData2FS
 .text.DirList  0x080116f8      0x114 Src\functions.o
                0x080116f8                DirList
 .text.SCB_EnableICache
                0x0801180c       0x38 Src\main.o
 .text.SCB_EnableDCache
                0x08011844       0x80 Src\main.o
 *fill*         0x080118c4        0x4 
 .text.main     0x080118c8      0x6c8 Src\main.o
                0x080118c8                main
 .text.SystemClock_Config
                0x08011f90      0x15c Src\main.o
                0x08011f90                SystemClock_Config
 .text.MX_ADC3_Init
                0x080120ec       0xa4 Src\main.o
 .text.MX_CRC_Init
                0x08012190       0x50 Src\main.o
 .text.MX_DMA2D_Init
                0x080121e0       0x74 Src\main.o
 .text.MX_I2C3_Init
                0x08012254       0x94 Src\main.o
 .text.MX_LTDC_Init
                0x080122e8      0x104 Src\main.o
 .text.MX_TIM2_Init
                0x080123ec       0x98 Src\main.o
 .text.MX_TIM3_Init
                0x08012484       0x98 Src\main.o
 .text.MX_USART1_UART_Init
                0x0801251c       0x68 Src\main.o
 .text.MX_WWDG_Init
                0x08012584       0x38 Src\main.o
 .text.MX_DMA_Init
                0x080125bc      0x120 Src\main.o
 .text.MX_FMC_Init
                0x080126dc       0x98 Src\main.o
 .text.MX_GPIO_Init
                0x08012774      0x638 Src\main.o
 .text.__io_putchar
                0x08012dac       0x2c Src\main.o
                0x08012dac                __io_putchar
 .text._write   0x08012dd8       0x38 Src\main.o
                0x08012dd8                _write
 .text.__io_getchar
                0x08012e10       0x30 Src\main.o
                0x08012e10                __io_getchar
 .text._read    0x08012e40       0x3a Src\main.o
                0x08012e40                _read
 .text.StartDefaultTask
                0x08012e7a       0x18 Src\main.o
                0x08012e7a                StartDefaultTask
 *fill*         0x08012e92        0x2 
 .text.HAL_TIM_PeriodElapsedCallback
                0x08012e94       0x24 Src\main.o
                0x08012e94                HAL_TIM_PeriodElapsedCallback
 .text._Error_Handler
                0x08012eb8       0x20 Src\main.o
                0x08012eb8                _Error_Handler
 .text.SDRAMDISK_initialize
                0x08012ed8       0x3c Src\sdram_diskio.o
                0x08012ed8                SDRAMDISK_initialize
 .text.SDRAMDISK_status
                0x08012f14       0x20 Src\sdram_diskio.o
                0x08012f14                SDRAMDISK_status
 .text.SDRAMDISK_read
                0x08012f34       0x48 Src\sdram_diskio.o
                0x08012f34                SDRAMDISK_read
 .text.SDRAMDISK_write
                0x08012f7c       0x48 Src\sdram_diskio.o
                0x08012f7c                SDRAMDISK_write
 .text.SDRAMDISK_ioctl
                0x08012fc4       0x8c Src\sdram_diskio.o
                0x08012fc4                SDRAMDISK_ioctl
 .text.HAL_MspInit
                0x08013050       0x62 Src\stm32f7xx_hal_msp.o
                0x08013050                HAL_MspInit
 *fill*         0x080130b2        0x2 
 .text.HAL_ADC_MspInit
                0x080130b4       0xe8 Src\stm32f7xx_hal_msp.o
                0x080130b4                HAL_ADC_MspInit
 .text.HAL_CRC_MspInit
                0x0801319c       0x40 Src\stm32f7xx_hal_msp.o
                0x0801319c                HAL_CRC_MspInit
 .text.HAL_DMA2D_MspInit
                0x080131dc       0x40 Src\stm32f7xx_hal_msp.o
                0x080131dc                HAL_DMA2D_MspInit
 .text.HAL_I2C_MspInit
                0x0801321c       0x60 Src\stm32f7xx_hal_msp.o
                0x0801321c                HAL_I2C_MspInit
 .text.HAL_LTDC_MspInit
                0x0801327c       0xf4 Src\stm32f7xx_hal_msp.o
                0x0801327c                HAL_LTDC_MspInit
 .text.HAL_TIM_Base_MspInit
                0x08013370       0x84 Src\stm32f7xx_hal_msp.o
                0x08013370                HAL_TIM_Base_MspInit
 .text.HAL_UART_MspInit
                0x080133f4       0x84 Src\stm32f7xx_hal_msp.o
                0x080133f4                HAL_UART_MspInit
 .text.HAL_FMC_MspInit
                0x08013478      0x114 Src\stm32f7xx_hal_msp.o
 .text.HAL_SDRAM_MspInit
                0x0801358c       0x14 Src\stm32f7xx_hal_msp.o
                0x0801358c                HAL_SDRAM_MspInit
 .text.HAL_InitTick
                0x080135a0       0xb0 Src\stm32f7xx_hal_timebase_TIM.o
                0x080135a0                HAL_InitTick
 .text.SysTick_Handler
                0x08013650        0xc Src\stm32f7xx_it.o
                0x08013650                SysTick_Handler
 .text.TIM1_UP_TIM10_IRQHandler
                0x0801365c       0x14 Src\stm32f7xx_it.o
                0x0801365c                TIM1_UP_TIM10_IRQHandler
 .text.DMA2_Stream0_IRQHandler
                0x08013670       0x14 Src\stm32f7xx_it.o
                0x08013670                DMA2_Stream0_IRQHandler
 .text.OTG_HS_IRQHandler
                0x08013684       0x14 Src\stm32f7xx_it.o
                0x08013684                OTG_HS_IRQHandler
 .text.SystemInit
                0x08013698       0x6c Src\system_stm32f7xx.o
                0x08013698                SystemInit
 .text.MX_USB_HOST_Init
                0x08013704       0x2c Src\usb_host.o
                0x08013704                MX_USB_HOST_Init
 .text.USBH_UserProcess
                0x08013730       0x5c Src\usb_host.o
 .text.HAL_HCD_MspInit
                0x0801378c       0xf4 Src\usbh_conf.o
                0x0801378c                HAL_HCD_MspInit
 .text.HAL_HCD_SOF_Callback
                0x08013880       0x1c Src\usbh_conf.o
                0x08013880                HAL_HCD_SOF_Callback
 .text.HAL_HCD_Connect_Callback
                0x0801389c       0x1c Src\usbh_conf.o
                0x0801389c                HAL_HCD_Connect_Callback
 .text.HAL_HCD_Disconnect_Callback
                0x080138b8       0x1c Src\usbh_conf.o
                0x080138b8                HAL_HCD_Disconnect_Callback
 .text.HAL_HCD_HC_NotifyURBChange_Callback
                0x080138d4       0x24 Src\usbh_conf.o
                0x080138d4                HAL_HCD_HC_NotifyURBChange_Callback
 .text.USBH_LL_Init
                0x080138f8       0x90 Src\usbh_conf.o
                0x080138f8                USBH_LL_Init
 .text.USBH_LL_Start
                0x08013988       0x64 Src\usbh_conf.o
                0x08013988                USBH_LL_Start
 .text.USBH_LL_Stop
                0x080139ec       0x64 Src\usbh_conf.o
                0x080139ec                USBH_LL_Stop
 .text.USBH_LL_GetSpeed
                0x08013a50       0x4a Src\usbh_conf.o
                0x08013a50                USBH_LL_GetSpeed
 *fill*         0x08013a9a        0x2 
 .text.USBH_LL_ResetPort
                0x08013a9c       0x64 Src\usbh_conf.o
                0x08013a9c                USBH_LL_ResetPort
 .text.USBH_LL_GetLastXferSize
                0x08013b00       0x26 Src\usbh_conf.o
                0x08013b00                USBH_LL_GetLastXferSize
 *fill*         0x08013b26        0x2 
 .text.USBH_LL_OpenPipe
                0x08013b28       0x8c Src\usbh_conf.o
                0x08013b28                USBH_LL_OpenPipe
 .text.USBH_LL_ClosePipe
                0x08013bb4       0x6c Src\usbh_conf.o
                0x08013bb4                USBH_LL_ClosePipe
 .text.USBH_LL_SubmitURB
                0x08013c20       0x90 Src\usbh_conf.o
                0x08013c20                USBH_LL_SubmitURB
 .text.USBH_LL_GetURBState
                0x08013cb0       0x26 Src\usbh_conf.o
                0x08013cb0                USBH_LL_GetURBState
 .text.USBH_LL_DriverVBUS
                0x08013cd6       0x1c Src\usbh_conf.o
                0x08013cd6                USBH_LL_DriverVBUS
 .text.USBH_LL_SetToggle
                0x08013cf2       0x66 Src\usbh_conf.o
                0x08013cf2                USBH_LL_SetToggle
 .text.USBH_LL_GetToggle
                0x08013d58       0x66 Src\usbh_conf.o
                0x08013d58                USBH_LL_GetToggle
 .text.USBH_Delay
                0x08013dbe       0x16 Src\usbh_conf.o
                0x08013dbe                USBH_Delay
 .text.Reset_Handler
                0x08013dd4       0x50 startup\startup_stm32f746xx.o
                0x08013dd4                Reset_Handler
 .text.Default_Handler
                0x08013e24        0x2 startup\startup_stm32f746xx.o
                0x08013e24                RTC_Alarm_IRQHandler
                0x08013e24                EXTI2_IRQHandler
                0x08013e24                TIM8_CC_IRQHandler
                0x08013e24                DebugMon_Handler
                0x08013e24                UART8_IRQHandler
                0x08013e24                SPI4_IRQHandler
                0x08013e24                TIM1_CC_IRQHandler
                0x08013e24                DMA2_Stream5_IRQHandler
                0x08013e24                HardFault_Handler
                0x08013e24                DMA1_Stream5_IRQHandler
                0x08013e24                PVD_IRQHandler
                0x08013e24                TAMP_STAMP_IRQHandler
                0x08013e24                NMI_Handler
                0x08013e24                CAN2_RX1_IRQHandler
                0x08013e24                EXTI3_IRQHandler
                0x08013e24                TIM8_TRG_COM_TIM14_IRQHandler
                0x08013e24                TIM8_UP_TIM13_IRQHandler
                0x08013e24                I2C3_ER_IRQHandler
                0x08013e24                EXTI0_IRQHandler
                0x08013e24                I2C2_EV_IRQHandler
                0x08013e24                DMA1_Stream2_IRQHandler
                0x08013e24                CAN1_RX0_IRQHandler
                0x08013e24                FPU_IRQHandler
                0x08013e24                OTG_HS_WKUP_IRQHandler
                0x08013e24                UsageFault_Handler
                0x08013e24                LTDC_ER_IRQHandler
                0x08013e24                CAN2_SCE_IRQHandler
                0x08013e24                DMA2_Stream2_IRQHandler
                0x08013e24                SPI1_IRQHandler
                0x08013e24                TIM6_DAC_IRQHandler
                0x08013e24                TIM1_BRK_TIM9_IRQHandler
                0x08013e24                DCMI_IRQHandler
                0x08013e24                CAN2_RX0_IRQHandler
                0x08013e24                DMA2_Stream3_IRQHandler
                0x08013e24                SAI2_IRQHandler
                0x08013e24                USART6_IRQHandler
                0x08013e24                USART3_IRQHandler
                0x08013e24                CAN1_RX1_IRQHandler
                0x08013e24                UART5_IRQHandler
                0x08013e24                TIM4_IRQHandler
                0x08013e24                QUADSPI_IRQHandler
                0x08013e24                I2C1_EV_IRQHandler
                0x08013e24                DMA1_Stream6_IRQHandler
                0x08013e24                DMA1_Stream1_IRQHandler
                0x08013e24                UART4_IRQHandler
                0x08013e24                TIM3_IRQHandler
                0x08013e24                RCC_IRQHandler
                0x08013e24                TIM8_BRK_TIM12_IRQHandler
                0x08013e24                Default_Handler
                0x08013e24                CEC_IRQHandler
                0x08013e24                EXTI15_10_IRQHandler
                0x08013e24                ADC_IRQHandler
                0x08013e24                DMA1_Stream7_IRQHandler
                0x08013e24                SPI5_IRQHandler
                0x08013e24                TIM7_IRQHandler
                0x08013e24                SDMMC1_IRQHandler
                0x08013e24                CAN2_TX_IRQHandler
                0x08013e24                TIM5_IRQHandler
                0x08013e24                DMA2_Stream7_IRQHandler
                0x08013e24                I2C3_EV_IRQHandler
                0x08013e24                EXTI9_5_IRQHandler
                0x08013e24                RTC_WKUP_IRQHandler
                0x08013e24                LTDC_IRQHandler
                0x08013e24                ETH_WKUP_IRQHandler
                0x08013e24                SPDIF_RX_IRQHandler
                0x08013e24                SPI2_IRQHandler
                0x08013e24                OTG_HS_EP1_IN_IRQHandler
                0x08013e24                MemManage_Handler
                0x08013e24                DMA1_Stream0_IRQHandler
                0x08013e24                CAN1_TX_IRQHandler
                0x08013e24                EXTI4_IRQHandler
                0x08013e24                RNG_IRQHandler
                0x08013e24                ETH_IRQHandler
                0x08013e24                OTG_HS_EP1_OUT_IRQHandler
                0x08013e24                WWDG_IRQHandler
                0x08013e24                SPI6_IRQHandler
                0x08013e24                I2C4_EV_IRQHandler
                0x08013e24                TIM2_IRQHandler
                0x08013e24                OTG_FS_WKUP_IRQHandler
                0x08013e24                TIM1_TRG_COM_TIM11_IRQHandler
                0x08013e24                DMA2D_IRQHandler
                0x08013e24                EXTI1_IRQHandler
                0x08013e24                UART7_IRQHandler
                0x08013e24                USART2_IRQHandler
                0x08013e24                I2C2_ER_IRQHandler
                0x08013e24                DMA2_Stream1_IRQHandler
                0x08013e24                CAN1_SCE_IRQHandler
                0x08013e24                FLASH_IRQHandler
                0x08013e24                DMA2_Stream4_IRQHandler
                0x08013e24                BusFault_Handler
                0x08013e24                USART1_IRQHandler
                0x08013e24                OTG_FS_IRQHandler
                0x08013e24                SPI3_IRQHandler
                0x08013e24                DMA1_Stream4_IRQHandler
                0x08013e24                I2C1_ER_IRQHandler
                0x08013e24                FMC_IRQHandler
                0x08013e24                LPTIM1_IRQHandler
                0x08013e24                I2C4_ER_IRQHandler
                0x08013e24                DMA2_Stream6_IRQHandler
                0x08013e24                SAI1_IRQHandler
                0x08013e24                DMA1_Stream3_IRQHandler
 *fill*         0x08013e26        0x2 
 .text.__libc_init_array
                0x08013e28       0x48 c:/program files (x86)/atollic/truestudio for stm32 9.0.0/armtools/bin/../lib/gcc/arm-atollic-eabi/6.3.1/../../../../arm-atollic-eabi/lib/armv7e-m/fpu/fpv5-sp-d16\libc_nano.a(lib_a-init.o)
                0x08013e28                __libc_init_array
 .text.__locale_ctype_ptr_l
                0x08013e70        0x6 c:/program files (x86)/atollic/truestudio for stm32 9.0.0/armtools/bin/../lib/gcc/arm-atollic-eabi/6.3.1/../../../../arm-atollic-eabi/lib/armv7e-m/fpu/fpv5-sp-d16\libc_nano.a(lib_a-locale.o)
                0x08013e70                __locale_ctype_ptr_l
 *fill*         0x08013e76        0x2 
 .text.__locale_ctype_ptr
                0x08013e78       0x1c c:/program files (x86)/atollic/truestudio for stm32 9.0.0/armtools/bin/../lib/gcc/arm-atollic-eabi/6.3.1/../../../../arm-atollic-eabi/lib/armv7e-m/fpu/fpv5-sp-d16\libc_nano.a(lib_a-locale.o)
                0x08013e78                __locale_ctype_ptr
 .text.malloc   0x08013e94       0x10 c:/program files (x86)/atollic/truestudio for stm32 9.0.0/armtools/bin/../lib/gcc/arm-atollic-eabi/6.3.1/../../../../arm-atollic-eabi/lib/armv7e-m/fpu/fpv5-sp-d16\libc_nano.a(lib_a-malloc.o)
                0x08013e94                malloc
 .text.free     0x08013ea4       0x10 c:/program files (x86)/atollic/truestudio for stm32 9.0.0/armtools/bin/../lib/gcc/arm-atollic-eabi/6.3.1/../../../../arm-atollic-eabi/lib/armv7e-m/fpu/fpv5-sp-d16\libc_nano.a(lib_a-malloc.o)
                0x08013ea4                free
 .text.__ascii_mbtowc
                0x08013eb4       0x24 c:/program files (x86)/atollic/truestudio for stm32 9.0.0/armtools/bin/../lib/gcc/arm-atollic-eabi/6.3.1/../../../../arm-atollic-eabi/lib/armv7e-m/fpu/fpv5-sp-d16\libc_nano.a(lib_a-mbtowc_r.o)
                0x08013eb4                __ascii_mbtowc
 .text.memcpy   0x08013ed8       0x16 c:/program files (x86)/atollic/truestudio for stm32 9.0.0/armtools/bin/../lib/gcc/arm-atollic-eabi/6.3.1/../../../../arm-atollic-eabi/lib/armv7e-m/fpu/fpv5-sp-d16\libc_nano.a(lib_a-memcpy-stub.o)
                0x08013ed8                memcpy
 .text.memset   0x08013eee       0x10 c:/program files (x86)/atollic/truestudio for stm32 9.0.0/armtools/bin/../lib/gcc/arm-atollic-eabi/6.3.1/../../../../arm-atollic-eabi/lib/armv7e-m/fpu/fpv5-sp-d16\libc_nano.a(lib_a-memset.o)
                0x08013eee                memset
 *fill*         0x08013efe        0x2 
 .text._free_r  0x08013f00       0x9c c:/program files (x86)/atollic/truestudio for stm32 9.0.0/armtools/bin/../lib/gcc/arm-atollic-eabi/6.3.1/../../../../arm-atollic-eabi/lib/armv7e-m/fpu/fpv5-sp-d16\libc_nano.a(lib_a-nano-freer.o)
                0x08013f00                _free_r
 .text._malloc_r
                0x08013f9c       0xbc c:/program files (x86)/atollic/truestudio for stm32 9.0.0/armtools/bin/../lib/gcc/arm-atollic-eabi/6.3.1/../../../../arm-atollic-eabi/lib/armv7e-m/fpu/fpv5-sp-d16\libc_nano.a(lib_a-nano-mallocr.o)
                0x08013f9c                _malloc_r
 .text.__cvt    0x08014058       0xc2 c:/program files (x86)/atollic/truestudio for stm32 9.0.0/armtools/bin/../lib/gcc/arm-atollic-eabi/6.3.1/../../../../arm-atollic-eabi/lib/armv7e-m/fpu/fpv5-sp-d16\libc_nano.a(lib_a-nano-vfprintf_float.o)
                0x08014058                __cvt
 .text.__exponent
                0x0801411a       0x6a c:/program files (x86)/atollic/truestudio for stm32 9.0.0/armtools/bin/../lib/gcc/arm-atollic-eabi/6.3.1/../../../../arm-atollic-eabi/lib/armv7e-m/fpu/fpv5-sp-d16\libc_nano.a(lib_a-nano-vfprintf_float.o)
                0x0801411a                __exponent
 .text._printf_float
                0x08014184      0x480 c:/program files (x86)/atollic/truestudio for stm32 9.0.0/armtools/bin/../lib/gcc/arm-atollic-eabi/6.3.1/../../../../arm-atollic-eabi/lib/armv7e-m/fpu/fpv5-sp-d16\libc_nano.a(lib_a-nano-vfprintf_float.o)
                0x08014184                _printf_float
 .text._printf_common
                0x08014604       0xec c:/program files (x86)/atollic/truestudio for stm32 9.0.0/armtools/bin/../lib/gcc/arm-atollic-eabi/6.3.1/../../../../arm-atollic-eabi/lib/armv7e-m/fpu/fpv5-sp-d16\libc_nano.a(lib_a-nano-vfprintf_i.o)
                0x08014604                _printf_common
 .text._printf_i
                0x080146f0      0x240 c:/program files (x86)/atollic/truestudio for stm32 9.0.0/armtools/bin/../lib/gcc/arm-atollic-eabi/6.3.1/../../../../arm-atollic-eabi/lib/armv7e-m/fpu/fpv5-sp-d16\libc_nano.a(lib_a-nano-vfprintf_i.o)
                0x080146f0                _printf_i
 .text.printf   0x08014930       0x30 c:/program files (x86)/atollic/truestudio for stm32 9.0.0/armtools/bin/../lib/gcc/arm-atollic-eabi/6.3.1/../../../../arm-atollic-eabi/lib/armv7e-m/fpu/fpv5-sp-d16\libc_nano.a(lib_a-printf.o)
                0x08014930                iprintf
                0x08014930                printf
 .text._puts_r  0x08014960       0xb8 c:/program files (x86)/atollic/truestudio for stm32 9.0.0/armtools/bin/../lib/gcc/arm-atollic-eabi/6.3.1/../../../../arm-atollic-eabi/lib/armv7e-m/fpu/fpv5-sp-d16\libc_nano.a(lib_a-puts.o)
                0x08014960                _puts_r
 .text.puts     0x08014a18       0x10 c:/program files (x86)/atollic/truestudio for stm32 9.0.0/armtools/bin/../lib/gcc/arm-atollic-eabi/6.3.1/../../../../arm-atollic-eabi/lib/armv7e-m/fpu/fpv5-sp-d16\libc_nano.a(lib_a-puts.o)
                0x08014a18                puts
 .text.realloc  0x08014a28       0x10 c:/program files (x86)/atollic/truestudio for stm32 9.0.0/armtools/bin/../lib/gcc/arm-atollic-eabi/6.3.1/../../../../arm-atollic-eabi/lib/armv7e-m/fpu/fpv5-sp-d16\libc_nano.a(lib_a-realloc.o)
                0x08014a28                realloc
 .text._sbrk_r  0x08014a38       0x20 c:/program files (x86)/atollic/truestudio for stm32 9.0.0/armtools/bin/../lib/gcc/arm-atollic-eabi/6.3.1/../../../../arm-atollic-eabi/lib/armv7e-m/fpu/fpv5-sp-d16\libc_nano.a(lib_a-sbrkr.o)
                0x08014a38                _sbrk_r
 .text.snprintf
                0x08014a58       0x68 c:/program files (x86)/atollic/truestudio for stm32 9.0.0/armtools/bin/../lib/gcc/arm-atollic-eabi/6.3.1/../../../../arm-atollic-eabi/lib/armv7e-m/fpu/fpv5-sp-d16\libc_nano.a(lib_a-snprintf.o)
                0x08014a58                sniprintf
                0x08014a58                snprintf
 .text.sprintf  0x08014ac0       0x48 c:/program files (x86)/atollic/truestudio for stm32 9.0.0/armtools/bin/../lib/gcc/arm-atollic-eabi/6.3.1/../../../../arm-atollic-eabi/lib/armv7e-m/fpu/fpv5-sp-d16\libc_nano.a(lib_a-sprintf.o)
                0x08014ac0                siprintf
                0x08014ac0                sprintf
 .text.strcpy   0x08014b08       0x10 c:/program files (x86)/atollic/truestudio for stm32 9.0.0/armtools/bin/../lib/gcc/arm-atollic-eabi/6.3.1/../../../../arm-atollic-eabi/lib/armv7e-m/fpu/fpv5-sp-d16\libc_nano.a(lib_a-strcpy.o)
                0x08014b08                strcpy
 .text.strncpy  0x08014b18       0x2a c:/program files (x86)/atollic/truestudio for stm32 9.0.0/armtools/bin/../lib/gcc/arm-atollic-eabi/6.3.1/../../../../arm-atollic-eabi/lib/armv7e-m/fpu/fpv5-sp-d16\libc_nano.a(lib_a-strncpy.o)
                0x08014b18                strncpy
 .text._strtol_l.isra.0
                0x08014b42      0x100 c:/program files (x86)/atollic/truestudio for stm32 9.0.0/armtools/bin/../lib/gcc/arm-atollic-eabi/6.3.1/../../../../arm-atollic-eabi/lib/armv7e-m/fpu/fpv5-sp-d16\libc_nano.a(lib_a-strtol.o)
 *fill*         0x08014c42        0x2 
 .text.strtol   0x08014c44       0x2c c:/program files (x86)/atollic/truestudio for stm32 9.0.0/armtools/bin/../lib/gcc/arm-atollic-eabi/6.3.1/../../../../arm-atollic-eabi/lib/armv7e-m/fpu/fpv5-sp-d16\libc_nano.a(lib_a-strtol.o)
                0x08014c44                strtol
 .text.__swbuf_r
                0x08014c70       0xa4 c:/program files (x86)/atollic/truestudio for stm32 9.0.0/armtools/bin/../lib/gcc/arm-atollic-eabi/6.3.1/../../../../arm-atollic-eabi/lib/armv7e-m/fpu/fpv5-sp-d16\libc_nano.a(lib_a-wbuf.o)
                0x08014c70                __swbuf_r
 .text.__ascii_wctomb
                0x08014d14       0x1a c:/program files (x86)/atollic/truestudio for stm32 9.0.0/armtools/bin/../lib/gcc/arm-atollic-eabi/6.3.1/../../../../arm-atollic-eabi/lib/armv7e-m/fpu/fpv5-sp-d16\libc_nano.a(lib_a-wctomb_r.o)
                0x08014d14                __ascii_wctomb
 *fill*         0x08014d2e        0x2 
 .text.__swsetup_r
                0x08014d30       0xdc c:/program files (x86)/atollic/truestudio for stm32 9.0.0/armtools/bin/../lib/gcc/arm-atollic-eabi/6.3.1/../../../../arm-atollic-eabi/lib/armv7e-m/fpu/fpv5-sp-d16\libc_nano.a(lib_a-wsetup.o)
                0x08014d30                __swsetup_r
 .text.quorem   0x08014e0c      0x118 c:/program files (x86)/atollic/truestudio for stm32 9.0.0/armtools/bin/../lib/gcc/arm-atollic-eabi/6.3.1/../../../../arm-atollic-eabi/lib/armv7e-m/fpu/fpv5-sp-d16\libc_nano.a(lib_a-dtoa.o)
 *fill*         0x08014f24        0x4 
 .text._dtoa_r  0x08014f28      0xb9c c:/program files (x86)/atollic/truestudio for stm32 9.0.0/armtools/bin/../lib/gcc/arm-atollic-eabi/6.3.1/../../../../arm-atollic-eabi/lib/armv7e-m/fpu/fpv5-sp-d16\libc_nano.a(lib_a-dtoa.o)
                0x08014f28                _dtoa_r
 .text.__sflush_r
                0x08015ac4      0x110 c:/program files (x86)/atollic/truestudio for stm32 9.0.0/armtools/bin/../lib/gcc/arm-atollic-eabi/6.3.1/../../../../arm-atollic-eabi/lib/armv7e-m/fpu/fpv5-sp-d16\libc_nano.a(lib_a-fflush.o)
                0x08015ac4                __sflush_r
 .text._fflush_r
                0x08015bd4       0x54 c:/program files (x86)/atollic/truestudio for stm32 9.0.0/armtools/bin/../lib/gcc/arm-atollic-eabi/6.3.1/../../../../arm-atollic-eabi/lib/armv7e-m/fpu/fpv5-sp-d16\libc_nano.a(lib_a-fflush.o)
                0x08015bd4                _fflush_r
 .text._cleanup_r
                0x08015c28        0xc c:/program files (x86)/atollic/truestudio for stm32 9.0.0/armtools/bin/../lib/gcc/arm-atollic-eabi/6.3.1/../../../../arm-atollic-eabi/lib/armv7e-m/fpu/fpv5-sp-d16\libc_nano.a(lib_a-findfp.o)
                0x08015c28                _cleanup_r
 .text.std.isra.0
                0x08015c34       0x48 c:/program files (x86)/atollic/truestudio for stm32 9.0.0/armtools/bin/../lib/gcc/arm-atollic-eabi/6.3.1/../../../../arm-atollic-eabi/lib/armv7e-m/fpu/fpv5-sp-d16\libc_nano.a(lib_a-findfp.o)
 .text.__sfmoreglue
                0x08015c7c       0x2c c:/program files (x86)/atollic/truestudio for stm32 9.0.0/armtools/bin/../lib/gcc/arm-atollic-eabi/6.3.1/../../../../arm-atollic-eabi/lib/armv7e-m/fpu/fpv5-sp-d16\libc_nano.a(lib_a-findfp.o)
                0x08015c7c                __sfmoreglue
 .text.__sinit  0x08015ca8       0x60 c:/program files (x86)/atollic/truestudio for stm32 9.0.0/armtools/bin/../lib/gcc/arm-atollic-eabi/6.3.1/../../../../arm-atollic-eabi/lib/armv7e-m/fpu/fpv5-sp-d16\libc_nano.a(lib_a-findfp.o)
                0x08015ca8                __sinit
 .text.__sfp    0x08015d08       0x78 c:/program files (x86)/atollic/truestudio for stm32 9.0.0/armtools/bin/../lib/gcc/arm-atollic-eabi/6.3.1/../../../../arm-atollic-eabi/lib/armv7e-m/fpu/fpv5-sp-d16\libc_nano.a(lib_a-findfp.o)
                0x08015d08                __sfp
 .text._fwalk_reent
                0x08015d80       0x3c c:/program files (x86)/atollic/truestudio for stm32 9.0.0/armtools/bin/../lib/gcc/arm-atollic-eabi/6.3.1/../../../../arm-atollic-eabi/lib/armv7e-m/fpu/fpv5-sp-d16\libc_nano.a(lib_a-fwalk.o)
                0x08015d80                _fwalk_reent
 .text._localeconv_r
                0x08015dbc       0x1c c:/program files (x86)/atollic/truestudio for stm32 9.0.0/armtools/bin/../lib/gcc/arm-atollic-eabi/6.3.1/../../../../arm-atollic-eabi/lib/armv7e-m/fpu/fpv5-sp-d16\libc_nano.a(lib_a-localeconv.o)
                0x08015dbc                _localeconv_r
 .text.__swhatbuf_r
                0x08015dd8       0x48 c:/program files (x86)/atollic/truestudio for stm32 9.0.0/armtools/bin/../lib/gcc/arm-atollic-eabi/6.3.1/../../../../arm-atollic-eabi/lib/armv7e-m/fpu/fpv5-sp-d16\libc_nano.a(lib_a-makebuf.o)
                0x08015dd8                __swhatbuf_r
 .text.__smakebuf_r
                0x08015e20       0x80 c:/program files (x86)/atollic/truestudio for stm32 9.0.0/armtools/bin/../lib/gcc/arm-atollic-eabi/6.3.1/../../../../arm-atollic-eabi/lib/armv7e-m/fpu/fpv5-sp-d16\libc_nano.a(lib_a-makebuf.o)
                0x08015e20                __smakebuf_r
 .text.__malloc_lock
                0x08015ea0        0x2 c:/program files (x86)/atollic/truestudio for stm32 9.0.0/armtools/bin/../lib/gcc/arm-atollic-eabi/6.3.1/../../../../arm-atollic-eabi/lib/armv7e-m/fpu/fpv5-sp-d16\libc_nano.a(lib_a-mlock.o)
                0x08015ea0                __malloc_lock
 .text.__malloc_unlock
                0x08015ea2        0x2 c:/program files (x86)/atollic/truestudio for stm32 9.0.0/armtools/bin/../lib/gcc/arm-atollic-eabi/6.3.1/../../../../arm-atollic-eabi/lib/armv7e-m/fpu/fpv5-sp-d16\libc_nano.a(lib_a-mlock.o)
                0x08015ea2                __malloc_unlock
 .text._Balloc  0x08015ea4       0x68 c:/program files (x86)/atollic/truestudio for stm32 9.0.0/armtools/bin/../lib/gcc/arm-atollic-eabi/6.3.1/../../../../arm-atollic-eabi/lib/armv7e-m/fpu/fpv5-sp-d16\libc_nano.a(lib_a-mprec.o)
                0x08015ea4                _Balloc
 .text._Bfree   0x08015f0c       0x2e c:/program files (x86)/atollic/truestudio for stm32 9.0.0/armtools/bin/../lib/gcc/arm-atollic-eabi/6.3.1/../../../../arm-atollic-eabi/lib/armv7e-m/fpu/fpv5-sp-d16\libc_nano.a(lib_a-mprec.o)
                0x08015f0c                _Bfree
 .text.__multadd
                0x08015f3a       0x76 c:/program files (x86)/atollic/truestudio for stm32 9.0.0/armtools/bin/../lib/gcc/arm-atollic-eabi/6.3.1/../../../../arm-atollic-eabi/lib/armv7e-m/fpu/fpv5-sp-d16\libc_nano.a(lib_a-mprec.o)
                0x08015f3a                __multadd
 .text.__hi0bits
                0x08015fb0       0x3e c:/program files (x86)/atollic/truestudio for stm32 9.0.0/armtools/bin/../lib/gcc/arm-atollic-eabi/6.3.1/../../../../arm-atollic-eabi/lib/armv7e-m/fpu/fpv5-sp-d16\libc_nano.a(lib_a-mprec.o)
                0x08015fb0                __hi0bits
 .text.__lo0bits
                0x08015fee       0x5e c:/program files (x86)/atollic/truestudio for stm32 9.0.0/armtools/bin/../lib/gcc/arm-atollic-eabi/6.3.1/../../../../arm-atollic-eabi/lib/armv7e-m/fpu/fpv5-sp-d16\libc_nano.a(lib_a-mprec.o)
                0x08015fee                __lo0bits
 .text.__i2b    0x0801604c       0x12 c:/program files (x86)/atollic/truestudio for stm32 9.0.0/armtools/bin/../lib/gcc/arm-atollic-eabi/6.3.1/../../../../arm-atollic-eabi/lib/armv7e-m/fpu/fpv5-sp-d16\libc_nano.a(lib_a-mprec.o)
                0x0801604c                __i2b
 .text.__multiply
                0x0801605e      0x11a c:/program files (x86)/atollic/truestudio for stm32 9.0.0/armtools/bin/../lib/gcc/arm-atollic-eabi/6.3.1/../../../../arm-atollic-eabi/lib/armv7e-m/fpu/fpv5-sp-d16\libc_nano.a(lib_a-mprec.o)
                0x0801605e                __multiply
 .text.__pow5mult
                0x08016178       0x9c c:/program files (x86)/atollic/truestudio for stm32 9.0.0/armtools/bin/../lib/gcc/arm-atollic-eabi/6.3.1/../../../../arm-atollic-eabi/lib/armv7e-m/fpu/fpv5-sp-d16\libc_nano.a(lib_a-mprec.o)
                0x08016178                __pow5mult
 .text.__lshift
                0x08016214       0xa2 c:/program files (x86)/atollic/truestudio for stm32 9.0.0/armtools/bin/../lib/gcc/arm-atollic-eabi/6.3.1/../../../../arm-atollic-eabi/lib/armv7e-m/fpu/fpv5-sp-d16\libc_nano.a(lib_a-mprec.o)
                0x08016214                __lshift
 .text.__mcmp   0x080162b6       0x34 c:/program files (x86)/atollic/truestudio for stm32 9.0.0/armtools/bin/../lib/gcc/arm-atollic-eabi/6.3.1/../../../../arm-atollic-eabi/lib/armv7e-m/fpu/fpv5-sp-d16\libc_nano.a(lib_a-mprec.o)
                0x080162b6                __mcmp
 .text.__mdiff  0x080162ea       0xbc c:/program files (x86)/atollic/truestudio for stm32 9.0.0/armtools/bin/../lib/gcc/arm-atollic-eabi/6.3.1/../../../../arm-atollic-eabi/lib/armv7e-m/fpu/fpv5-sp-d16\libc_nano.a(lib_a-mprec.o)
                0x080162ea                __mdiff