Archive member included to satisfy reference by file (symbol)

c:/program files (x86)/atollic/truestudio for stm32 9.0.0/armtools/bin/../lib/gcc/arm-atollic-eabi/6.3.1/../../../../arm-atollic-eabi/lib/armv7e-m/fpu/fpv5-sp-d16\libc_nano.a(lib_a-findfp.o)
                              Middlewares\FreeRTOS\tasks.o (__sf_fake_stderr)
c:/program files (x86)/atollic/truestudio for stm32 9.0.0/armtools/bin/../lib/gcc/arm-atollic-eabi/6.3.1/../../../../arm-atollic-eabi/lib/armv7e-m/fpu/fpv5-sp-d16\libc_nano.a(lib_a-fwalk.o)
                              c:/program files (x86)/atollic/truestudio for stm32 9.0.0/armtools/bin/../lib/gcc/arm-atollic-eabi/6.3.1/../../../../arm-atollic-eabi/lib/armv7e-m/fpu/fpv5-sp-d16\libc_nano.a(lib_a-findfp.o) (_fwalk)
c:/program files (x86)/atollic/truestudio for stm32 9.0.0/armtools/bin/../lib/gcc/arm-atollic-eabi/6.3.1/../../../../arm-atollic-eabi/lib/armv7e-m/fpu/fpv5-sp-d16\libc_nano.a(lib_a-impure.o)
                              c:/program files (x86)/atollic/truestudio for stm32 9.0.0/armtools/bin/../lib/gcc/arm-atollic-eabi/6.3.1/../../../../arm-atollic-eabi/lib/armv7e-m/fpu/fpv5-sp-d16\libc_nano.a(lib_a-findfp.o) (_global_impure_ptr)
c:/program files (x86)/atollic/truestudio for stm32 9.0.0/armtools/bin/../lib/gcc/arm-atollic-eabi/6.3.1/../../../../arm-atollic-eabi/lib/armv7e-m/fpu/fpv5-sp-d16\libc_nano.a(lib_a-init.o)
                              startup\startup_stm32f746xx.o (__libc_init_array)
c:/program files (x86)/atollic/truestudio for stm32 9.0.0/armtools/bin/../lib/gcc/arm-atollic-eabi/6.3.1/../../../../arm-atollic-eabi/lib/armv7e-m/fpu/fpv5-sp-d16\libc_nano.a(lib_a-locale.o)
                              Src\functions.o (__locale_ctype_ptr)
c:/program files (x86)/atollic/truestudio for stm32 9.0.0/armtools/bin/../lib/gcc/arm-atollic-eabi/6.3.1/../../../../arm-atollic-eabi/lib/armv7e-m/fpu/fpv5-sp-d16\libc_nano.a(lib_a-malloc.o)
                              Middlewares\USB_Host_Library\MSC\Src\usbh_msc.o (malloc)
c:/program files (x86)/atollic/truestudio for stm32 9.0.0/armtools/bin/../lib/gcc/arm-atollic-eabi/6.3.1/../../../../arm-atollic-eabi/lib/armv7e-m/fpu/fpv5-sp-d16\libc_nano.a(lib_a-mbtowc_r.o)
                              c:/program files (x86)/atollic/truestudio for stm32 9.0.0/armtools/bin/../lib/gcc/arm-atollic-eabi/6.3.1/../../../../arm-atollic-eabi/lib/armv7e-m/fpu/fpv5-sp-d16\libc_nano.a(lib_a-locale.o) (__ascii_mbtowc)
c:/program files (x86)/atollic/truestudio for stm32 9.0.0/armtools/bin/../lib/gcc/arm-atollic-eabi/6.3.1/../../../../arm-atollic-eabi/lib/armv7e-m/fpu/fpv5-sp-d16\libc_nano.a(lib_a-memcpy-stub.o)
                              Middlewares\FreeRTOS\queue.o (memcpy)
c:/program files (x86)/atollic/truestudio for stm32 9.0.0/armtools/bin/../lib/gcc/arm-atollic-eabi/6.3.1/../../../../arm-atollic-eabi/lib/armv7e-m/fpu/fpv5-sp-d16\libc_nano.a(lib_a-memset.o)
                              Middlewares\FreeRTOS\cmsis_os.o (memset)
c:/program files (x86)/atollic/truestudio for stm32 9.0.0/armtools/bin/../lib/gcc/arm-atollic-eabi/6.3.1/../../../../arm-atollic-eabi/lib/armv7e-m/fpu/fpv5-sp-d16\libc_nano.a(lib_a-nano-freer.o)
                              c:/program files (x86)/atollic/truestudio for stm32 9.0.0/armtools/bin/../lib/gcc/arm-atollic-eabi/6.3.1/../../../../arm-atollic-eabi/lib/armv7e-m/fpu/fpv5-sp-d16\libc_nano.a(lib_a-malloc.o) (_free_r)
c:/program files (x86)/atollic/truestudio for stm32 9.0.0/armtools/bin/../lib/gcc/arm-atollic-eabi/6.3.1/../../../../arm-atollic-eabi/lib/armv7e-m/fpu/fpv5-sp-d16\libc_nano.a(lib_a-nano-mallocr.o)
                              c:/program files (x86)/atollic/truestudio for stm32 9.0.0/armtools/bin/../lib/gcc/arm-atollic-eabi/6.3.1/../../../../arm-atollic-eabi/lib/armv7e-m/fpu/fpv5-sp-d16\libc_nano.a(lib_a-findfp.o) (_malloc_r)
c:/program files (x86)/atollic/truestudio for stm32 9.0.0/armtools/bin/../lib/gcc/arm-atollic-eabi/6.3.1/../../../../arm-atollic-eabi/lib/armv7e-m/fpu/fpv5-sp-d16\libc_nano.a(lib_a-printf.o)
                              Src\functions.o (printf)
c:/program files (x86)/atollic/truestudio for stm32 9.0.0/armtools/bin/../lib/gcc/arm-atollic-eabi/6.3.1/../../../../arm-atollic-eabi/lib/armv7e-m/fpu/fpv5-sp-d16\libc_nano.a(lib_a-puts.o)
                              Src\functions.o (puts)
c:/program files (x86)/atollic/truestudio for stm32 9.0.0/armtools/bin/../lib/gcc/arm-atollic-eabi/6.3.1/../../../../arm-atollic-eabi/lib/armv7e-m/fpu/fpv5-sp-d16\libc_nano.a(lib_a-reent.o)
                              Middlewares\FreeRTOS\tasks.o (_reclaim_reent)
c:/program files (x86)/atollic/truestudio for stm32 9.0.0/armtools/bin/../lib/gcc/arm-atollic-eabi/6.3.1/../../../../arm-atollic-eabi/lib/armv7e-m/fpu/fpv5-sp-d16\libc_nano.a(lib_a-sbrkr.o)
                              c:/program files (x86)/atollic/truestudio for stm32 9.0.0/armtools/bin/../lib/gcc/arm-atollic-eabi/6.3.1/../../../../arm-atollic-eabi/lib/armv7e-m/fpu/fpv5-sp-d16\libc_nano.a(lib_a-nano-mallocr.o) (_sbrk_r)
[...]
Memory Configuration

Name             Origin             Length             Attributes
RAM              0x20000000         0x00050000         xrw
FLASH            0x08000000         0x00100000         xr
*default*        0x00000000         0xffffffff

Linker script and memory map

LOAD c:/program files (x86)/atollic/truestudio for stm32 9.0.0/armtools/bin/../lib/gcc/arm-atollic-eabi/6.3.1/armv7e-m/fpu/fpv5-sp-d16/crti.o
LOAD c:/program files (x86)/atollic/truestudio for stm32 9.0.0/armtools/bin/../lib/gcc/arm-atollic-eabi/6.3.1/armv7e-m/fpu/fpv5-sp-d16/crtbegin.o
LOAD Drivers\BSP\Components\adv7533\adv7533.o
LOAD Drivers\BSP\Components\exc7200\exc7200.o
LOAD Drivers\BSP\Components\ft5336\ft5336.o
LOAD Drivers\BSP\Components\ft6x06\ft6x06.o
LOAD Drivers\BSP\Components\mfxstm32l152\mfxstm32l152.o
LOAD Drivers\BSP\Components\otm8009a\otm8009a.o
LOAD Drivers\BSP\Components\ov9655\ov9655.o
LOAD Drivers\BSP\Components\s5k5cag\s5k5cag.o
LOAD Drivers\BSP\Components\st7735\st7735.o
LOAD Drivers\BSP\Components\st7789h2\st7789h2.o
LOAD Drivers\BSP\Components\stmpe811\stmpe811.o
LOAD Drivers\BSP\Components\ts3510\ts3510.o
LOAD Drivers\BSP\Components\wm8994\wm8994.o
LOAD Drivers\BSP\STM32746G-Discovery\stm32746g_discovery.o
LOAD Drivers\BSP\STM32746G-Discovery\stm32746g_discovery_eeprom.o
LOAD Drivers\BSP\STM32746G-Discovery\stm32746g_discovery_lcd.o
LOAD Drivers\BSP\STM32746G-Discovery\stm32746g_discovery_ts.o
LOAD Drivers\STM32F7xx_HAL_Driver\stm32f7xx_hal.o
LOAD Drivers\STM32F7xx_HAL_Driver\stm32f7xx_hal_adc.o
LOAD Drivers\STM32F7xx_HAL_Driver\stm32f7xx_hal_adc_ex.o
LOAD Drivers\STM32F7xx_HAL_Driver\stm32f7xx_hal_cortex.o
LOAD Drivers\STM32F7xx_HAL_Driver\stm32f7xx_hal_crc.o
LOAD Drivers\STM32F7xx_HAL_Driver\stm32f7xx_hal_crc_ex.o
LOAD Drivers\STM32F7xx_HAL_Driver\stm32f7xx_hal_dma.o
LOAD Drivers\STM32F7xx_HAL_Driver\stm32f7xx_hal_dma2d.o
LOAD Drivers\STM32F7xx_HAL_Driver\stm32f7xx_hal_dma_ex.o
LOAD Drivers\STM32F7xx_HAL_Driver\stm32f7xx_hal_dsi.o
LOAD Drivers\STM32F7xx_HAL_Driver\stm32f7xx_hal_flash.o
LOAD Drivers\STM32F7xx_HAL_Driver\stm32f7xx_hal_flash_ex.o
LOAD Drivers\STM32F7xx_HAL_Driver\stm32f7xx_hal_gpio.o
LOAD Drivers\STM32F7xx_HAL_Driver\stm32f7xx_hal_hcd.o
LOAD Drivers\STM32F7xx_HAL_Driver\stm32f7xx_hal_i2c.o
LOAD Drivers\STM32F7xx_HAL_Driver\stm32f7xx_hal_i2c_ex.o
LOAD Drivers\STM32F7xx_HAL_Driver\stm32f7xx_hal_ltdc.o
LOAD Drivers\STM32F7xx_HAL_Driver\stm32f7xx_hal_ltdc_ex.o
LOAD Drivers\STM32F7xx_HAL_Driver\stm32f7xx_hal_pwr.o
LOAD Drivers\STM32F7xx_HAL_Driver\stm32f7xx_hal_pwr_ex.o
LOAD Drivers\STM32F7xx_HAL_Driver\stm32f7xx_hal_rcc.o
LOAD Drivers\STM32F7xx_HAL_Driver\stm32f7xx_hal_rcc_ex.o
LOAD Drivers\STM32F7xx_HAL_Driver\stm32f7xx_hal_sdram.o
LOAD Drivers\STM32F7xx_HAL_Driver\stm32f7xx_hal_tim.o
LOAD Drivers\STM32F7xx_HAL_Driver\stm32f7xx_hal_tim_ex.o
LOAD Drivers\STM32F7xx_HAL_Driver\stm32f7xx_hal_uart.o
LOAD Drivers\STM32F7xx_HAL_Driver\stm32f7xx_hal_wwdg.o
LOAD Drivers\STM32F7xx_HAL_Driver\stm32f7xx_ll_fmc.o
LOAD Drivers\STM32F7xx_HAL_Driver\stm32f7xx_ll_usb.o
LOAD Middlewares\FatFs\diskio.o
LOAD Middlewares\FatFs\ff.o
LOAD Middlewares\FatFs\ff_gen_drv.o
LOAD Middlewares\FatFs\syscall.o
LOAD Middlewares\FreeRTOS\cmsis_os.o
LOAD Middlewares\FreeRTOS\croutine.o
LOAD Middlewares\FreeRTOS\event_groups.o
LOAD Middlewares\FreeRTOS\heap_4.o
LOAD Middlewares\FreeRTOS\list.o
LOAD Middlewares\FreeRTOS\port.o
LOAD Middlewares\FreeRTOS\queue.o
LOAD Middlewares\FreeRTOS\tasks.o
LOAD Middlewares\FreeRTOS\timers.o
LOAD Middlewares\USB_Host_Library\Core\Src\usbh_core.o
LOAD Middlewares\USB_Host_Library\Core\Src\usbh_ctlreq.o
LOAD Middlewares\USB_Host_Library\Core\Src\usbh_ioreq.o
LOAD Middlewares\USB_Host_Library\Core\Src\usbh_pipes.o
LOAD Middlewares\USB_Host_Library\MSC\Src\usbh_msc.o
LOAD Middlewares\USB_Host_Library\MSC\Src\usbh_msc_bot.o
LOAD Middlewares\USB_Host_Library\MSC\Src\usbh_msc_scsi.o
LOAD Src\MyString.o
LOAD Src\bsp_driver_sdram.o
LOAD Src\fatfs.o
LOAD Src\freertos.o
LOAD Src\functions.o
LOAD Src\main.o
LOAD Src\printf-stdarg.o
LOAD Src\sdram_diskio.o
LOAD Src\stm32f7xx_hal_msp.o
LOAD Src\stm32f7xx_hal_timebase_TIM.o
LOAD Src\stm32f7xx_it.o
LOAD Src\system_stm32f7xx.o
LOAD Src\usb_host.o
LOAD Src\usbh_conf.o
LOAD startup\startup_stm32f746xx.o
                0x00000080                malloc_getpagesize_P = 0x80
START GROUP
LOAD c:/program files (x86)/atollic/truestudio for stm32 9.0.0/armtools/bin/../lib/gcc/arm-atollic-eabi/6.3.1/../../../../arm-atollic-eabi/lib/armv7e-m/fpu/fpv5-sp-d16\libc_nano.a
LOAD c:/program files (x86)/atollic/truestudio for stm32 9.0.0/armtools/bin/../lib/gcc/arm-atollic-eabi/6.3.1/../../../../arm-atollic-eabi/lib/armv7e-m/fpu/fpv5-sp-d16\libm.a
END GROUP
START GROUP
LOAD c:/program files (x86)/atollic/truestudio for stm32 9.0.0/armtools/bin/../lib/gcc/arm-atollic-eabi/6.3.1/armv7e-m/fpu/fpv5-sp-d16\libgcc.a
LOAD c:/program files (x86)/atollic/truestudio for stm32 9.0.0/armtools/bin/../lib/gcc/arm-atollic-eabi/6.3.1/../../../../arm-atollic-eabi/lib/armv7e-m/fpu/fpv5-sp-d16\libc_nano.a
END GROUP
START GROUP
LOAD c:/program files (x86)/atollic/truestudio for stm32 9.0.0/armtools/bin/../lib/gcc/arm-atollic-eabi/6.3.1/armv7e-m/fpu/fpv5-sp-d16\libgcc.a
LOAD c:/program files (x86)/atollic/truestudio for stm32 9.0.0/armtools/bin/../lib/gcc/arm-atollic-eabi/6.3.1/../../../../arm-atollic-eabi/lib/armv7e-m/fpu/fpv5-sp-d16\libc_nano.a
LOAD c:/program files (x86)/atollic/truestudio for stm32 9.0.0/armtools/bin/../lib/gcc/arm-atollic-eabi/6.3.1/../../../../arm-atollic-eabi/lib/armv7e-m/fpu/fpv5-sp-d16\libnosys.a
END GROUP
START GROUP
LOAD c:/program files (x86)/atollic/truestudio for stm32 9.0.0/armtools/bin/../lib/gcc/arm-atollic-eabi/6.3.1/armv7e-m/fpu/fpv5-sp-d16\libgcc.a
LOAD c:/program files (x86)/atollic/truestudio for stm32 9.0.0/armtools/bin/../lib/gcc/arm-atollic-eabi/6.3.1/../../../../arm-atollic-eabi/lib/armv7e-m/fpu/fpv5-sp-d16\libc_nano.a
LOAD c:/program files (x86)/atollic/truestudio for stm32 9.0.0/armtools/bin/../lib/gcc/arm-atollic-eabi/6.3.1/../../../../arm-atollic-eabi/lib/armv7e-m/fpu/fpv5-sp-d16\libnosys.a
END GROUP
LOAD c:/program files (x86)/atollic/truestudio for stm32 9.0.0/armtools/bin/../lib/gcc/arm-atollic-eabi/6.3.1/armv7e-m/fpu/fpv5-sp-d16/crtend.o
LOAD c:/program files (x86)/atollic/truestudio for stm32 9.0.0/armtools/bin/../lib/gcc/arm-atollic-eabi/6.3.1/armv7e-m/fpu/fpv5-sp-d16/crtn.o
                0x20050000                _estack = 0x20050000
                0x00000200                _Min_Heap_Size = 0x200
                0x00000400                _Min_Stack_Size = 0x400

.isr_vector     0x08000000      0x1c8
                0x08000000                . = ALIGN (0x4)
 *(.isr_vector)
 .isr_vector    0x08000000      0x1c8 startup\startup_stm32f746xx.o
                0x08000000                g_pfnVectors
                0x080001c8                . = ALIGN (0x4)

.text           0x080001d0    0x15b54
                0x080001d0                . = ALIGN (0x4)
 *(.text)
 .text          0x080001d0       0x40 c:/program files (x86)/atollic/truestudio for stm32 9.0.0/armtools/bin/../lib/gcc/arm-atollic-eabi/6.3.1/armv7e-m/fpu/fpv5-sp-d16/crtbegin.o
 .text          0x08000210       0x14 c:/program files (x86)/atollic/truestudio for stm32 9.0.0/armtools/bin/../lib/gcc/arm-atollic-eabi/6.3.1/../../../../arm-atollic-eabi/lib/armv7e-m/fpu/fpv5-sp-d16\libc_nano.a(lib_a-strcmp.o)
                0x08000210                strcmp
 .text          0x08000224       0x10 c:/program files (x86)/atollic/truestudio for stm32 9.0.0/armtools/bin/../lib/gcc/arm-atollic-eabi/6.3.1/../../../../arm-atollic-eabi/lib/armv7e-m/fpu/fpv5-sp-d16\libc_nano.a(lib_a-strlen.o)
                0x08000224                strlen
 *fill*         0x08000234        0xc 
 .text          0x08000240       0xa0 c:/program files (x86)/atollic/truestudio for stm32 9.0.0/armtools/bin/../lib/gcc/arm-atollic-eabi/6.3.1/../../../../arm-atollic-eabi/lib/armv7e-m/fpu/fpv5-sp-d16\libc_nano.a(lib_a-memchr.o)
                0x08000240                memchr
 .text          0x080002e0      0x370 c:/program files (x86)/atollic/truestudio for stm32 9.0.0/armtools/bin/../lib/gcc/arm-atollic-eabi/6.3.1/armv7e-m/fpu/fpv5-sp-d16\libgcc.a(_arm_addsubdf3.o)
                0x080002e0                __aeabi_drsub
                0x080002e8                __aeabi_dsub
                0x080002e8                __subdf3
                0x080002ec                __aeabi_dadd
                0x080002ec                __adddf3
                0x08000564                __floatunsidf
                0x08000564                __aeabi_ui2d
                0x08000584                __floatsidf
                0x08000584                __aeabi_i2d
                0x080005a8                __aeabi_f2d
                0x080005a8                __extendsfdf2
                0x080005e4                __floatundidf
                0x080005e4                __aeabi_ul2d
                0x080005f4                __floatdidf
                0x080005f4                __aeabi_l2d
 .text          0x08000650      0x424 c:/program files (x86)/atollic/truestudio for stm32 9.0.0/armtools/bin/../lib/gcc/arm-atollic-eabi/6.3.1/armv7e-m/fpu/fpv5-sp-d16\libgcc.a(_arm_muldivdf3.o)
                0x08000650                __aeabi_dmul
                0x08000650                __muldf3
                0x080008a4                __divdf3
                0x080008a4                __aeabi_ddiv
 .text          0x08000a74       0x40 c:/program files (x86)/atollic/truestudio for stm32 9.0.0/armtools/bin/../lib/gcc/arm-atollic-eabi/6.3.1/armv7e-m/fpu/fpv5-sp-d16\libgcc.a(_arm_fixunsdfsi.o)
                0x08000a74                __aeabi_d2uiz
                0x08000a74                __fixunsdfsi
 .text          0x08000ab4       0xa0 c:/program files (x86)/atollic/truestudio for stm32 9.0.0/armtools/bin/../lib/gcc/arm-atollic-eabi/6.3.1/armv7e-m/fpu/fpv5-sp-d16\libgcc.a(_arm_truncdfsf2.o)
                0x08000ab4                __truncdfsf2
                0x08000ab4                __aeabi_d2f
 .text          0x08000b54       0x30 c:/program files (x86)/atollic/truestudio for stm32 9.0.0/armtools/bin/../lib/gcc/arm-atollic-eabi/6.3.1/armv7e-m/fpu/fpv5-sp-d16\libgcc.a(_aeabi_uldivmod.o)
                0x08000b54                __aeabi_uldivmod
 .text          0x08000b84      0x2dc c:/program files (x86)/atollic/truestudio for stm32 9.0.0/armtools/bin/../lib/gcc/arm-atollic-eabi/6.3.1/armv7e-m/fpu/fpv5-sp-d16\libgcc.a(_udivmoddi4.o)
                0x08000b84                __udivmoddi4
 .text          0x08000e60        0x4 c:/program files (x86)/atollic/truestudio for stm32 9.0.0/armtools/bin/../lib/gcc/arm-atollic-eabi/6.3.1/armv7e-m/fpu/fpv5-sp-d16\libgcc.a(_dvmd_tls.o)
                0x08000e60                __aeabi_idiv0
                0x08000e60                __aeabi_ldiv0
 *(.text*)
 .text.BSP_LCD_Init
                0x08000e64       0xe0 Drivers\BSP\STM32746G-Discovery\stm32746g_discovery_lcd.o
                0x08000e64                BSP_LCD_Init
 .text.BSP_LCD_GetXSize
                0x08000f44       0x28 Drivers\BSP\STM32746G-Discovery\stm32746g_discovery_lcd.o
                0x08000f44                BSP_LCD_GetXSize
 .text.BSP_LCD_GetYSize
                0x08000f6c       0x28 Drivers\BSP\STM32746G-Discovery\stm32746g_discovery_lcd.o
                0x08000f6c                BSP_LCD_GetYSize
 .text.BSP_LCD_LayerDefaultInit
                0x08000f94       0xc0 Drivers\BSP\STM32746G-Discovery\stm32746g_discovery_lcd.o
                0x08000f94                BSP_LCD_LayerDefaultInit
 .text.BSP_LCD_SelectLayer
                0x08001054       0x20 Drivers\BSP\STM32746G-Discovery\stm32746g_discovery_lcd.o
                0x08001054                BSP_LCD_SelectLayer
 .text.BSP_LCD_SetTextColor
                0x08001074       0x30 Drivers\BSP\STM32746G-Discovery\stm32746g_discovery_lcd.o
                0x08001074                BSP_LCD_SetTextColor
 .text.BSP_LCD_SetBackColor
                0x080010a4       0x34 Drivers\BSP\STM32746G-Discovery\stm32746g_discovery_lcd.o
                0x080010a4                BSP_LCD_SetBackColor
 .text.BSP_LCD_SetFont
                0x080010d8       0x34 Drivers\BSP\STM32746G-Discovery\stm32746g_discovery_lcd.o
                0x080010d8                BSP_LCD_SetFont
 .text.BSP_LCD_GetFont
                0x0800110c       0x2c Drivers\BSP\STM32746G-Discovery\stm32746g_discovery_lcd.o
                0x0800110c                BSP_LCD_GetFont
 .text.BSP_LCD_Clear
                0x08001138       0x50 Drivers\BSP\STM32746G-Discovery\stm32746g_discovery_lcd.o
                0x08001138                BSP_LCD_Clear
 .text.BSP_LCD_ClearStringLine
                0x08001188       0xc8 Drivers\BSP\STM32746G-Discovery\stm32746g_discovery_lcd.o
                0x08001188                BSP_LCD_ClearStringLine
 .text.BSP_LCD_DisplayChar
                0x08001250       0x88 Drivers\BSP\STM32746G-Discovery\stm32746g_discovery_lcd.o
                0x08001250                BSP_LCD_DisplayChar
 .text.BSP_LCD_DisplayStringAt
                0x080012d8      0x188 Drivers\BSP\STM32746G-Discovery\stm32746g_discovery_lcd.o
                0x080012d8                BSP_LCD_DisplayStringAt
 .text.BSP_LCD_DisplayStringAtLine
                0x08001460       0x2e Drivers\BSP\STM32746G-Discovery\stm32746g_discovery_lcd.o
                0x08001460                BSP_LCD_DisplayStringAtLine
 *fill*         0x0800148e        0x2 
 .text.BSP_LCD_DrawPixel
                0x08001490       0x90 Drivers\BSP\STM32746G-Discovery\stm32746g_discovery_lcd.o
                0x08001490                BSP_LCD_DrawPixel
 .text.BSP_LCD_FillRect
                0x08001520       0xf4 Drivers\BSP\STM32746G-Discovery\stm32746g_discovery_lcd.o
                0x08001520                BSP_LCD_FillRect
 .text.BSP_LCD_DisplayOn
                0x08001614       0x3c Drivers\BSP\STM32746G-Discovery\stm32746g_discovery_lcd.o
                0x08001614                BSP_LCD_DisplayOn
 .text.BSP_LCD_MspInit
                0x08001650      0x1b4 Drivers\BSP\STM32746G-Discovery\stm32746g_discovery_lcd.o
                0x08001650                BSP_LCD_MspInit
 .text.BSP_LCD_ClockConfig
                0x08001804       0x38 Drivers\BSP\STM32746G-Discovery\stm32746g_discovery_lcd.o
                0x08001804                BSP_LCD_ClockConfig
 .text.DrawChar
                0x0800183c      0x170 Drivers\BSP\STM32746G-Discovery\stm32746g_discovery_lcd.o
 .text.LL_FillBuffer
                0x080019ac       0x98 Drivers\BSP\STM32746G-Discovery\stm32746g_discovery_lcd.o
 .text.HAL_Init
                0x08001a44       0x38 Drivers\STM32F7xx_HAL_Driver\stm32f7xx_hal.o
                0x08001a44                HAL_Init
 .text.HAL_IncTick
                0x08001a7c       0x28 Drivers\STM32F7xx_HAL_Driver\stm32f7xx_hal.o
                0x08001a7c                HAL_IncTick
 .text.HAL_GetTick
                0x08001aa4       0x18 Drivers\STM32F7xx_HAL_Driver\stm32f7xx_hal.o
                0x08001aa4                HAL_GetTick
 .text.HAL_Delay
                0x08001abc       0x44 Drivers\STM32F7xx_HAL_Driver\stm32f7xx_hal.o
                0x08001abc                HAL_Delay
 .text.HAL_ADC_Init
                0x08001b00       0x88 Drivers\STM32F7xx_HAL_Driver\stm32f7xx_hal_adc.o
                0x08001b00                HAL_ADC_Init
 .text.HAL_ADC_Start
                0x08001b88      0x148 Drivers\STM32F7xx_HAL_Driver\stm32f7xx_hal_adc.o
                0x08001b88                HAL_ADC_Start
 .text.HAL_ADC_GetValue
                0x08001cd0       0x1a Drivers\STM32F7xx_HAL_Driver\stm32f7xx_hal_adc.o
                0x08001cd0                HAL_ADC_GetValue
 *fill*         0x08001cea        0x2 
 .text.HAL_ADC_ConfigChannel
                0x08001cec      0x26c Drivers\STM32F7xx_HAL_Driver\stm32f7xx_hal_adc.o
                0x08001cec                HAL_ADC_ConfigChannel
 .text.ADC_Init
                0x08001f58      0x1f0 Drivers\STM32F7xx_HAL_Driver\stm32f7xx_hal_adc.o
 .text.NVIC_SetPriorityGrouping
                0x08002148       0x48 Drivers\STM32F7xx_HAL_Driver\stm32f7xx_hal_cortex.o
 .text.NVIC_GetPriorityGrouping
                0x08002190       0x1c Drivers\STM32F7xx_HAL_Driver\stm32f7xx_hal_cortex.o
 .text.NVIC_EnableIRQ
                0x080021ac       0x34 Drivers\STM32F7xx_HAL_Driver\stm32f7xx_hal_cortex.o
 .text.NVIC_SetPriority
                0x080021e0       0x54 Drivers\STM32F7xx_HAL_Driver\stm32f7xx_hal_cortex.o
 .text.NVIC_EncodePriority
                0x08002234       0x62 Drivers\STM32F7xx_HAL_Driver\stm32f7xx_hal_cortex.o
 *fill*         0x08002296        0x2 
 .text.SysTick_Config
                0x08002298       0x44 Drivers\STM32F7xx_HAL_Driver\stm32f7xx_hal_cortex.o
 .text.HAL_NVIC_SetPriorityGrouping
                0x080022dc       0x16 Drivers\STM32F7xx_HAL_Driver\stm32f7xx_hal_cortex.o
                0x080022dc                HAL_NVIC_SetPriorityGrouping
 .text.HAL_NVIC_SetPriority
                0x080022f2       0x38 Drivers\STM32F7xx_HAL_Driver\stm32f7xx_hal_cortex.o
                0x080022f2                HAL_NVIC_SetPriority
 .text.HAL_NVIC_EnableIRQ
                0x0800232a       0x1c Drivers\STM32F7xx_HAL_Driver\stm32f7xx_hal_cortex.o
                0x0800232a                HAL_NVIC_EnableIRQ
 .text.HAL_SYSTICK_Config
                0x08002346       0x18 Drivers\STM32F7xx_HAL_Driver\stm32f7xx_hal_cortex.o
                0x08002346                HAL_SYSTICK_Config
 *fill*         0x0800235e        0x2 
 .text.HAL_SYSTICK_CLKSourceConfig
                0x08002360       0x38 Drivers\STM32F7xx_HAL_Driver\stm32f7xx_hal_cortex.o
                0x08002360                HAL_SYSTICK_CLKSourceConfig
 .text.HAL_CRC_Init
                0x08002398       0xc8 Drivers\STM32F7xx_HAL_Driver\stm32f7xx_hal_crc.o
                0x08002398                HAL_CRC_Init
 .text.HAL_CRCEx_Polynomial_Set
                0x08002460       0xf4 Drivers\STM32F7xx_HAL_Driver\stm32f7xx_hal_crc_ex.o
                0x08002460                HAL_CRCEx_Polynomial_Set
 .text.HAL_DMA_Init
                0x08002554      0x15c Drivers\STM32F7xx_HAL_Driver\stm32f7xx_hal_dma.o
                0x08002554                HAL_DMA_Init
 .text.HAL_DMA_IRQHandler
                0x080026b0      0x314 Drivers\STM32F7xx_HAL_Driver\stm32f7xx_hal_dma.o
                0x080026b0                HAL_DMA_IRQHandler
 .text.DMA_CalcBaseAndBitshift
                0x080029c4       0x6c Drivers\STM32F7xx_HAL_Driver\stm32f7xx_hal_dma.o
 .text.DMA_CheckFifoParam
                0x08002a30       0xf4 Drivers\STM32F7xx_HAL_Driver\stm32f7xx_hal_dma.o
 .text.HAL_DMA2D_Init
                0x08002b24       0x94 Drivers\STM32F7xx_HAL_Driver\stm32f7xx_hal_dma2d.o
                0x08002b24                HAL_DMA2D_Init
 .text.HAL_DMA2D_Start
                0x08002bb8       0x56 Drivers\STM32F7xx_HAL_Driver\stm32f7xx_hal_dma2d.o
                0x08002bb8                HAL_DMA2D_Start
 .text.HAL_DMA2D_PollForTransfer
                0x08002c0e      0x1d0 Drivers\STM32F7xx_HAL_Driver\stm32f7xx_hal_dma2d.o
                0x08002c0e                HAL_DMA2D_PollForTransfer
 *fill*         0x08002dde        0x2 
 .text.HAL_DMA2D_ConfigLayer
                0x08002de0      0x128 Drivers\STM32F7xx_HAL_Driver\stm32f7xx_hal_dma2d.o
                0x08002de0                HAL_DMA2D_ConfigLayer
 .text.DMA2D_SetConfig
                0x08002f08      0x14c Drivers\STM32F7xx_HAL_Driver\stm32f7xx_hal_dma2d.o
 .text.HAL_GPIO_Init
                0x08003054      0x354 Drivers\STM32F7xx_HAL_Driver\stm32f7xx_hal_gpio.o
                0x08003054                HAL_GPIO_Init
 .text.HAL_GPIO_WritePin
                0x080033a8       0x32 Drivers\STM32F7xx_HAL_Driver\stm32f7xx_hal_gpio.o
                0x080033a8                HAL_GPIO_WritePin
 .text.HAL_HCD_Init
                0x080033da       0x98 Drivers\STM32F7xx_HAL_Driver\stm32f7xx_hal_hcd.o
                0x080033da                HAL_HCD_Init
 .text.HAL_HCD_HC_Init
                0x08003472      0x122 Drivers\STM32F7xx_HAL_Driver\stm32f7xx_hal_hcd.o
                0x08003472                HAL_HCD_HC_Init
 .text.HAL_HCD_HC_Halt
                0x08003594       0x46 Drivers\STM32F7xx_HAL_Driver\stm32f7xx_hal_hcd.o
                0x08003594                HAL_HCD_HC_Halt
 *fill*         0x080035da        0x2 
 .text.HAL_HCD_HC_SubmitRequest
                0x080035dc      0x2cc Drivers\STM32F7xx_HAL_Driver\stm32f7xx_hal_hcd.o
                0x080035dc                HAL_HCD_HC_SubmitRequest
 .text.HAL_HCD_IRQHandler
                0x080038a8      0x204 Drivers\STM32F7xx_HAL_Driver\stm32f7xx_hal_hcd.o
                0x080038a8                HAL_HCD_IRQHandler
 .text.HAL_HCD_Start
                0x08003aac       0x46 Drivers\STM32F7xx_HAL_Driver\stm32f7xx_hal_hcd.o
                0x08003aac                HAL_HCD_Start
 .text.HAL_HCD_Stop
                0x08003af2       0x3a Drivers\STM32F7xx_HAL_Driver\stm32f7xx_hal_hcd.o
                0x08003af2                HAL_HCD_Stop
 .text.HAL_HCD_ResetPort
                0x08003b2c       0x1c Drivers\STM32F7xx_HAL_Driver\stm32f7xx_hal_hcd.o
                0x08003b2c                HAL_HCD_ResetPort
 .text.HAL_HCD_HC_GetURBState
                0x08003b48       0x2a Drivers\STM32F7xx_HAL_Driver\stm32f7xx_hal_hcd.o
                0x08003b48                HAL_HCD_HC_GetURBState
 .text.HAL_HCD_HC_GetXferCount
                0x08003b72       0x2a Drivers\STM32F7xx_HAL_Driver\stm32f7xx_hal_hcd.o
                0x08003b72                HAL_HCD_HC_GetXferCount
 .text.HAL_HCD_GetCurrentFrame
                0x08003b9c       0x1c Drivers\STM32F7xx_HAL_Driver\stm32f7xx_hal_hcd.o
                0x08003b9c                HAL_HCD_GetCurrentFrame
 .text.HAL_HCD_GetCurrentSpeed
                0x08003bb8       0x1c Drivers\STM32F7xx_HAL_Driver\stm32f7xx_hal_hcd.o
                0x08003bb8                HAL_HCD_GetCurrentSpeed
 .text.HCD_HC_IN_IRQHandler
                0x08003bd4      0x724 Drivers\STM32F7xx_HAL_Driver\stm32f7xx_hal_hcd.o
 .text.HCD_HC_OUT_IRQHandler
                0x080042f8      0x6b8 Drivers\STM32F7xx_HAL_Driver\stm32f7xx_hal_hcd.o
 .text.HCD_RXQLVL_IRQHandler
                0x080049b0      0x164 Drivers\STM32F7xx_HAL_Driver\stm32f7xx_hal_hcd.o
 .text.HCD_Port_IRQHandler
                0x08004b14      0x112 Drivers\STM32F7xx_HAL_Driver\stm32f7xx_hal_hcd.o
 *fill*         0x08004c26        0x2 
 .text.HAL_I2C_Init
                0x08004c28      0x11c Drivers\STM32F7xx_HAL_Driver\stm32f7xx_hal_i2c.o
                0x08004c28                HAL_I2C_Init
 .text.HAL_I2CEx_ConfigAnalogFilter
                0x08004d44       0x96 Drivers\STM32F7xx_HAL_Driver\stm32f7xx_hal_i2c_ex.o
                0x08004d44                HAL_I2CEx_ConfigAnalogFilter
 .text.HAL_I2CEx_ConfigDigitalFilter
                0x08004dda       0x9c Drivers\STM32F7xx_HAL_Driver\stm32f7xx_hal_i2c_ex.o
                0x08004dda                HAL_I2CEx_ConfigDigitalFilter
 *fill*         0x08004e76        0x2 
 .text.HAL_LTDC_Init
                0x08004e78      0x1b8 Drivers\STM32F7xx_HAL_Driver\stm32f7xx_hal_ltdc.o
                0x08004e78                HAL_LTDC_Init
 .text.HAL_LTDC_ConfigLayer
                0x08005030       0x7c Drivers\STM32F7xx_HAL_Driver\stm32f7xx_hal_ltdc.o
                0x08005030                HAL_LTDC_ConfigLayer
 .text.HAL_LTDC_GetState
                0x080050ac       0x1c Drivers\STM32F7xx_HAL_Driver\stm32f7xx_hal_ltdc.o
                0x080050ac                HAL_LTDC_GetState
 .text.LTDC_SetConfig
                0x080050c8      0x350 Drivers\STM32F7xx_HAL_Driver\stm32f7xx_hal_ltdc.o
 .text.HAL_PWREx_EnableOverDrive
                0x08005418       0xa0 Drivers\STM32F7xx_HAL_Driver\stm32f7xx_hal_pwr_ex.o
                0x08005418                HAL_PWREx_EnableOverDrive
 .text.HAL_RCC_OscConfig
                0x080054b8      0x4e0 Drivers\STM32F7xx_HAL_Driver\stm32f7xx_hal_rcc.o
                0x080054b8                HAL_RCC_OscConfig
 .text.HAL_RCC_ClockConfig
                0x08005998      0x1d0 Drivers\STM32F7xx_HAL_Driver\stm32f7xx_hal_rcc.o
                0x08005998                HAL_RCC_ClockConfig
 .text.HAL_RCC_GetSysClockFreq
                0x08005b68      0x16c Drivers\STM32F7xx_HAL_Driver\stm32f7xx_hal_rcc.o
                0x08005b68                HAL_RCC_GetSysClockFreq
 .text.HAL_RCC_GetHCLKFreq
                0x08005cd4       0x18 Drivers\STM32F7xx_HAL_Driver\stm32f7xx_hal_rcc.o
                0x08005cd4                HAL_RCC_GetHCLKFreq
 .text.HAL_RCC_GetPCLK1Freq
                0x08005cec       0x28 Drivers\STM32F7xx_HAL_Driver\stm32f7xx_hal_rcc.o
                0x08005cec                HAL_RCC_GetPCLK1Freq
 .text.HAL_RCC_GetPCLK2Freq
                0x08005d14       0x28 Drivers\STM32F7xx_HAL_Driver\stm32f7xx_hal_rcc.o
                0x08005d14                HAL_RCC_GetPCLK2Freq
 .text.HAL_RCC_GetClockConfig
                0x08005d3c       0x64 Drivers\STM32F7xx_HAL_Driver\stm32f7xx_hal_rcc.o
                0x08005d3c                HAL_RCC_GetClockConfig
 .text.HAL_RCCEx_PeriphCLKConfig
                0x08005da0      0x7dc Drivers\STM32F7xx_HAL_Driver\stm32f7xx_hal_rcc_ex.o
                0x08005da0                HAL_RCCEx_PeriphCLKConfig
 .text.HAL_SDRAM_Init
                0x0800657c       0x68 Drivers\STM32F7xx_HAL_Driver\stm32f7xx_hal_sdram.o
                0x0800657c                HAL_SDRAM_Init
 .text.HAL_SDRAM_Read_32b
                0x080065e4       0x7e Drivers\STM32F7xx_HAL_Driver\stm32f7xx_hal_sdram.o
                0x080065e4                HAL_SDRAM_Read_32b
 .text.HAL_SDRAM_Write_32b
                0x08006662       0x86 Drivers\STM32F7xx_HAL_Driver\stm32f7xx_hal_sdram.o
                0x08006662                HAL_SDRAM_Write_32b
 .text.HAL_SDRAM_SendCommand
                0x080066e8       0x56 Drivers\STM32F7xx_HAL_Driver\stm32f7xx_hal_sdram.o
                0x080066e8                HAL_SDRAM_SendCommand
 .text.HAL_TIM_Base_Init
                0x0800673e       0x56 Drivers\STM32F7xx_HAL_Driver\stm32f7xx_hal_tim.o
                0x0800673e                HAL_TIM_Base_Init
 .text.HAL_TIM_Base_Start
                0x08006794       0x36 Drivers\STM32F7xx_HAL_Driver\stm32f7xx_hal_tim.o
                0x08006794                HAL_TIM_Base_Start
 .text.HAL_TIM_Base_Stop
                0x080067ca       0x56 Drivers\STM32F7xx_HAL_Driver\stm32f7xx_hal_tim.o
                0x080067ca                HAL_TIM_Base_Stop
 .text.HAL_TIM_Base_Start_IT
                0x08006820       0x36 Drivers\STM32F7xx_HAL_Driver\stm32f7xx_hal_tim.o
                0x08006820                HAL_TIM_Base_Start_IT
 .text.HAL_TIM_IRQHandler
                0x08006856      0x23e Drivers\STM32F7xx_HAL_Driver\stm32f7xx_hal_tim.o
                0x08006856                HAL_TIM_IRQHandler
 .text.HAL_TIM_ConfigClockSource
                0x08006a94      0x1c0 Drivers\STM32F7xx_HAL_Driver\stm32f7xx_hal_tim.o
                0x08006a94                HAL_TIM_ConfigClockSource
 .text.HAL_TIM_OC_DelayElapsedCallback
                0x08006c54       0x14 Drivers\STM32F7xx_HAL_Driver\stm32f7xx_hal_tim.o
                0x08006c54                HAL_TIM_OC_DelayElapsedCallback
 .text.HAL_TIM_IC_CaptureCallback
                0x08006c68       0x14 Drivers\STM32F7xx_HAL_Driver\stm32f7xx_hal_tim.o
                0x08006c68                HAL_TIM_IC_CaptureCallback
 .text.HAL_TIM_PWM_PulseFinishedCallback
                0x08006c7c       0x14 Drivers\STM32F7xx_HAL_Driver\stm32f7xx_hal_tim.o
                0x08006c7c                HAL_TIM_PWM_PulseFinishedCallback
 .text.HAL_TIM_TriggerCallback
                0x08006c90       0x14 Drivers\STM32F7xx_HAL_Driver\stm32f7xx_hal_tim.o
                0x08006c90                HAL_TIM_TriggerCallback
 .text.TIM_Base_SetConfig
                0x08006ca4      0x160 Drivers\STM32F7xx_HAL_Driver\stm32f7xx_hal_tim.o
                0x08006ca4                TIM_Base_SetConfig
 .text.TIM_TI1_ConfigInputStage
                0x08006e04       0x66 Drivers\STM32F7xx_HAL_Driver\stm32f7xx_hal_tim.o
 .text.TIM_TI2_ConfigInputStage
                0x08006e6a       0x68 Drivers\STM32F7xx_HAL_Driver\stm32f7xx_hal_tim.o
 .text.TIM_ITRx_SetConfig
                0x08006ed2       0x40 Drivers\STM32F7xx_HAL_Driver\stm32f7xx_hal_tim.o
 .text.TIM_ETR_SetConfig
                0x08006f12       0x44 Drivers\STM32F7xx_HAL_Driver\stm32f7xx_hal_tim.o
                0x08006f12                TIM_ETR_SetConfig
 *fill*         0x08006f56        0x2 
 .text.HAL_TIMEx_MasterConfigSynchronization
                0x08006f58       0xa8 Drivers\STM32F7xx_HAL_Driver\stm32f7xx_hal_tim_ex.o
                0x08006f58                HAL_TIMEx_MasterConfigSynchronization
 .text.HAL_TIMEx_CommutationCallback
                0x08007000       0x14 Drivers\STM32F7xx_HAL_Driver\stm32f7xx_hal_tim_ex.o
                0x08007000                HAL_TIMEx_CommutationCallback
 .text.HAL_TIMEx_BreakCallback
                0x08007014       0x14 Drivers\STM32F7xx_HAL_Driver\stm32f7xx_hal_tim_ex.o
                0x08007014                HAL_TIMEx_BreakCallback
 .text.HAL_UART_Init
                0x08007028       0xa2 Drivers\STM32F7xx_HAL_Driver\stm32f7xx_hal_uart.o
                0x08007028                HAL_UART_Init
 .text.HAL_UART_Transmit
                0x080070ca      0x116 Drivers\STM32F7xx_HAL_Driver\stm32f7xx_hal_uart.o
                0x080070ca                HAL_UART_Transmit
 .text.HAL_UART_Receive
                0x080071e0      0x184 Drivers\STM32F7xx_HAL_Driver\stm32f7xx_hal_uart.o
                0x080071e0                HAL_UART_Receive
 .text.UART_WaitOnFlagUntilTimeout
                0x08007364       0x94 Drivers\STM32F7xx_HAL_Driver\stm32f7xx_hal_uart.o
                0x08007364                UART_WaitOnFlagUntilTimeout
 .text.UART_SetConfig
                0x080073f8      0x4dc Drivers\STM32F7xx_HAL_Driver\stm32f7xx_hal_uart.o
                0x080073f8                UART_SetConfig
 .text.UART_AdvFeatureConfig
                0x080078d4      0x144 Drivers\STM32F7xx_HAL_Driver\stm32f7xx_hal_uart.o
                0x080078d4                UART_AdvFeatureConfig
 .text.UART_CheckIdleState
                0x08007a18       0x66 Drivers\STM32F7xx_HAL_Driver\stm32f7xx_hal_uart.o
                0x08007a18                UART_CheckIdleState
 *fill*         0x08007a7e        0x2 
 .text.FMC_SDRAM_Init
                0x08007a80       0xe4 Drivers\STM32F7xx_HAL_Driver\stm32f7xx_ll_fmc.o
                0x08007a80                FMC_SDRAM_Init
 .text.FMC_SDRAM_Timing_Init
                0x08007b64      0x100 Drivers\STM32F7xx_HAL_Driver\stm32f7xx_ll_fmc.o
                0x08007b64                FMC_SDRAM_Timing_Init
 .text.FMC_SDRAM_SendCommand
                0x08007c64       0x42 Drivers\STM32F7xx_HAL_Driver\stm32f7xx_ll_fmc.o
                0x08007c64                FMC_SDRAM_SendCommand
 *fill*         0x08007ca6        0x2 
 .text.USB_CoreInit
                0x08007ca8       0xa4 Drivers\STM32F7xx_HAL_Driver\stm32f7xx_ll_usb.o
                0x08007ca8                USB_CoreInit
 .text.USB_EnableGlobalInt
                0x08007d4c       0x22 Drivers\STM32F7xx_HAL_Driver\stm32f7xx_ll_usb.o
                0x08007d4c                USB_EnableGlobalInt
 .text.USB_DisableGlobalInt
                0x08007d6e       0x22 Drivers\STM32F7xx_HAL_Driver\stm32f7xx_ll_usb.o
                0x08007d6e                USB_DisableGlobalInt
 .text.USB_SetCurrentMode
                0x08007d90       0x4e Drivers\STM32F7xx_HAL_Driver\stm32f7xx_ll_usb.o
                0x08007d90                USB_SetCurrentMode
 *fill*         0x08007dde        0x2 
 .text.USB_FlushTxFifo
                0x08007de0       0x4c Drivers\STM32F7xx_HAL_Driver\stm32f7xx_ll_usb.o
                0x08007de0                USB_FlushTxFifo
 .text.USB_FlushRxFifo
                0x08007e2c       0x44 Drivers\STM32F7xx_HAL_Driver\stm32f7xx_ll_usb.o
                0x08007e2c                USB_FlushRxFifo
 .text.USB_WritePacket
                0x08007e70       0x70 Drivers\STM32F7xx_HAL_Driver\stm32f7xx_ll_usb.o
                0x08007e70                USB_WritePacket
 .text.USB_ReadPacket
                0x08007ee0       0x54 Drivers\STM32F7xx_HAL_Driver\stm32f7xx_ll_usb.o
                0x08007ee0                USB_ReadPacket
 .text.USB_ReadInterrupts
                0x08007f34       0x2a Drivers\STM32F7xx_HAL_Driver\stm32f7xx_ll_usb.o
                0x08007f34                USB_ReadInterrupts
 .text.USB_GetMode
                0x08007f5e       0x1c Drivers\STM32F7xx_HAL_Driver\stm32f7xx_ll_usb.o
                0x08007f5e                USB_GetMode
 *fill*         0x08007f7a        0x2 
 .text.USB_CoreReset
                0x08007f7c       0x68 Drivers\STM32F7xx_HAL_Driver\stm32f7xx_ll_usb.o
 .text.USB_HostInit
                0x08007fe4      0x140 Drivers\STM32F7xx_HAL_Driver\stm32f7xx_ll_usb.o
                0x08007fe4                USB_HostInit
 .text.USB_InitFSLSPClkSel
                0x08008124       0x74 Drivers\STM32F7xx_HAL_Driver\stm32f7xx_ll_usb.o
                0x08008124                USB_InitFSLSPClkSel
 .text.USB_ResetPort
                0x08008198       0x50 Drivers\STM32F7xx_HAL_Driver\stm32f7xx_ll_usb.o
                0x08008198                USB_ResetPort
 .text.USB_DriveVbus
                0x080081e8       0x6e Drivers\STM32F7xx_HAL_Driver\stm32f7xx_ll_usb.o
                0x080081e8                USB_DriveVbus
 .text.USB_GetHostSpeed
                0x08008256       0x26 Drivers\STM32F7xx_HAL_Driver\stm32f7xx_ll_usb.o
                0x08008256                USB_GetHostSpeed
 .text.USB_GetCurrentFrame
                0x0800827c       0x1e Drivers\STM32F7xx_HAL_Driver\stm32f7xx_ll_usb.o
                0x0800827c                USB_GetCurrentFrame
 *fill*         0x0800829a        0x2 
 .text.USB_HC_Init
                0x0800829c      0x1f8 Drivers\STM32F7xx_HAL_Driver\stm32f7xx_ll_usb.o
                0x0800829c                USB_HC_Init
 .text.USB_HC_StartXfer
                0x08008494      0x2a8 Drivers\STM32F7xx_HAL_Driver\stm32f7xx_ll_usb.o
                0x08008494                USB_HC_StartXfer
 .text.USB_HC_ReadInterrupt
                0x0800873c       0x1e Drivers\STM32F7xx_HAL_Driver\stm32f7xx_ll_usb.o
                0x0800873c                USB_HC_ReadInterrupt
 .text.USB_HC_Halt
                0x0800875a      0x214 Drivers\STM32F7xx_HAL_Driver\stm32f7xx_ll_usb.o
                0x0800875a                USB_HC_Halt
 *fill*         0x0800896e        0x2 
 .text.USB_DoPing
                0x08008970       0x78 Drivers\STM32F7xx_HAL_Driver\stm32f7xx_ll_usb.o
                0x08008970                USB_DoPing
 .text.USB_StopHost
                0x080089e8      0x108 Drivers\STM32F7xx_HAL_Driver\stm32f7xx_ll_usb.o
                0x080089e8                USB_StopHost
 .text.disk_status
                0x08008af0       0x34 Middlewares\FatFs\diskio.o
                0x08008af0                disk_status
 .text.disk_initialize
                0x08008b24       0x4c Middlewares\FatFs\diskio.o
                0x08008b24                disk_initialize
 .text.disk_read
                0x08008b70       0x40 Middlewares\FatFs\diskio.o
                0x08008b70                disk_read
 .text.disk_write
                0x08008bb0       0x40 Middlewares\FatFs\diskio.o
                0x08008bb0                disk_write
 .text.disk_ioctl
                0x08008bf0       0x3c Middlewares\FatFs\diskio.o
                0x08008bf0                disk_ioctl
 .text.ld_word  0x08008c2c       0x30 Middlewares\FatFs\ff.o
 .text.ld_dword
                0x08008c5c       0x46 Middlewares\FatFs\ff.o
 .text.st_word  0x08008ca2       0x36 Middlewares\FatFs\ff.o
 .text.st_dword
                0x08008cd8       0x58 Middlewares\FatFs\ff.o
 .text.mem_cpy  0x08008d30       0x42 Middlewares\FatFs\ff.o
 .text.mem_set  0x08008d72       0x34 Middlewares\FatFs\ff.o
 .text.mem_cmp  0x08008da6       0x4e Middlewares\FatFs\ff.o
 .text.chk_chr  0x08008df4       0x36 Middlewares\FatFs\ff.o
 .text.lock_fs  0x08008e2a       0x2c Middlewares\FatFs\ff.o
 .text.unlock_fs
                0x08008e56       0x36 Middlewares\FatFs\ff.o
 .text.chk_lock
                0x08008e8c       0xb8 Middlewares\FatFs\ff.o
 .text.enq_lock
                0x08008f44       0x44 Middlewares\FatFs\ff.o
 .text.inc_lock
                0x08008f88      0x11c Middlewares\FatFs\ff.o
 .text.dec_lock
                0x080090a4       0x78 Middlewares\FatFs\ff.o
 .text.clear_lock
                0x0800911c       0x48 Middlewares\FatFs\ff.o
 .text.sync_window
                0x08009164       0x88 Middlewares\FatFs\ff.o
 .text.move_window
                0x080091ec       0x5a Middlewares\FatFs\ff.o
 *fill*         0x08009246        0x2 
 .text.sync_fs  0x08009248       0xdc Middlewares\FatFs\ff.o
 .text.clust2sect
                0x08009324       0x3e Middlewares\FatFs\ff.o
 .text.get_fat  0x08009362      0x14a Middlewares\FatFs\ff.o
 .text.put_fat  0x080094ac      0x1ce Middlewares\FatFs\ff.o
 .text.remove_chain
                0x0800967a       0xca Middlewares\FatFs\ff.o
 .text.create_chain
                0x08009744      0x130 Middlewares\FatFs\ff.o
 .text.clmt_clust
                0x08009874       0x68 Middlewares\FatFs\ff.o
 .text.dir_sdi  0x080098dc       0xf6 Middlewares\FatFs\ff.o
 .text.dir_next
                0x080099d2      0x18a Middlewares\FatFs\ff.o
 .text.dir_alloc
                0x08009b5c       0x8e Middlewares\FatFs\ff.o
 .text.ld_clust
                0x08009bea       0x3e Middlewares\FatFs\ff.o
 .text.st_clust
                0x08009c28       0x40 Middlewares\FatFs\ff.o
 .text.dir_read
                0x08009c68       0xba Middlewares\FatFs\ff.o
 .text.dir_find
                0x08009d22       0xaa Middlewares\FatFs\ff.o
 .text.dir_register
                0x08009dcc       0x64 Middlewares\FatFs\ff.o
 .text.get_fileinfo
                0x08009e30       0xbe Middlewares\FatFs\ff.o
 *fill*         0x08009eee        0x2 
 .text.create_name
                0x08009ef0      0x128 Middlewares\FatFs\ff.o
 .text.follow_path
                0x0800a018       0xe2 Middlewares\FatFs\ff.o
 .text.get_ldnumber
                0x0800a0fa       0x88 Middlewares\FatFs\ff.o
 *fill*         0x0800a182        0x2 
 .text.check_fs
                0x0800a184       0xac Middlewares\FatFs\ff.o
 .text.find_volume
                0x0800a230      0x4a8 Middlewares\FatFs\ff.o
 .text.validate
                0x0800a6d8       0x7c Middlewares\FatFs\ff.o
 .text.f_mount  0x0800a754       0xc8 Middlewares\FatFs\ff.o
                0x0800a754                f_mount
 .text.f_open   0x0800a81c      0x38a Middlewares\FatFs\ff.o
                0x0800a81c                f_open
 .text.f_read   0x0800aba6      0x2dc Middlewares\FatFs\ff.o
                0x0800aba6                f_read
 .text.f_write  0x0800ae82      0x348 Middlewares\FatFs\ff.o
                0x0800ae82                f_write
 .text.f_sync   0x0800b1ca      0x112 Middlewares\FatFs\ff.o
                0x0800b1ca                f_sync
 .text.f_close  0x0800b2dc       0x5e Middlewares\FatFs\ff.o
                0x0800b2dc                f_close
 .text.f_opendir
                0x0800b33a       0xf2 Middlewares\FatFs\ff.o
                0x0800b33a                f_opendir
 .text.f_closedir
                0x0800b42c       0x56 Middlewares\FatFs\ff.o
                0x0800b42c                f_closedir
 .text.f_readdir
                0x0800b482       0x86 Middlewares\FatFs\ff.o
                0x0800b482                f_readdir
 .text.f_getfree
                0x0800b508      0x178 Middlewares\FatFs\ff.o
                0x0800b508                f_getfree
 .text.f_mkfs   0x0800b680      0x858 Middlewares\FatFs\ff.o
                0x0800b680                f_mkfs
 .text.FATFS_LinkDriverEx
                0x0800bed8       0x98 Middlewares\FatFs\ff_gen_drv.o
                0x0800bed8                FATFS_LinkDriverEx
 .text.FATFS_LinkDriver
                0x0800bf70       0x1e Middlewares\FatFs\ff_gen_drv.o
                0x0800bf70                FATFS_LinkDriver
 *fill*         0x0800bf8e        0x2 
 .text.FATFS_UnLinkDriverEx
                0x0800bf90       0x70 Middlewares\FatFs\ff_gen_drv.o
                0x0800bf90                FATFS_UnLinkDriverEx
 .text.FATFS_UnLinkDriver
                0x0800c000       0x1a Middlewares\FatFs\ff_gen_drv.o
                0x0800c000                FATFS_UnLinkDriver
 .text.ff_cre_syncobj
                0x0800c01a       0x3c Middlewares\FatFs\syscall.o
                0x0800c01a                ff_cre_syncobj
 .text.ff_del_syncobj
                0x0800c056       0x18 Middlewares\FatFs\syscall.o
                0x0800c056                ff_del_syncobj
 .text.ff_req_grant
                0x0800c06e       0x2a Middlewares\FatFs\syscall.o
                0x0800c06e                ff_req_grant
 .text.ff_rel_grant
                0x0800c098       0x16 Middlewares\FatFs\syscall.o
                0x0800c098                ff_rel_grant
 .text.makeFreeRtosPriority
                0x0800c0ae       0x30 Middlewares\FreeRTOS\cmsis_os.o
 .text.inHandlerMode
                0x0800c0de       0x24 Middlewares\FreeRTOS\cmsis_os.o
 .text.osKernelStart
                0x0800c102        0xe Middlewares\FreeRTOS\cmsis_os.o
                0x0800c102                osKernelStart
 .text.osThreadCreate
                0x0800c110       0x4e Middlewares\FreeRTOS\cmsis_os.o
                0x0800c110                osThreadCreate
 .text.osDelay  0x0800c15e       0x28 Middlewares\FreeRTOS\cmsis_os.o
                0x0800c15e                osDelay
 .text.osSemaphoreCreate
                0x0800c186       0x3c Middlewares\FreeRTOS\cmsis_os.o
                0x0800c186                osSemaphoreCreate
 *fill*         0x0800c1c2        0x2 
 .text.osSemaphoreWait
                0x0800c1c4       0xa0 Middlewares\FreeRTOS\cmsis_os.o
                0x0800c1c4                osSemaphoreWait
 .text.osSemaphoreRelease
                0x0800c264       0x6c Middlewares\FreeRTOS\cmsis_os.o
                0x0800c264                osSemaphoreRelease
 .text.osSemaphoreDelete
                0x0800c2d0       0x26 Middlewares\FreeRTOS\cmsis_os.o
                0x0800c2d0                osSemaphoreDelete
 .text.osMessageCreate
                0x0800c2f6       0x24 Middlewares\FreeRTOS\cmsis_os.o
                0x0800c2f6                osMessageCreate
 *fill*         0x0800c31a        0x2 
 .text.osMessagePut
                0x0800c31c       0x80 Middlewares\FreeRTOS\cmsis_os.o
                0x0800c31c                osMessagePut
 .text.osMessageGet
                0x0800c39c       0xe8 Middlewares\FreeRTOS\cmsis_os.o
                0x0800c39c                osMessageGet
 .text.osSystickHandler
                0x0800c484       0x16 Middlewares\FreeRTOS\cmsis_os.o
                0x0800c484                osSystickHandler
 *fill*         0x0800c49a        0x2 
 .text.pvPortMalloc
                0x0800c49c      0x190 Middlewares\FreeRTOS\heap_4.o
                0x0800c49c                pvPortMalloc
 .text.vPortFree
                0x0800c62c       0xb8 Middlewares\FreeRTOS\heap_4.o
                0x0800c62c                vPortFree
 .text.prvHeapInit
                0x0800c6e4       0xc4 Middlewares\FreeRTOS\heap_4.o
 .text.prvInsertBlockIntoFreeList
                0x0800c7a8       0xb4 Middlewares\FreeRTOS\heap_4.o
 .text.vListInitialise
                0x0800c85c       0x40 Middlewares\FreeRTOS\list.o
                0x0800c85c                vListInitialise
 .text.vListInitialiseItem
                0x0800c89c       0x1a Middlewares\FreeRTOS\list.o
                0x0800c89c                vListInitialiseItem
 .text.vListInsertEnd
                0x0800c8b6       0x48 Middlewares\FreeRTOS\list.o
                0x0800c8b6                vListInsertEnd
 .text.vListInsert
                0x0800c8fe       0x72 Middlewares\FreeRTOS\list.o
                0x0800c8fe                vListInsert
 .text.uxListRemove
                0x0800c970       0x54 Middlewares\FreeRTOS\list.o
                0x0800c970                uxListRemove
 .text.pxPortInitialiseStack
                0x0800c9c4       0x68 Middlewares\FreeRTOS\port.o
                0x0800c9c4                pxPortInitialiseStack
 .text.prvTaskExitError
                0x0800ca2c       0x44 Middlewares\FreeRTOS\port.o
 .text.SVC_Handler
                0x0800ca70       0x28 Middlewares\FreeRTOS\port.o
                0x0800ca70                SVC_Handler
 .text.prvPortStartFirstTask
                0x0800ca98       0x20 Middlewares\FreeRTOS\port.o
 .text.xPortStartScheduler
                0x0800cab8       0xd0 Middlewares\FreeRTOS\port.o
                0x0800cab8                xPortStartScheduler
 .text.vPortEnterCritical
                0x0800cb88       0x64 Middlewares\FreeRTOS\port.o
                0x0800cb88                vPortEnterCritical
 .text.vPortExitCritical
                0x0800cbec       0x54 Middlewares\FreeRTOS\port.o
                0x0800cbec                vPortExitCritical
 .text.PendSV_Handler
                0x0800cc40       0x68 Middlewares\FreeRTOS\port.o
                0x0800cc40                PendSV_Handler
 .text.xPortSysTickHandler
                0x0800cca8       0x44 Middlewares\FreeRTOS\port.o
                0x0800cca8                xPortSysTickHandler
 .text.vPortSetupTimerInterrupt
                0x0800ccec       0x38 Middlewares\FreeRTOS\port.o
                0x0800ccec                vPortSetupTimerInterrupt
 .text.vPortEnableVFP
                0x0800cd24       0x14 Middlewares\FreeRTOS\port.o
 .text.vPortValidateInterruptPriority
                0x0800cd38       0x84 Middlewares\FreeRTOS\port.o
                0x0800cd38                vPortValidateInterruptPriority
 .text.xQueueGenericReset
                0x0800cdbc       0xd4 Middlewares\FreeRTOS\queue.o
                0x0800cdbc                xQueueGenericReset
 .text.xQueueGenericCreate
                0x0800ce90       0x76 Middlewares\FreeRTOS\queue.o
                0x0800ce90                xQueueGenericCreate
 .text.prvInitialiseNewQueue
                0x0800cf06       0x3e Middlewares\FreeRTOS\queue.o
 .text.xQueueGenericSend
                0x0800cf44      0x204 Middlewares\FreeRTOS\queue.o
                0x0800cf44                xQueueGenericSend
 .text.xQueueGenericSendFromISR
                0x0800d148      0x138 Middlewares\FreeRTOS\queue.o
                0x0800d148                xQueueGenericSendFromISR
 .text.xQueueGiveFromISR
                0x0800d280      0x122 Middlewares\FreeRTOS\queue.o
                0x0800d280                xQueueGiveFromISR
 *fill*         0x0800d3a2        0x2 
 .text.xQueueGenericReceive
                0x0800d3a4      0x230 Middlewares\FreeRTOS\queue.o
                0x0800d3a4                xQueueGenericReceive
 .text.xQueueReceiveFromISR
                0x0800d5d4      0x106 Middlewares\FreeRTOS\queue.o
                0x0800d5d4                xQueueReceiveFromISR
 .text.vQueueDelete
                0x0800d6da       0x3e Middlewares\FreeRTOS\queue.o
                0x0800d6da                vQueueDelete
 .text.prvCopyDataToQueue
                0x0800d718       0xd4 Middlewares\FreeRTOS\queue.o
 .text.prvCopyDataFromQueue
                0x0800d7ec       0x4c Middlewares\FreeRTOS\queue.o
 .text.prvUnlockQueue
                0x0800d838       0xa4 Middlewares\FreeRTOS\queue.o
 .text.prvIsQueueEmpty
                0x0800d8dc       0x2c Middlewares\FreeRTOS\queue.o
 .text.prvIsQueueFull
                0x0800d908       0x30 Middlewares\FreeRTOS\queue.o
 .text.vQueueUnregisterQueue
                0x0800d938       0x54 Middlewares\FreeRTOS\queue.o
                0x0800d938                vQueueUnregisterQueue
 .text.xTaskCreate
                0x0800d98c       0x82 Middlewares\FreeRTOS\tasks.o
                0x0800d98c                xTaskCreate
 *fill*         0x0800da0e        0x2 
 .text.prvInitialiseNewTask
                0x0800da10      0x130 Middlewares\FreeRTOS\tasks.o
 .text.prvAddNewTaskToReadyList
                0x0800db40       0xd4 Middlewares\FreeRTOS\tasks.o
 .text.vTaskDelay
                0x0800dc14       0x6c Middlewares\FreeRTOS\tasks.o
                0x0800dc14                vTaskDelay
 .text.vTaskStartScheduler
                0x0800dc80       0xa8 Middlewares\FreeRTOS\tasks.o
                0x0800dc80                vTaskStartScheduler
 .text.vTaskSuspendAll
                0x0800dd28       0x1c Middlewares\FreeRTOS\tasks.o
                0x0800dd28                vTaskSuspendAll
 .text.xTaskResumeAll
                0x0800dd44      0x13c Middlewares\FreeRTOS\tasks.o
                0x0800dd44                xTaskResumeAll
 .text.xTaskIncrementTick
                0x0800de80      0x17c Middlewares\FreeRTOS\tasks.o
                0x0800de80                xTaskIncrementTick
 .text.vTaskSwitchContext
                0x0800dffc       0xc8 Middlewares\FreeRTOS\tasks.o
                0x0800dffc                vTaskSwitchContext
 .text.vTaskPlaceOnEventList
                0x0800e0c4       0x4c Middlewares\FreeRTOS\tasks.o
                0x0800e0c4                vTaskPlaceOnEventList
 .text.xTaskRemoveFromEventList
                0x0800e110       0xc8 Middlewares\FreeRTOS\tasks.o
                0x0800e110                xTaskRemoveFromEventList
 .text.vTaskSetTimeOutState
                0x0800e1d8       0x4c Middlewares\FreeRTOS\tasks.o
                0x0800e1d8                vTaskSetTimeOutState
 .text.xTaskCheckForTimeOut
                0x0800e224       0xc4 Middlewares\FreeRTOS\tasks.o
                0x0800e224                xTaskCheckForTimeOut
 .text.vTaskMissedYield
                0x0800e2e8       0x18 Middlewares\FreeRTOS\tasks.o
                0x0800e2e8                vTaskMissedYield
 .text.prvIdleTask
                0x0800e300       0x30 Middlewares\FreeRTOS\tasks.o
 .text.prvInitialiseTaskLists
                0x0800e330       0x80 Middlewares\FreeRTOS\tasks.o
 .text.prvCheckTasksWaitingTermination
                0x0800e3b0       0x78 Middlewares\FreeRTOS\tasks.o
 .text.prvDeleteTCB
                0x0800e428       0x2a Middlewares\FreeRTOS\tasks.o
 *fill*         0x0800e452        0x2 
 .text.prvResetNextTaskUnblockTime
                0x0800e454       0x4c Middlewares\FreeRTOS\tasks.o
 .text.xTaskGetSchedulerState
                0x0800e4a0       0x3c Middlewares\FreeRTOS\tasks.o
                0x0800e4a0                xTaskGetSchedulerState
 .text.vTaskPriorityInherit
                0x0800e4dc       0xec Middlewares\FreeRTOS\tasks.o
                0x0800e4dc                vTaskPriorityInherit
 .text.xTaskPriorityDisinherit
                0x0800e5c8      0x110 Middlewares\FreeRTOS\tasks.o
                0x0800e5c8                xTaskPriorityDisinherit
 .text.pvTaskIncrementMutexHeldCount
                0x0800e6d8       0x28 Middlewares\FreeRTOS\tasks.o
                0x0800e6d8                pvTaskIncrementMutexHeldCount
 .text.prvAddCurrentTaskToDelayedList
                0x0800e700       0xcc Middlewares\FreeRTOS\tasks.o
 .text.USBH_Init
                0x0800e7cc       0xa4 Middlewares\USB_Host_Library\Core\Src\usbh_core.o
                0x0800e7cc                USBH_Init
 .text.DeInitStateMachine
                0x0800e870       0x94 Middlewares\USB_Host_Library\Core\Src\usbh_core.o
 .text.USBH_RegisterClass
                0x0800e904       0x54 Middlewares\USB_Host_Library\Core\Src\usbh_core.o
                0x0800e904                USBH_RegisterClass
 .text.USBH_SelectInterface
                0x0800e958       0x38 Middlewares\USB_Host_Library\Core\Src\usbh_core.o
                0x0800e958                USBH_SelectInterface
 .text.USBH_FindInterface
                0x0800e990       0x96 Middlewares\USB_Host_Library\Core\Src\usbh_core.o
                0x0800e990                USBH_FindInterface
 .text.USBH_Start
                0x0800ea26       0x20 Middlewares\USB_Host_Library\Core\Src\usbh_core.o
                0x0800ea26                USBH_Start
 *fill*         0x0800ea46        0x2 
 .text.USBH_Process
                0x0800ea48      0x2e4 Middlewares\USB_Host_Library\Core\Src\usbh_core.o
                0x0800ea48                USBH_Process
 .text.USBH_HandleEnum
                0x0800ed2c      0x274 Middlewares\USB_Host_Library\Core\Src\usbh_core.o
 .text.USBH_LL_SetTimer
                0x0800efa0       0x1e Middlewares\USB_Host_Library\Core\Src\usbh_core.o
                0x0800efa0                USBH_LL_SetTimer
 .text.USBH_LL_IncTimer
                0x0800efbe       0x24 Middlewares\USB_Host_Library\Core\Src\usbh_core.o
                0x0800efbe                USBH_LL_IncTimer
 .text.USBH_HandleSof
                0x0800efe2       0x30 Middlewares\USB_Host_Library\Core\Src\usbh_core.o
 .text.USBH_LL_Connect
                0x0800f012       0x5c Middlewares\USB_Host_Library\Core\Src\usbh_core.o
                0x0800f012                USBH_LL_Connect
 .text.USBH_LL_Disconnect
                0x0800f06e       0x6a Middlewares\USB_Host_Library\Core\Src\usbh_core.o
                0x0800f06e                USBH_LL_Disconnect
 .text.USBH_Process_OS
                0x0800f0d8       0x2a Middlewares\USB_Host_Library\Core\Src\usbh_core.o
 .text.USBH_LL_NotifyURBChange
                0x0800f102       0x22 Middlewares\USB_Host_Library\Core\Src\usbh_core.o
                0x0800f102                USBH_LL_NotifyURBChange
 .text.USBH_Get_DevDesc
                0x0800f124       0x50 Middlewares\USB_Host_Library\Core\Src\usbh_ctlreq.o
                0x0800f124                USBH_Get_DevDesc
 .text.USBH_Get_CfgDesc
                0x0800f174       0x48 Middlewares\USB_Host_Library\Core\Src\usbh_ctlreq.o
                0x0800f174                USBH_Get_CfgDesc
 .text.USBH_Get_StringDesc
                0x0800f1bc       0x56 Middlewares\USB_Host_Library\Core\Src\usbh_ctlreq.o
                0x0800f1bc                USBH_Get_StringDesc
 .text.USBH_GetDescriptor
                0x0800f212       0x6a Middlewares\USB_Host_Library\Core\Src\usbh_ctlreq.o
                0x0800f212                USBH_GetDescriptor
 .text.USBH_SetAddress
                0x0800f27c       0x48 Middlewares\USB_Host_Library\Core\Src\usbh_ctlreq.o
                0x0800f27c                USBH_SetAddress
 .text.USBH_SetCfg
                0x0800f2c4       0x46 Middlewares\USB_Host_Library\Core\Src\usbh_ctlreq.o
                0x0800f2c4                USBH_SetCfg
 .text.USBH_ClrFeature
                0x0800f30a       0x48 Middlewares\USB_Host_Library\Core\Src\usbh_ctlreq.o
                0x0800f30a                USBH_ClrFeature
 .text.USBH_ParseDevDesc
                0x0800f352       0xe0 Middlewares\USB_Host_Library\Core\Src\usbh_ctlreq.o
 .text.USBH_ParseCfgDesc
                0x0800f432      0x14c Middlewares\USB_Host_Library\Core\Src\usbh_ctlreq.o
 .text.USBH_ParseInterfaceDesc
                0x0800f57e       0x5e Middlewares\USB_Host_Library\Core\Src\usbh_ctlreq.o
 .text.USBH_ParseEPDesc
                0x0800f5dc       0x5a Middlewares\USB_Host_Library\Core\Src\usbh_ctlreq.o
 .text.USBH_ParseStringDesc
                0x0800f636       0x66 Middlewares\USB_Host_Library\Core\Src\usbh_ctlreq.o
 .text.USBH_GetNextDesc
                0x0800f69c       0x36 Middlewares\USB_Host_Library\Core\Src\usbh_ctlreq.o
                0x0800f69c                USBH_GetNextDesc
 .text.USBH_CtlReq
                0x0800f6d2       0x8c Middlewares\USB_Host_Library\Core\Src\usbh_ctlreq.o
                0x0800f6d2                USBH_CtlReq
 *fill*         0x0800f75e        0x2 
 .text.USBH_HandleControl
                0x0800f760      0x3c0 Middlewares\USB_Host_Library\Core\Src\usbh_ctlreq.o
 .text.USBH_CtlSendSetup
                0x0800fb20       0x34 Middlewares\USB_Host_Library\Core\Src\usbh_ioreq.o
                0x0800fb20                USBH_CtlSendSetup
 .text.USBH_CtlSendData
                0x0800fb54       0x4a Middlewares\USB_Host_Library\Core\Src\usbh_ioreq.o
                0x0800fb54                USBH_CtlSendData
 .text.USBH_CtlReceiveData
                0x0800fb9e       0x3c Middlewares\USB_Host_Library\Core\Src\usbh_ioreq.o
                0x0800fb9e                USBH_CtlReceiveData
 .text.USBH_BulkSendData
                0x0800fbda       0x4a Middlewares\USB_Host_Library\Core\Src\usbh_ioreq.o
                0x0800fbda                USBH_BulkSendData
 .text.USBH_BulkReceiveData
                0x0800fc24       0x3c Middlewares\USB_Host_Library\Core\Src\usbh_ioreq.o
                0x0800fc24                USBH_BulkReceiveData
 .text.USBH_OpenPipe
                0x0800fc60       0x3e Middlewares\USB_Host_Library\Core\Src\usbh_pipes.o
                0x0800fc60                USBH_OpenPipe
 .text.USBH_ClosePipe
                0x0800fc9e       0x20 Middlewares\USB_Host_Library\Core\Src\usbh_pipes.o
                0x0800fc9e                USBH_ClosePipe
 .text.USBH_AllocPipe
                0x0800fcbe       0x40 Middlewares\USB_Host_Library\Core\Src\usbh_pipes.o
                0x0800fcbe                USBH_AllocPipe
 .text.USBH_FreePipe
                0x0800fcfe       0x3e Middlewares\USB_Host_Library\Core\Src\usbh_pipes.o
                0x0800fcfe                USBH_FreePipe
 .text.USBH_GetFreePipe
                0x0800fd3c       0x48 Middlewares\USB_Host_Library\Core\Src\usbh_pipes.o
 .text.USBH_MSC_InterfaceInit
                0x0800fd84      0x254 Middlewares\USB_Host_Library\MSC\Src\usbh_msc.o
 .text.USBH_MSC_InterfaceDeInit
                0x0800ffd8       0x8c Middlewares\USB_Host_Library\MSC\Src\usbh_msc.o
 .text.USBH_MSC_ClassRequest
                0x08010064       0xbe Middlewares\USB_Host_Library\MSC\Src\usbh_msc.o
 *fill*         0x08010122        0x2 
 .text.USBH_MSC_Process
                0x08010124      0x53c Middlewares\USB_Host_Library\MSC\Src\usbh_msc.o
 .text.USBH_MSC_SOFProcess
                0x08010660       0x16 Middlewares\USB_Host_Library\MSC\Src\usbh_msc.o
 .text.USBH_MSC_BOT_REQ_Reset
                0x08010676       0x3a Middlewares\USB_Host_Library\MSC\Src\usbh_msc_bot.o
                0x08010676                USBH_MSC_BOT_REQ_Reset
 .text.USBH_MSC_BOT_REQ_GetMaxLUN
                0x080106b0       0x3c Middlewares\USB_Host_Library\MSC\Src\usbh_msc_bot.o
                0x080106b0                USBH_MSC_BOT_REQ_GetMaxLUN
 .text.USBH_MSC_BOT_Init
                0x080106ec       0x44 Middlewares\USB_Host_Library\MSC\Src\usbh_msc_bot.o
                0x080106ec                USBH_MSC_BOT_Init
 .text.USBH_MSC_BOT_Process
                0x08010730      0x444 Middlewares\USB_Host_Library\MSC\Src\usbh_msc_bot.o
                0x08010730                USBH_MSC_BOT_Process
 .text.USBH_MSC_BOT_Abort
                0x08010b74       0x58 Middlewares\USB_Host_Library\MSC\Src\usbh_msc_bot.o
 .text.USBH_MSC_DecodeCSW
                0x08010bcc       0x88 Middlewares\USB_Host_Library\MSC\Src\usbh_msc_bot.o
 .text.USBH_MSC_SCSI_TestUnitReady
                0x08010c54       0x86 Middlewares\USB_Host_Library\MSC\Src\usbh_msc_scsi.o
                0x08010c54                USBH_MSC_SCSI_TestUnitReady
 .text.USBH_MSC_SCSI_ReadCapacity
                0x08010cda       0xf8 Middlewares\USB_Host_Library\MSC\Src\usbh_msc_scsi.o
                0x08010cda                USBH_MSC_SCSI_ReadCapacity
 .text.USBH_MSC_SCSI_Inquiry
                0x08010dd2      0x144 Middlewares\USB_Host_Library\MSC\Src\usbh_msc_scsi.o
                0x08010dd2                USBH_MSC_SCSI_Inquiry
 .text.USBH_MSC_SCSI_RequestSense
                0x08010f16       0xf2 Middlewares\USB_Host_Library\MSC\Src\usbh_msc_scsi.o
                0x08010f16                USBH_MSC_SCSI_RequestSense
 .text.String_GetString
                0x08011008      0x140 Src\MyString.o
                0x08011008                String_GetString
 .text.String_PutStringN
                0x08011148       0x38 Src\MyString.o
                0x08011148                String_PutStringN
 .text.String_PutByte
                0x08011180       0x28 Src\MyString.o
                0x08011180                String_PutByte
 .text.String_GetByte
                0x080111a8       0x24 Src\MyString.o
                0x080111a8                String_GetByte
 .text.BSP_SDRAM_Init
                0x080111cc       0x18 Src\bsp_driver_sdram.o
                0x080111cc                BSP_SDRAM_Init
 .text.BSP_SDRAM_ReadData
                0x080111e4       0x34 Src\bsp_driver_sdram.o
                0x080111e4                BSP_SDRAM_ReadData
 .text.BSP_SDRAM_WriteData
                0x08011218       0x34 Src\bsp_driver_sdram.o
                0x08011218                BSP_SDRAM_WriteData
 .text.BSP_SDRAM_Initialization_Sequence
                0x0801124c       0xbc Src\bsp_driver_sdram.o
                0x0801124c                BSP_SDRAM_Initialization_Sequence
 .text.MX_FATFS_Init
                0x08011308       0x24 Src\fatfs.o
                0x08011308                MX_FATFS_Init
 .text.get_fattime
                0x0801132c       0x10 Src\fatfs.o
                0x0801132c                get_fattime
 *fill*         0x0801133c        0x4 
 .text.myPrintf
                0x08011340      0x108 Src\functions.o
                0x08011340                myPrintf
 .text.initArray
                0x08011448       0x2e Src\functions.o
                0x08011448                initArray
 .text.insertArray
                0x08011476       0x3a Src\functions.o
                0x08011476                insertArray
 .text.freeArray
                0x080114b0       0x2e Src\functions.o
                0x080114b0                freeArray
 *fill*         0x080114de        0x2 
 .text.string_parse
                0x080114e0      0x154 Src\functions.o
                0x080114e0                string_parse
 .text.PlotData
                0x08011634       0x22 Src\functions.o
                0x08011634                PlotData
 *fill*         0x08011656        0x2 
 .text.InitScreen
                0x08011658       0x30 Src\functions.o
                0x08011658                InitScreen
 .text.LCDWrite
                0x08011688       0x36 Src\functions.o
                0x08011688                LCDWrite
 *fill*         0x080116be        0x2 
 .text.CountDown
                0x080116c0       0x80 Src\functions.o
                0x080116c0                CountDown
 .text.scan_files
                0x08011740       0xc0 Src\functions.o
                0x08011740                scan_files
 .text.SamplePoints
                0x08011800       0xbc Src\functions.o
                0x08011800                SamplePoints
 .text.AvgAndPlotPoints
                0x080118bc      0x138 Src\functions.o
                0x080118bc                AvgAndPlotPoints
 .text.WriteData2FS
                0x080119f4      0x144 Src\functions.o
                0x080119f4                WriteData2FS
 .text.DirList  0x08011b38      0x10c Src\functions.o
                0x08011b38                DirList
 .text.SCB_EnableICache
                0x08011c44       0x38 Src\main.o
 .text.SCB_EnableDCache
                0x08011c7c       0x80 Src\main.o
 .text.main     0x08011cfc      0x66c Src\main.o
                0x08011cfc                main
 .text.StartDefaultTask
                0x08012368       0x24 Src\main.o
                0x08012368                StartDefaultTask
 .text.__io_putchar
                0x0801238c       0x2c Src\main.o
                0x0801238c                __io_putchar
 .text._write   0x080123b8       0x38 Src\main.o
                0x080123b8                _write
 .text.__io_getchar
                0x080123f0       0x30 Src\main.o
                0x080123f0                __io_getchar
 .text._read    0x08012420       0x3a Src\main.o
                0x08012420                _read
 .text.vOutputChar
                0x0801245a       0x18 Src\main.o
                0x0801245a                vOutputChar
 .text.xApplicationMemoryPermissions
                0x08012472       0x16 Src\main.o
                0x08012472                xApplicationMemoryPermissions
 .text._Error_Handler
                0x08012488       0x20 Src\main.o
                0x08012488                _Error_Handler
 .text.SystemClock_Config
                0x080124a8      0x15c Src\main.o
                0x080124a8                SystemClock_Config
 .text.MX_ADC3_Init
                0x08012604       0xa4 Src\main.o
 .text.MX_CRC_Init
                0x080126a8       0x50 Src\main.o
 .text.MX_DMA2D_Init
                0x080126f8       0x74 Src\main.o
 .text.MX_I2C3_Init
                0x0801276c       0x94 Src\main.o
 .text.MX_LTDC_Init
                0x08012800      0x104 Src\main.o
 .text.MX_TIM2_Init
                0x08012904       0x98 Src\main.o
 .text.MX_TIM3_Init
                0x0801299c       0x98 Src\main.o
 .text.MX_USART1_UART_Init
                0x08012a34       0x68 Src\main.o
 .text.MX_WWDG_Init
                0x08012a9c       0x38 Src\main.o
 .text.MX_DMA_Init
                0x08012ad4      0x120 Src\main.o
 .text.MX_FMC_Init
                0x08012bf4       0x98 Src\main.o
 .text.MX_GPIO_Init
                0x08012c8c      0x638 Src\main.o
 .text.HAL_TIM_PeriodElapsedCallback
                0x080132c4       0x24 Src\main.o
                0x080132c4                HAL_TIM_PeriodElapsedCallback
 .text.strbuf_init
                0x080132e8       0x3c Src\printf-stdarg.o
 .text.strbuf_printchar
                0x08013324       0x7c Src\printf-stdarg.o
 .text.strbuf_printchar_inline
                0x080133a0       0x90 Src\printf-stdarg.o
 .text.prints   0x08013430      0x150 Src\printf-stdarg.o
 .text.printi   0x08013580      0x116 Src\printf-stdarg.o
 *fill*         0x08013696        0x2 
 .text.printIp  0x08013698       0x54 Src\printf-stdarg.o
 .text.usNetToHost
                0x080136ec       0x40 Src\printf-stdarg.o
 .text.printIPv6
                0x0801372c       0xea Src\printf-stdarg.o
 *fill*         0x08013816        0x2 
 .text.tiny_print
                0x08013818      0x334 Src\printf-stdarg.o
 .text.snprintf
                0x08013b4c       0x42 Src\printf-stdarg.o
                0x08013b4c                snprintf
 .text.sprintf  0x08013b8e       0x40 Src\printf-stdarg.o
                0x08013b8e                sprintf
 *fill*         0x08013bce        0x2 
 .text.SDRAMDISK_initialize
                0x08013bd0       0x3c Src\sdram_diskio.o
                0x08013bd0                SDRAMDISK_initialize
 .text.SDRAMDISK_status
                0x08013c0c       0x20 Src\sdram_diskio.o
                0x08013c0c                SDRAMDISK_status
 .text.SDRAMDISK_read
                0x08013c2c       0x48 Src\sdram_diskio.o
                0x08013c2c                SDRAMDISK_read
 .text.SDRAMDISK_write
                0x08013c74       0x48 Src\sdram_diskio.o
                0x08013c74                SDRAMDISK_write
 .text.SDRAMDISK_ioctl
                0x08013cbc       0x8c Src\sdram_diskio.o
                0x08013cbc                SDRAMDISK_ioctl
 .text.HAL_MspInit
                0x08013d48       0x62 Src\stm32f7xx_hal_msp.o
                0x08013d48                HAL_MspInit
 *fill*         0x08013daa        0x2 
 .text.HAL_ADC_MspInit
                0x08013dac       0xe8 Src\stm32f7xx_hal_msp.o
                0x08013dac                HAL_ADC_MspInit
 .text.HAL_CRC_MspInit
                0x08013e94       0x40 Src\stm32f7xx_hal_msp.o
                0x08013e94                HAL_CRC_MspInit
 .text.HAL_DMA2D_MspInit
                0x08013ed4       0x40 Src\stm32f7xx_hal_msp.o
                0x08013ed4                HAL_DMA2D_MspInit
 .text.HAL_I2C_MspInit
                0x08013f14       0x60 Src\stm32f7xx_hal_msp.o
                0x08013f14                HAL_I2C_MspInit
 .text.HAL_LTDC_MspInit
                0x08013f74       0xf4 Src\stm32f7xx_hal_msp.o
                0x08013f74                HAL_LTDC_MspInit
 .text.HAL_TIM_Base_MspInit
                0x08014068       0x84 Src\stm32f7xx_hal_msp.o
                0x08014068                HAL_TIM_Base_MspInit
 .text.HAL_UART_MspInit
                0x080140ec       0x84 Src\stm32f7xx_hal_msp.o
                0x080140ec                HAL_UART_MspInit
 .text.HAL_FMC_MspInit
                0x08014170      0x114 Src\stm32f7xx_hal_msp.o
 .text.HAL_SDRAM_MspInit
                0x08014284       0x14 Src\stm32f7xx_hal_msp.o
                0x08014284                HAL_SDRAM_MspInit
 .text.HAL_InitTick
                0x08014298       0xb0 Src\stm32f7xx_hal_timebase_TIM.o
                0x08014298                HAL_InitTick
 .text.SysTick_Handler
                0x08014348        0xc Src\stm32f7xx_it.o
                0x08014348                SysTick_Handler
 .text.TIM1_UP_TIM10_IRQHandler
                0x08014354       0x14 Src\stm32f7xx_it.o
                0x08014354                TIM1_UP_TIM10_IRQHandler
 .text.DMA2_Stream0_IRQHandler
                0x08014368       0x14 Src\stm32f7xx_it.o
                0x08014368                DMA2_Stream0_IRQHandler
 .text.OTG_HS_IRQHandler
                0x0801437c       0x14 Src\stm32f7xx_it.o
                0x0801437c                OTG_HS_IRQHandler
 .text.SystemInit
                0x08014390       0x6c Src\system_stm32f7xx.o
                0x08014390                SystemInit
 .text.MX_USB_HOST_Init
                0x080143fc       0x2c Src\usb_host.o
                0x080143fc                MX_USB_HOST_Init
 .text.USBH_UserProcess
                0x08014428       0x5c Src\usb_host.o
 .text.HAL_HCD_MspInit
                0x08014484       0xf4 Src\usbh_conf.o
                0x08014484                HAL_HCD_MspInit
 .text.HAL_HCD_SOF_Callback
                0x08014578       0x1c Src\usbh_conf.o
                0x08014578                HAL_HCD_SOF_Callback
 .text.HAL_HCD_Connect_Callback
                0x08014594       0x1c Src\usbh_conf.o
                0x08014594                HAL_HCD_Connect_Callback
 .text.HAL_HCD_Disconnect_Callback
                0x080145b0       0x1c Src\usbh_conf.o
                0x080145b0                HAL_HCD_Disconnect_Callback
 .text.HAL_HCD_HC_NotifyURBChange_Callback
                0x080145cc       0x24 Src\usbh_conf.o
                0x080145cc                HAL_HCD_HC_NotifyURBChange_Callback
 .text.USBH_LL_Init
                0x080145f0       0x90 Src\usbh_conf.o
                0x080145f0                USBH_LL_Init
 .text.USBH_LL_Start
                0x08014680       0x64 Src\usbh_conf.o
                0x08014680                USBH_LL_Start
 .text.USBH_LL_Stop
                0x080146e4       0x64 Src\usbh_conf.o
                0x080146e4                USBH_LL_Stop
 .text.USBH_LL_GetSpeed
                0x08014748       0x4a Src\usbh_conf.o
                0x08014748                USBH_LL_GetSpeed
 *fill*         0x08014792        0x2 
 .text.USBH_LL_ResetPort
                0x08014794       0x64 Src\usbh_conf.o
                0x08014794                USBH_LL_ResetPort
 .text.USBH_LL_GetLastXferSize
                0x080147f8       0x26 Src\usbh_conf.o
                0x080147f8                USBH_LL_GetLastXferSize
 *fill*         0x0801481e        0x2 
 .text.USBH_LL_OpenPipe
                0x08014820       0x8c Src\usbh_conf.o
                0x08014820                USBH_LL_OpenPipe
 .text.USBH_LL_ClosePipe
                0x080148ac       0x6c Src\usbh_conf.o
                0x080148ac                USBH_LL_ClosePipe
 .text.USBH_LL_SubmitURB
                0x08014918       0x90 Src\usbh_conf.o
                0x08014918                USBH_LL_SubmitURB
 .text.USBH_LL_GetURBState
                0x080149a8       0x26 Src\usbh_conf.o
                0x080149a8                USBH_LL_GetURBState
 .text.USBH_LL_DriverVBUS
                0x080149ce       0x1c Src\usbh_conf.o
                0x080149ce                USBH_LL_DriverVBUS
 .text.USBH_LL_SetToggle
                0x080149ea       0x66 Src\usbh_conf.o
                0x080149ea                USBH_LL_SetToggle
 .text.USBH_LL_GetToggle
                0x08014a50       0x66 Src\usbh_conf.o
                0x08014a50                USBH_LL_GetToggle
 .text.USBH_Delay
                0x08014ab6       0x16 Src\usbh_conf.o
                0x08014ab6                USBH_Delay
 .text.Reset_Handler
                0x08014acc       0x50 startup\startup_stm32f746xx.o
                0x08014acc                Reset_Handler
 .text.Default_Handler
                0x08014b1c        0x2 startup\startup_stm32f746xx.o
                0x08014b1c                RTC_Alarm_IRQHandler
                0x08014b1c                EXTI2_IRQHandler
                0x08014b1c                TIM8_CC_IRQHandler
                0x08014b1c                DebugMon_Handler
                0x08014b1c                UART8_IRQHandler
                0x08014b1c                SPI4_IRQHandler
                0x08014b1c                TIM1_CC_IRQHandler
                0x08014b1c                DMA2_Stream5_IRQHandler
                0x08014b1c                HardFault_Handler
                0x08014b1c                DMA1_Stream5_IRQHandler
                0x08014b1c                PVD_IRQHandler
                0x08014b1c                TAMP_STAMP_IRQHandler
                0x08014b1c                NMI_Handler
                0x08014b1c                CAN2_RX1_IRQHandler
                0x08014b1c                EXTI3_IRQHandler
                0x08014b1c                TIM8_TRG_COM_TIM14_IRQHandler
                0x08014b1c                TIM8_UP_TIM13_IRQHandler
                0x08014b1c                I2C3_ER_IRQHandler
                0x08014b1c                EXTI0_IRQHandler
                0x08014b1c                I2C2_EV_IRQHandler
                0x08014b1c                DMA1_Stream2_IRQHandler
                0x08014b1c                CAN1_RX0_IRQHandler
                0x08014b1c                FPU_IRQHandler
                0x08014b1c                OTG_HS_WKUP_IRQHandler
                0x08014b1c                UsageFault_Handler
                0x08014b1c                LTDC_ER_IRQHandler
                0x08014b1c                CAN2_SCE_IRQHandler
                0x08014b1c                DMA2_Stream2_IRQHandler
                0x08014b1c                SPI1_IRQHandler
                0x08014b1c                TIM6_DAC_IRQHandler
                0x08014b1c                TIM1_BRK_TIM9_IRQHandler
                0x08014b1c                DCMI_IRQHandler
                0x08014b1c                CAN2_RX0_IRQHandler
                0x08014b1c                DMA2_Stream3_IRQHandler
                0x08014b1c                SAI2_IRQHandler
                0x08014b1c                USART6_IRQHandler
                0x08014b1c                USART3_IRQHandler
                0x08014b1c                CAN1_RX1_IRQHandler
                0x08014b1c                UART5_IRQHandler
                0x08014b1c                TIM4_IRQHandler
                0x08014b1c                QUADSPI_IRQHandler
                0x08014b1c                I2C1_EV_IRQHandler
                0x08014b1c                DMA1_Stream6_IRQHandler
                0x08014b1c                DMA1_Stream1_IRQHandler
                0x08014b1c                UART4_IRQHandler
                0x08014b1c                TIM3_IRQHandler
                0x08014b1c                RCC_IRQHandler
                0x08014b1c                TIM8_BRK_TIM12_IRQHandler
                0x08014b1c                Default_Handler
                0x08014b1c                CEC_IRQHandler
                0x08014b1c                EXTI15_10_IRQHandler
                0x08014b1c                ADC_IRQHandler
                0x08014b1c                DMA1_Stream7_IRQHandler
                0x08014b1c                SPI5_IRQHandler
                0x08014b1c                TIM7_IRQHandler
                0x08014b1c                SDMMC1_IRQHandler
                0x08014b1c                CAN2_TX_IRQHandler
                0x08014b1c                TIM5_IRQHandler
                0x08014b1c                DMA2_Stream7_IRQHandler
                0x08014b1c                I2C3_EV_IRQHandler
                0x08014b1c                EXTI9_5_IRQHandler
                0x08014b1c                RTC_WKUP_IRQHandler
                0x08014b1c                LTDC_IRQHandler
                0x08014b1c                ETH_WKUP_IRQHandler
                0x08014b1c                SPDIF_RX_IRQHandler
                0x08014b1c                SPI2_IRQHandler
                0x08014b1c                OTG_HS_EP1_IN_IRQHandler
                0x08014b1c                MemManage_Handler
                0x08014b1c                DMA1_Stream0_IRQHandler
                0x08014b1c                CAN1_TX_IRQHandler
                0x08014b1c                EXTI4_IRQHandler
                0x08014b1c                RNG_IRQHandler
                0x08014b1c                ETH_IRQHandler
                0x08014b1c                OTG_HS_EP1_OUT_IRQHandler
                0x08014b1c                WWDG_IRQHandler
                0x08014b1c                SPI6_IRQHandler
                0x08014b1c                I2C4_EV_IRQHandler
                0x08014b1c                TIM2_IRQHandler
                0x08014b1c                OTG_FS_WKUP_IRQHandler
                0x08014b1c                TIM1_TRG_COM_TIM11_IRQHandler
                0x08014b1c                DMA2D_IRQHandler
                0x08014b1c                EXTI1_IRQHandler
                0x08014b1c                UART7_IRQHandler
                0x08014b1c                USART2_IRQHandler
                0x08014b1c                I2C2_ER_IRQHandler
                0x08014b1c                DMA2_Stream1_IRQHandler
                0x08014b1c                CAN1_SCE_IRQHandler
                0x08014b1c                FLASH_IRQHandler
                0x08014b1c                DMA2_Stream4_IRQHandler
                0x08014b1c                BusFault_Handler
                0x08014b1c                USART1_IRQHandler
                0x08014b1c                OTG_FS_IRQHandler
                0x08014b1c                SPI3_IRQHandler
                0x08014b1c                DMA1_Stream4_IRQHandler
                0x08014b1c                I2C1_ER_IRQHandler
                0x08014b1c                FMC_IRQHandler
                0x08014b1c                LPTIM1_IRQHandler
                0x08014b1c                I2C4_ER_IRQHandler
                0x08014b1c                DMA2_Stream6_IRQHandler
                0x08014b1c                SAI1_IRQHandler
                0x08014b1c                DMA1_Stream3_IRQHandler
 *fill*         0x08014b1e        0x2 
 .text._cleanup_r
                0x08014b20        0xc c:/program files (x86)/atollic/truestudio for stm32 9.0.0/armtools/bin/../lib/gcc/arm-atollic-eabi/6.3.1/../../../../arm-atollic-eabi/lib/armv7e-m/fpu/fpv5-sp-d16\libc_nano.a(lib_a-findfp.o)
                0x08014b20                _cleanup_r
 .text.std.isra.0
                0x08014b2c       0x48 c:/program files (x86)/atollic/truestudio for stm32 9.0.0/armtools/bin/../lib/gcc/arm-atollic-eabi/6.3.1/../../../../arm-atollic-eabi/lib/armv7e-m/fpu/fpv5-sp-d16\libc_nano.a(lib_a-findfp.o)
 .text.__sfmoreglue
                0x08014b74       0x2c c:/program files (x86)/atollic/truestudio for stm32 9.0.0/armtools/bin/../lib/gcc/arm-atollic-eabi/6.3.1/../../../../arm-atollic-eabi/lib/armv7e-m/fpu/fpv5-sp-d16\libc_nano.a(lib_a-findfp.o)
                0x08014b74                __sfmoreglue
 .text.__sinit  0x08014ba0       0x60 c:/program files (x86)/atollic/truestudio for stm32 9.0.0/armtools/bin/../lib/gcc/arm-atollic-eabi/6.3.1/../../../../arm-atollic-eabi/lib/armv7e-m/fpu/fpv5-sp-d16\libc_nano.a(lib_a-findfp.o)
                0x08014ba0                __sinit
 .text.__sfp    0x08014c00       0x78 c:/program files (x86)/atollic/truestudio for stm32 9.0.0/armtools/bin/../lib/gcc/arm-atollic-eabi/6.3.1/../../../../arm-atollic-eabi/lib/armv7e-m/fpu/fpv5-sp-d16\libc_nano.a(lib_a-findfp.o)
                0x08014c00                __sfp
 .text._fwalk_reent
                0x08014c78       0x3c c:/program files (x86)/atollic/truestudio for stm32 9.0.0/armtools/bin/../lib/gcc/arm-atollic-eabi/6.3.1/../../../../arm-atollic-eabi/lib/armv7e-m/fpu/fpv5-sp-d16\libc_nano.a(lib_a-fwalk.o)
                0x08014c78                _fwalk_reent
 .text.__libc_init_array
                0x08014cb4       0x48 c:/program files (x86)/atollic/truestudio for stm32 9.0.0/armtools/bin/../lib/gcc/arm-atollic-eabi/6.3.1/../../../../arm-atollic-eabi/lib/armv7e-m/fpu/fpv5-sp-d16\libc_nano.a(lib_a-init.o)
                0x08014cb4                __libc_init_array
 .text.__locale_ctype_ptr_l
                0x08014cfc        0x6 c:/program files (x86)/atollic/truestudio for stm32 9.0.0/armtools/bin/../lib/gcc/arm-atollic-eabi/6.3.1/../../../../arm-atollic-eabi/lib/armv7e-m/fpu/fpv5-sp-d16\libc_nano.a(lib_a-locale.o)
                0x08014cfc                __locale_ctype_ptr_l
 *fill*         0x08014d02        0x2 
 .text.malloc   0x08014d04       0x10 c:/program files (x86)/atollic/truestudio for stm32 9.0.0/armtools/bin/../lib/gcc/arm-atollic-eabi/6.3.1/../../../../arm-atollic-eabi/lib/armv7e-m/fpu/fpv5-sp-d16\libc_nano.a(lib_a-malloc.o)
                0x08014d04                malloc
 .text.free     0x08014d14       0x10 c:/program files (x86)/atollic/truestudio for stm32 9.0.0/armtools/bin/../lib/gcc/arm-atollic-eabi/6.3.1/../../../../arm-atollic-eabi/lib/armv7e-m/fpu/fpv5-sp-d16\libc_nano.a(lib_a-malloc.o)
                0x08014d14                free
 .text.__ascii_mbtowc
                0x08014d24       0x24 c:/program files (x86)/atollic/truestudio for stm32 9.0.0/armtools/bin/../lib/gcc/arm-atollic-eabi/6.3.1/../../../../arm-atollic-eabi/lib/armv7e-m/fpu/fpv5-sp-d16\libc_nano.a(lib_a-mbtowc_r.o)
                0x08014d24                __ascii_mbtowc
 .text.memcpy   0x08014d48       0x16 c:/program files (x86)/atollic/truestudio for stm32 9.0.0/armtools/bin/../lib/gcc/arm-atollic-eabi/6.3.1/../../../../arm-atollic-eabi/lib/armv7e-m/fpu/fpv5-sp-d16\libc_nano.a(lib_a-memcpy-stub.o)
                0x08014d48                memcpy
 .text.memset   0x08014d5e       0x10 c:/program files (x86)/atollic/truestudio for stm32 9.0.0/armtools/bin/../lib/gcc/arm-atollic-eabi/6.3.1/../../../../arm-atollic-eabi/lib/armv7e-m/fpu/fpv5-sp-d16\libc_nano.a(lib_a-memset.o)
                0x08014d5e                memset
 *fill*         0x08014d6e        0x2 
 .text._free_r  0x08014d70       0x9c c:/program files (x86)/atollic/truestudio for stm32 9.0.0/armtools/bin/../lib/gcc/arm-atollic-eabi/6.3.1/../../../../arm-atollic-eabi/lib/armv7e-m/fpu/fpv5-sp-d16\libc_nano.a(lib_a-nano-freer.o)
                0x08014d70                _free_r
 .text._malloc_r
                0x08014e0c       0xbc c:/program files (x86)/atollic/truestudio for stm32 9.0.0/armtools/bin/../lib/gcc/arm-atollic-eabi/6.3.1/../../../../arm-atollic-eabi/lib/armv7e-m/fpu/fpv5-sp-d16\libc_nano.a(lib_a-nano-mallocr.o)
                0x08014e0c                _malloc_r
 .text.printf   0x08014ec8       0x30 c:/program files (x86)/atollic/truestudio for stm32 9.0.0/armtools/bin/../lib/gcc/arm-atollic-eabi/6.3.1/../../../../arm-atollic-eabi/lib/armv7e-m/fpu/fpv5-sp-d16\libc_nano.a(lib_a-printf.o)
                0x08014ec8                iprintf
                0x08014ec8                printf
 .text._puts_r  0x08014ef8       0xb8 c:/program files (x86)/atollic/truestudio for stm32 9.0.0/armtools/bin/../lib/gcc/arm-atollic-eabi/6.3.1/../../../../arm-atollic-eabi/lib/armv7e-m/fpu/fpv5-sp-d16\libc_nano.a(lib_a-puts.o)
                0x08014ef8                _puts_r
 .text.puts     0x08014fb0       0x10 c:/program files (x86)/atollic/truestudio for stm32 9.0.0/armtools/bin/../lib/gcc/arm-atollic-eabi/6.3.1/../../../../arm-atollic-eabi/lib/armv7e-m/fpu/fpv5-sp-d16\libc_nano.a(lib_a-puts.o)
                0x08014fb0                puts
 .text.cleanup_glue
                0x08014fc0       0x1a c:/program files (x86)/atollic/truestudio for stm32 9.0.0/armtools/bin/../lib/gcc/arm-atollic-eabi/6.3.1/../../../../arm-atollic-eabi/lib/armv7e-m/fpu/fpv5-sp-d16\libc_nano.a(lib_a-reent.o)
                0x08014fc0                cleanup_glue
 *fill*         0x08014fda        0x2 
 .text._reclaim_reent
                0x08014fdc       0xb8 c:/program files (x86)/atollic/truestudio for stm32 9.0.0/armtools/bin/../lib/gcc/arm-atollic-eabi/6.3.1/../../../../arm-atollic-eabi/lib/armv7e-m/fpu/fpv5-sp-d16\libc_nano.a(lib_a-reent.o)
                0x08014fdc                _reclaim_reent
 .text._sbrk_r  0x08015094       0x20 c:/program files (x86)/atollic/truestudio for stm32 9.0.0/armtools/bin/../lib/gcc/arm-atollic-eabi/6.3.1/../../../../arm-atollic-eabi/lib/armv7e-m/fpu/fpv5-sp-d16\libc_nano.a(lib_a-sbrkr.o)
                0x08015094                _sbrk_r
 .text.__sread  0x080150b4       0x22 c:/program files (x86)/atollic/truestudio for stm32 9.0.0/armtools/bin/../lib/gcc/arm-atollic-eabi/6.3.1/../../../../arm-atollic-eabi/lib/armv7e-m/fpu/fpv5-sp-d16\libc_nano.a(lib_a-stdio.o)
                0x080150b4                __sread
 .text.__swrite
                0x080150d6       0x38 c:/program files (x86)/atollic/truestudio for stm32 9.0.0/armtools/bin/../lib/gcc/arm-atollic-eabi/6.3.1/../../../../arm-atollic-eabi/lib/armv7e-m/fpu/fpv5-sp-d16\libc_nano.a(lib_a-stdio.o)
                0x080150d6                __swrite
 .text.__sseek  0x0801510e       0x24 c:/program files (x86)/atollic/truestudio for stm32 9.0.0/armtools/bin/../lib/gcc/arm-atollic-eabi/6.3.1/../../../../arm-atollic-eabi/lib/armv7e-m/fpu/fpv5-sp-d16\libc_nano.a(lib_a-stdio.o)
                0x0801510e                __sseek
 .text.__sclose
                0x08015132        0x8 c:/program files (x86)/atollic/truestudio for stm32 9.0.0/armtools/bin/../lib/gcc/arm-atollic-eabi/6.3.1/../../../../arm-atollic-eabi/lib/armv7e-m/fpu/fpv5-sp-d16\libc_nano.a(lib_a-stdio.o)
                0x08015132                __sclose
 .text._strtol_l.isra.0
                0x0801513a      0x100 c:/program files (x86)/atollic/truestudio for stm32 9.0.0/armtools/bin/../lib/gcc/arm-atollic-eabi/6.3.1/../../../../arm-atollic-eabi/lib/armv7e-m/fpu/fpv5-sp-d16\libc_nano.a(lib_a-strtol.o)
 *fill*         0x0801523a        0x2 
 .text.strtol   0x0801523c       0x2c c:/program files (x86)/atollic/truestudio for stm32 9.0.0/armtools/bin/../lib/gcc/arm-atollic-eabi/6.3.1/../../../../arm-atollic-eabi/lib/armv7e-m/fpu/fpv5-sp-d16\libc_nano.a(lib_a-strtol.o)
                0x0801523c                strtol
 .text.__swbuf_r
                0x08015268       0xa4 c:/program files (x86)/atollic/truestudio for stm32 9.0.0/armtools/bin/../lib/gcc/arm-atollic-eabi/6.3.1/../../../../arm-atollic-eabi/lib/armv7e-m/fpu/fpv5-sp-d16\libc_nano.a(lib_a-wbuf.o)
                0x08015268                __swbuf_r
 .text.__ascii_wctomb
                0x0801530c       0x1a c:/program files (x86)/atollic/truestudio for stm32 9.0.0/armtools/bin/../lib/gcc/arm-atollic-eabi/6.3.1/../../../../arm-atollic-eabi/lib/armv7e-m/fpu/fpv5-sp-d16\libc_nano.a(lib_a-wctomb_r.o)
                0x0801530c                __ascii_wctomb
 *fill*         0x08015326        0x2 
 .text._write_r
                0x08015328       0x24 c:/program files (x86)/atollic/truestudio for stm32 9.0.0/armtools/bin/../lib/gcc/arm-atollic-eabi/6.3.1/../../../../arm-atollic-eabi/lib/armv7e-m/fpu/fpv5-sp-d16\libc_nano.a(lib_a-writer.o)
                0x08015328                _write_r
 .text.__swsetup_r
                0x0801534c       0xdc c:/program files (x86)/atollic/truestudio for stm32 9.0.0/armtools/bin/../lib/gcc/arm-atollic-eabi/6.3.1/../../../../arm-atollic-eabi/lib/armv7e-m/fpu/fpv5-sp-d16\libc_nano.a(lib_a-wsetup.o)
                0x0801534c                __swsetup_r
 .text._close_r
                0x08015428       0x20 c:/program files (x86)/atollic/truestudio for stm32 9.0.0/armtools/bin/../lib/gcc/arm-atollic-eabi/6.3.1/../../../../arm-atollic-eabi/lib/armv7e-m/fpu/fpv5-sp-d16\libc_nano.a(lib_a-closer.o)
                0x08015428                _close_r
 .text.__sflush_r
                0x08015448      0x110 c:/program files (x86)/atollic/truestudio for stm32 9.0.0/armtools/bin/../lib/gcc/arm-atollic-eabi/6.3.1/../../../../arm-atollic-eabi/lib/armv7e-m/fpu/fpv5-sp-d16\libc_nano.a(lib_a-fflush.o)
                0x08015448                __sflush_r
 .text._fflush_r
                0x08015558       0x54 c:/program files (x86)/atollic/truestudio for stm32 9.0.0/armtools/bin/../lib/gcc/arm-atollic-eabi/6.3.1/../../../../arm-atollic-eabi/lib/armv7e-m/fpu/fpv5-sp-d16\libc_nano.a(lib_a-fflush.o)
                0x08015558                _fflush_r
 .text._lseek_r
                0x080155ac       0x24 c:/program files (x86)/atollic/truestudio for stm32 9.0.0/armtools/bin/../lib/gcc/arm-atollic-eabi/6.3.1/../../../../arm-atollic-eabi/lib/armv7e-m/fpu/fpv5-sp-d16\libc_nano.a(lib_a-lseekr.o)
                0x080155ac                _lseek_r
 .text.__swhatbuf_r
                0x080155d0       0x48 c:/program files (x86)/atollic/truestudio for stm32 9.0.0/armtools/bin/../lib/gcc/arm-atollic-eabi/6.3.1/../../../../arm-atollic-eabi/lib/armv7e-m/fpu/fpv5-sp-d16\libc_nano.a(lib_a-makebuf.o)
                0x080155d0                __swhatbuf_r
 .text.__smakebuf_r
                0x08015618       0x80 c:/program files (x86)/atollic/truestudio for stm32 9.0.0/armtools/bin/../lib/gcc/arm-atollic-eabi/6.3.1/../../../../arm-atollic-eabi/lib/armv7e-m/fpu/fpv5-sp-d16\libc_nano.a(lib_a-makebuf.o)
                0x08015618                __smakebuf_r
 .text.__malloc_lock
                0x08015698        0x2 c:/program files (x86)/atollic/truestudio for stm32 9.0.0/armtools/bin/../lib/gcc/arm-atollic-eabi/6.3.1/../../../../arm-atollic-eabi/lib/armv7e-m/fpu/fpv5-sp-d16\libc_nano.a(lib_a-mlock.o)
                0x08015698                __malloc_lock
 .text.__malloc_unlock
                0x0801569a        0x2 c:/program files (x86)/atollic/truestudio for stm32 9.0.0/armtools/bin/../lib/gcc/arm-atollic-eabi/6.3.1/../../../../arm-atollic-eabi/lib/armv7e-m/fpu/fpv5-sp-d16\libc_nano.a(lib_a-mlock.o)
                0x0801569a                __malloc_unlock
 .text.__sfputc_r
                0x0801569c       0x30 c:/program files (x86)/atollic/truestudio for stm32 9.0.0/armtools/bin/../lib/gcc/arm-atollic-eabi/6.3.1/../../../../arm-atollic-eabi/lib/armv7e-m/fpu/fpv5-sp-d16\libc_nano.a(lib_a-nano-vfprintf.o)
 .text.__sfputs_r
                0x080156cc       0x24 c:/program files (x86)/atollic/truestudio for stm32 9.0.0/armtools/bin/../lib/gcc/arm-atollic-eabi/6.3.1/../../../../arm-atollic-eabi/lib/armv7e-m/fpu/fpv5-sp-d16\libc_nano.a(lib_a-nano-vfprintf.o)
                0x080156cc                __sfputs_r
 .text._vfprintf_r
                0x080156f0      0x22c c:/program files (x86)/atollic/truestudio for stm32 9.0.0/armtools/bin/../lib/gcc/arm-atollic-eabi/6.3.1/../../../../arm-atollic-eabi/lib/armv7e-m/fpu/fpv5-sp-d16\libc_nano.a(lib_a-nano-vfprintf.o)
                0x080156f0                _vfprintf_r
                0x080156f0                _vfiprintf_r
 .text._printf_common
                0x0801591c       0xec c:/program files (x86)/atollic/truestudio for stm32 9.0.0/armtools/bin/../lib/gcc/arm-atollic-eabi/6.3.1/../../../../arm-atollic-eabi/lib/armv7e-m/fpu/fpv5-sp-d16\libc_nano.a(lib_a-nano-vfprintf_i.o)
                0x0801591c                _printf_common
 .text._printf_i
                0x08015a08      0x240 c:/program files (x86)/atollic/truestudio for stm32 9.0.0/armtools/bin/../lib/gcc/arm-atollic-eabi/6.3.1/../../../../arm-atollic-eabi/lib/armv7e-m/fpu/fpv5-sp-d16\libc_nano.a(lib_a-nano-vfprintf_i.o)
                0x08015a08                _printf_i
 .text._read_r  0x08015c48       0x24 c:/program files (x86)/atollic/truestudio for stm32 9.0.0/armtools/bin/../lib/gcc/arm-atollic-eabi/6.3.1/../../../../arm-atollic-eabi/lib/armv7e-m/fpu/fpv5-sp-d16\libc_nano.a(lib_a-readr.o)
                0x08015c48                _read_r
 .text._fstat_r
                0x08015c6c       0x24 c:/program files (x86)/atollic/truestudio for stm32 9.0.0/armtools/bin/../lib/gcc/arm-atollic-eabi/6.3.1/../../../../arm-atollic-eabi/lib/armv7e-m/fpu/fpv5-sp-d16\libc_nano.a(lib_a-fstatr.o)
                0x08015c6c                _fstat_r
 .text._isatty_r
                0x08015c90       0x20 c:/program files (x86)/atollic/truestudio for stm32 9.0.0/armtools/bin/../lib/gcc/arm-atollic-eabi/6.3.1/../../../../arm-atollic-eabi/lib/armv7e-m/fpu/fpv5-sp-d16\libc_nano.a(lib_a-isattyr.o)
                0x08015c90                _isatty_r
 .text._close   0x08015cb0       0x10 c:/program files (x86)/atollic/truestudio for stm32 9.0.0/armtools/bin/../lib/gcc/arm-atollic-eabi/6.3.1/../../../../arm-atollic-eabi/lib/armv7e-m/fpu/fpv5-sp-d16\libnosys.a(close.o)
                0x08015cb0                _close
 .text._fstat   0x08015cc0       0x10 c:/program files (x86)/atollic/truestudio for stm32 9.0.0/armtools/bin/../lib/gcc/arm-atollic-eabi/6.3.1/../../../../arm-atollic-eabi/lib/armv7e-m/fpu/fpv5-sp-d16\libnosys.a(fstat.o)
                0x08015cc0                _fstat
 .text._isatty  0x08015cd0       0x10 c:/program files (x86)/atollic/truestudio for stm32 9.0.0/armtools/bin/../lib/gcc/arm-atollic-eabi/6.3.1/../../../../arm-atollic-eabi/lib/armv7e-m/fpu/fpv5-sp-d16\libnosys.a(isatty.o)
                0x08015cd0                _isatty
 .text._lseek   0x08015ce0       0x10 c:/program files (x86)/atollic/truestudio for stm32 9.0.0/armtools/bin/../lib/gcc/arm-atollic-eabi/6.3.1/../../../../arm-atollic-eabi/lib/armv7e-m/fpu/fpv5-sp-d16\libnosys.a(lseek.o)
                0x08015ce0                _lseek
 .text._sbrk    0x08015cf0       0x1c c:/program files (x86)/atollic/truestudio for stm32 9.0.0/armtools/bin/../lib/gcc/arm-atollic-eabi/6.3.1/../../../../arm-atollic-eabi/lib/armv7e-m/fpu/fpv5-sp-d16\libnosys.a(sbrk.o)
                0x08015cf0                _sbrk
 *(.glue_7)
 .glue_7        0x08015d0c        0x0 linker stubs
 *(.glue_7t)
 .glue_7t       0x08015d0c        0x0 linker stubs
 *(.eh_frame)
 .eh_frame      0x08015d0c        0x0 c:/program files (x86)/atollic/truestudio for stm32 9.0.0/armtools/bin/../lib/gcc/arm-atollic-eabi/6.3.1/armv7e-m/fpu/fpv5-sp-d16/crtbegin.o
 *(.init)
 .init          0x08015d0c        0x4 c:/program files (x86)/atollic/truestudio for stm32 9.0.0/armtools/bin/../lib/gcc/arm-atollic-eabi/6.3.1/armv7e-m/fpu/fpv5-sp-d16/crti.o
                0x08015d0c                _init