wm8994.c:137:10:wm8994_Init	40	static
wm8994.c:641:6:wm8994_DeInit	8	static
wm8994.c:652:10:wm8994_ReadID	16	static
wm8994.c:666:10:wm8994_Play	24	static
wm8994.c:682:10:wm8994_Pause	24	static
wm8994.c:701:10:wm8994_Resume	24	static
wm8994.c:725:10:wm8994_Stop	24	static
wm8994.c:771:10:wm8994_SetVolume	24	static
wm8994.c:847:10:wm8994_SetMute	24	static
wm8994.c:882:10:wm8994_SetOutputMode	24	static
wm8994.c:969:10:wm8994_SetFrequency	24	static
wm8994.c:1029:10:wm8994_Reset	24	static
wm8994.c:1048:16:CODEC_IO_Write	24	static
