core_cm7.h:2073:22:SCB_EnableICache	4	static
core_cm7.h:2123:22:SCB_EnableDCache	24	static
main.c:110:5:main	152	static
main.c:305:6:SystemClock_Config	216	static
main.c:382:13:MX_ADC3_Init	24	static
main.c:419:13:MX_CRC_Init	8	static
main.c:436:13:MX_DMA2D_Init	8	static
main.c:460:13:MX_I2C3_Init	8	static
main.c:494:13:MX_LTDC_Init	64	static
main.c:543:13:MX_USART1_UART_Init	8	static
main.c:568:13:MX_DMA_Init	16	static
main.c:603:13:MX_FMC_Init	40	static
main.c:697:13:MX_GPIO_Init	72	static
main.c:1047:6:HAL_TIM_PeriodElapsedCallback	16	static
main.c:1066:6:_Error_Handler	16	static
