core_cm7.h:2073:22:SCB_EnableICache	4	static
core_cm7.h:2123:22:SCB_EnableDCache	24	static
main.c:124:5:main	360	static
main.c:429:6:SystemClock_Config	216	static
main.c:502:13:MX_ADC3_Init	24	static
main.c:536:13:MX_CRC_Init	8	static
main.c:551:13:MX_DMA2D_Init	8	static
main.c:572:13:MX_I2C3_Init	8	static
main.c:603:13:MX_LTDC_Init	64	static
main.c:649:13:MX_USART1_UART_Init	8	static
main.c:672:13:MX_DMA_Init	16	static
main.c:707:13:MX_FMC_Init	40	static
main.c:799:13:MX_GPIO_Init	72	static
main.c:1153:5:__io_putchar	24	static
main.c:1160:5:_write	32	static
main.c:1168:5:__io_getchar	16	static
main.c:1178:5:_read	40	static
main.c:1196:6:HAL_TIM_PeriodElapsedCallback	16	static
main.c:1214:6:_Error_Handler	16	static
