core_cm7.h:2073:22:SCB_EnableICache	4	static
core_cm7.h:2123:22:SCB_EnableDCache	24	static
main.c:112:5:__io_putchar	16	static
main.c:128:5:main	1360	static
main.c:434:6:SystemClock_Config	216	static
main.c:507:13:MX_ADC3_Init	24	static
main.c:541:13:MX_CRC_Init	8	static
main.c:556:13:MX_DMA2D_Init	8	static
main.c:577:13:MX_I2C3_Init	8	static
main.c:608:13:MX_LTDC_Init	64	static
main.c:654:13:MX_USART1_UART_Init	8	static
main.c:677:13:MX_DMA_Init	16	static
main.c:712:13:MX_FMC_Init	40	static
main.c:804:13:MX_GPIO_Init	72	static
main.c:1168:6:HAL_TIM_PeriodElapsedCallback	16	static
main.c:1186:6:_Error_Handler	16	static
