core_cm7.h:2073:22:SCB_EnableICache	4	static
core_cm7.h:2123:22:SCB_EnableDCache	24	static
main.c:178:5:main	2480	static
main.c:576:6:StartDefaultTask	16	static
main.c:596:5:__io_putchar	24	static
main.c:603:5:_write	32	static
main.c:611:5:__io_getchar	16	static
main.c:621:5:_read	40	static
main.c:630:6:vOutputChar	16	static
main.c:634:12:xApplicationMemoryPermissions	16	static
main.c:639:7:pvPortCalloc	24	static
main.c:651:7:pvPortRealloc	24	static
main.c:692:6:_Error_Handler	16	static
main.c:705:6:SystemClock_Config	216	static
main.c:782:13:MX_ADC3_Init	24	static
main.c:819:13:MX_CRC_Init	8	static
main.c:836:13:MX_DMA2D_Init	8	static
main.c:860:13:MX_I2C3_Init	8	static
main.c:894:13:MX_LTDC_Init	64	static
main.c:943:13:MX_TIM2_Init	40	static
main.c:976:13:MX_TIM3_Init	40	static
main.c:1009:13:MX_USART1_UART_Init	8	static
main.c:1030:13:MX_WWDG_Init	4	static
main.c:1051:13:MX_DMA_Init	16	static
main.c:1101:13:MX_FMC_Init	40	static
main.c:1193:13:MX_GPIO_Init	72	static
main.c:1523:6:HAL_TIM_PeriodElapsedCallback	16	static
