core_cm7.h:2073:22:SCB_EnableICache	4	static
core_cm7.h:2123:22:SCB_EnableDCache	24	static
main.c:124:5:main	360	static
main.c:465:6:SystemClock_Config	216	static
main.c:538:13:MX_ADC3_Init	24	static
main.c:572:13:MX_CRC_Init	8	static
main.c:587:13:MX_DMA2D_Init	8	static
main.c:608:13:MX_I2C3_Init	8	static
main.c:639:13:MX_LTDC_Init	64	static
main.c:685:13:MX_USART1_UART_Init	8	static
main.c:708:13:MX_DMA_Init	16	static
main.c:743:13:MX_FMC_Init	40	static
main.c:835:13:MX_GPIO_Init	72	static
main.c:1189:5:__io_putchar	24	static
main.c:1196:5:_write	32	static
main.c:1204:5:__io_getchar	16	static
main.c:1214:5:_read	40	static
main.c:1232:6:HAL_TIM_PeriodElapsedCallback	16	static
main.c:1250:6:_Error_Handler	16	static
