core_cm7.h:2073:22:SCB_EnableICache	4	static
core_cm7.h:2123:22:SCB_EnableDCache	24	static
main.c:112:5:__io_putchar	16	static
main.c:128:5:main	1368	static
main.c:470:6:SystemClock_Config	216	static
main.c:543:13:MX_ADC3_Init	24	static
main.c:577:13:MX_CRC_Init	8	static
main.c:592:13:MX_DMA2D_Init	8	static
main.c:613:13:MX_I2C3_Init	8	static
main.c:644:13:MX_LTDC_Init	64	static
main.c:690:13:MX_USART1_UART_Init	8	static
main.c:713:13:MX_DMA_Init	16	static
main.c:748:13:MX_FMC_Init	40	static
main.c:840:13:MX_GPIO_Init	72	static
main.c:1204:6:HAL_TIM_PeriodElapsedCallback	16	static
main.c:1222:6:_Error_Handler	16	static
