core_cm7.h:2073:22:SCB_EnableICache	4	static
core_cm7.h:2123:22:SCB_EnableDCache	24	static
main.c:160:5:main	376	static
main.c:496:6:SystemClock_Config	216	static
main.c:573:13:MX_ADC3_Init	24	static
main.c:610:13:MX_CRC_Init	8	static
main.c:627:13:MX_DMA2D_Init	8	static
main.c:651:13:MX_I2C3_Init	8	static
main.c:685:13:MX_LTDC_Init	64	static
main.c:734:13:MX_TIM2_Init	40	static
main.c:767:13:MX_TIM3_Init	40	static
main.c:800:13:MX_USART1_UART_Init	8	static
main.c:821:13:MX_WWDG_Init	4	static
main.c:842:13:MX_DMA_Init	16	static
main.c:892:13:MX_FMC_Init	40	static
main.c:984:13:MX_GPIO_Init	72	static
main.c:1308:5:__io_putchar	24	static
main.c:1315:5:_write	32	static
main.c:1323:5:__io_getchar	16	static
main.c:1333:5:_read	40	static
main.c:1344:6:StartDefaultTask	16	static
main.c:1369:6:HAL_TIM_PeriodElapsedCallback	16	static
main.c:1388:6:_Error_Handler	16	static
