core_cm7.h:2073:22:SCB_EnableICache	4	static
core_cm7.h:2123:22:SCB_EnableDCache	24	static
main.c:165:5:main	352	static
main.c:518:6:StartDefaultTask	16	static
main.c:538:5:__io_putchar	24	static
main.c:545:5:_write	32	static
main.c:553:5:__io_getchar	16	static
main.c:563:5:_read	40	static
main.c:572:6:vOutputChar	16	static
main.c:576:12:xApplicationMemoryPermissions	16	static
main.c:609:6:_Error_Handler	16	static
main.c:622:6:SystemClock_Config	216	static
main.c:699:13:MX_ADC3_Init	24	static
main.c:736:13:MX_CRC_Init	8	static
main.c:753:13:MX_DMA2D_Init	8	static
main.c:777:13:MX_I2C3_Init	8	static
main.c:811:13:MX_LTDC_Init	64	static
main.c:860:13:MX_TIM2_Init	40	static
main.c:893:13:MX_TIM3_Init	40	static
main.c:926:13:MX_USART1_UART_Init	8	static
main.c:947:13:MX_WWDG_Init	4	static
main.c:968:13:MX_DMA_Init	16	static
main.c:1018:13:MX_FMC_Init	40	static
main.c:1110:13:MX_GPIO_Init	72	static
main.c:1440:6:HAL_TIM_PeriodElapsedCallback	16	static
