core_cm7.h:2073:22:SCB_EnableICache	4	static
core_cm7.h:2123:22:SCB_EnableDCache	24	static
main.c:178:5:main	2464	static
main.c:532:6:StartDefaultTask	16	static
main.c:552:5:__io_putchar	24	static
main.c:559:5:_write	32	static
main.c:567:5:__io_getchar	16	static
main.c:577:5:_read	40	static
main.c:586:6:vOutputChar	16	static
main.c:590:12:xApplicationMemoryPermissions	16	static
main.c:595:7:pvPortCalloc	24	static
main.c:607:7:pvPortRealloc	24	static
main.c:648:6:_Error_Handler	16	static
main.c:661:6:SystemClock_Config	216	static
main.c:738:13:MX_ADC3_Init	24	static
main.c:775:13:MX_CRC_Init	8	static
main.c:792:13:MX_DMA2D_Init	8	static
main.c:816:13:MX_I2C3_Init	8	static
main.c:850:13:MX_LTDC_Init	64	static
main.c:899:13:MX_TIM2_Init	40	static
main.c:932:13:MX_TIM3_Init	40	static
main.c:965:13:MX_USART1_UART_Init	8	static
main.c:986:13:MX_WWDG_Init	4	static
main.c:1007:13:MX_DMA_Init	16	static
main.c:1057:13:MX_FMC_Init	40	static
main.c:1149:13:MX_GPIO_Init	72	static
main.c:1479:6:HAL_TIM_PeriodElapsedCallback	16	static
