core_cm7.h:2073:22:SCB_EnableICache	4	static
core_cm7.h:2123:22:SCB_EnableDCache	24	static
main.c:178:5:main	2432	static
main.c:545:6:StartDefaultTask	16	static
main.c:565:5:__io_putchar	24	static
main.c:572:5:_write	32	static
main.c:580:5:__io_getchar	16	static
main.c:590:5:_read	40	static
main.c:599:6:vOutputChar	16	static
main.c:603:12:xApplicationMemoryPermissions	16	static
main.c:608:7:pvPortCalloc	24	static
main.c:620:7:pvPortRealloc	24	static
main.c:661:6:_Error_Handler	16	static
main.c:674:6:SystemClock_Config	216	static
main.c:751:13:MX_ADC3_Init	24	static
main.c:788:13:MX_CRC_Init	8	static
main.c:805:13:MX_DMA2D_Init	8	static
main.c:829:13:MX_I2C3_Init	8	static
main.c:863:13:MX_LTDC_Init	64	static
main.c:912:13:MX_TIM2_Init	40	static
main.c:945:13:MX_TIM3_Init	40	static
main.c:978:13:MX_USART1_UART_Init	8	static
main.c:999:13:MX_WWDG_Init	4	static
main.c:1020:13:MX_DMA_Init	16	static
main.c:1070:13:MX_FMC_Init	40	static
main.c:1162:13:MX_GPIO_Init	72	static
main.c:1492:6:HAL_TIM_PeriodElapsedCallback	16	static
