core_cm7.h:2073:22:SCB_EnableICache	4	static
core_cm7.h:2123:22:SCB_EnableDCache	24	static
main.c:105:5:__io_putchar	16	static
main.c:122:5:main	1208	static
main.c:335:6:SystemClock_Config	216	static
main.c:412:13:MX_ADC3_Init	24	static
main.c:449:13:MX_CRC_Init	8	static
main.c:466:13:MX_DMA2D_Init	8	static
main.c:490:13:MX_I2C3_Init	8	static
main.c:524:13:MX_LTDC_Init	64	static
main.c:573:13:MX_USART1_UART_Init	8	static
main.c:598:13:MX_DMA_Init	16	static
main.c:633:13:MX_FMC_Init	40	static
main.c:727:13:MX_GPIO_Init	72	static
main.c:1077:6:HAL_TIM_PeriodElapsedCallback	16	static
main.c:1096:6:_Error_Handler	16	static
