core_cm7.h:2073:22:SCB_EnableICache	4	static
core_cm7.h:2123:22:SCB_EnableDCache	24	static
main.c:123:5:main	1368	static
main.c:455:6:SystemClock_Config	216	static
main.c:528:13:MX_ADC3_Init	24	static
main.c:562:13:MX_CRC_Init	8	static
main.c:577:13:MX_DMA2D_Init	8	static
main.c:598:13:MX_I2C3_Init	8	static
main.c:629:13:MX_LTDC_Init	64	static
main.c:675:13:MX_USART1_UART_Init	8	static
main.c:698:13:MX_DMA_Init	16	static
main.c:733:13:MX_FMC_Init	40	static
main.c:825:13:MX_GPIO_Init	72	static
main.c:1179:5:__io_putchar	24	static
main.c:1186:5:_write	32	static
main.c:1194:5:__io_getchar	24	static
main.c:1201:5:_read	32	static
main.c:1219:6:HAL_TIM_PeriodElapsedCallback	16	static
main.c:1237:6:_Error_Handler	16	static
