core_cm7.h:2073:22:SCB_EnableICache	4	static
core_cm7.h:2123:22:SCB_EnableDCache	24	static
main.c:163:5:main	376	static
main.c:490:6:StartDefaultTask	16	static
main.c:510:5:__io_putchar	24	static
main.c:517:5:_write	32	static
main.c:525:5:__io_getchar	16	static
main.c:535:5:_read	40	static
stdlib.h:104:6:malloc	24	static
stdlib.h:93:7:free	16	static
main.c:572:6:_Error_Handler	16	static
main.c:585:6:SystemClock_Config	216	static
main.c:662:13:MX_ADC3_Init	24	static
main.c:699:13:MX_CRC_Init	8	static
main.c:716:13:MX_DMA2D_Init	8	static
main.c:740:13:MX_I2C3_Init	8	static
main.c:774:13:MX_LTDC_Init	64	static
main.c:823:13:MX_TIM2_Init	40	static
main.c:856:13:MX_TIM3_Init	40	static
main.c:889:13:MX_USART1_UART_Init	8	static
main.c:910:13:MX_WWDG_Init	4	static
main.c:931:13:MX_DMA_Init	16	static
main.c:981:13:MX_FMC_Init	40	static
main.c:1073:13:MX_GPIO_Init	72	static
main.c:1403:6:HAL_TIM_PeriodElapsedCallback	16	static
