stm32f7xx_hal_msp.c:65:6:HAL_MspInit	8	static
stm32f7xx_hal_msp.c:94:6:HAL_ADC_MspInit	40	static
stm32f7xx_hal_msp.c:132:6:HAL_ADC_MspDeInit	16	static
stm32f7xx_hal_msp.c:163:6:HAL_CRC_MspInit	24	static
stm32f7xx_hal_msp.c:180:6:HAL_CRC_MspDeInit	16	static
stm32f7xx_hal_msp.c:197:6:HAL_DMA2D_MspInit	24	static
stm32f7xx_hal_msp.c:214:6:HAL_DMA2D_MspDeInit	16	static
stm32f7xx_hal_msp.c:231:6:HAL_I2C_MspInit	40	static
stm32f7xx_hal_msp.c:299:6:HAL_I2C_MspDeInit	16	static
stm32f7xx_hal_msp.c:326:6:HAL_LTDC_MspInit	40	static
stm32f7xx_hal_msp.c:414:6:HAL_LTDC_MspDeInit	16	static
stm32f7xx_hal_msp.c:476:6:HAL_UART_MspInit	40	static
stm32f7xx_hal_msp.c:513:6:HAL_UART_MspDeInit	16	static
stm32f7xx_hal_msp.c:541:13:HAL_FMC_MspInit	32	static
stm32f7xx_hal_msp.c:646:6:HAL_SDRAM_MspInit	16	static
stm32f7xx_hal_msp.c:658:13:HAL_FMC_MspDeInit	8	static
stm32f7xx_hal_msp.c:732:6:HAL_SDRAM_MspDeInit	16	static
