stm32f7xx_hal_msp.c:63:6:HAL_MspInit	8	static
stm32f7xx_hal_msp.c:92:6:HAL_ADC_MspInit	40	static
stm32f7xx_hal_msp.c:149:6:HAL_ADC_MspDeInit	16	static
stm32f7xx_hal_msp.c:182:6:HAL_CRC_MspInit	24	static
stm32f7xx_hal_msp.c:199:6:HAL_CRC_MspDeInit	16	static
stm32f7xx_hal_msp.c:216:6:HAL_DMA2D_MspInit	24	static
stm32f7xx_hal_msp.c:233:6:HAL_DMA2D_MspDeInit	16	static
stm32f7xx_hal_msp.c:250:6:HAL_I2C_MspInit	40	static
stm32f7xx_hal_msp.c:280:6:HAL_I2C_MspDeInit	16	static
stm32f7xx_hal_msp.c:304:6:HAL_LTDC_MspInit	40	static
stm32f7xx_hal_msp.c:392:6:HAL_LTDC_MspDeInit	16	static
stm32f7xx_hal_msp.c:454:6:HAL_TIM_Base_MspInit	48	static
stm32f7xx_hal_msp.c:494:6:HAL_TIM_Base_MspDeInit	16	static
stm32f7xx_hal_msp.c:528:6:HAL_UART_MspInit	40	static
stm32f7xx_hal_msp.c:565:6:HAL_UART_MspDeInit	16	static
stm32f7xx_hal_msp.c:591:6:HAL_WWDG_MspInit	24	static
stm32f7xx_hal_msp.c:610:13:HAL_FMC_MspInit	32	static
stm32f7xx_hal_msp.c:715:6:HAL_SDRAM_MspInit	16	static
stm32f7xx_hal_msp.c:727:13:HAL_FMC_MspDeInit	8	static
stm32f7xx_hal_msp.c:801:6:HAL_SDRAM_MspDeInit	16	static
