dhcp.c:1375:1:dhcp_set_state	0	static
dhcp.c:1408:1:dhcp_option_short	16	static
dhcp.c:1390:1:dhcp_option	16	static
dhcp.c:1401:1:dhcp_option_byte	16	static
dhcp.c:1416:1:dhcp_option_long	16	static
dhcp.c:1802:1:dhcp_create_msg	24	static
dhcp.c:291:1:dhcp_check	16	static
dhcp.c:1017:1:dhcp_bind	24	static
dhcp.c:214:1:dhcp_inc_pcb_refcount	16	static
dhcp.c:1920:1:dhcp_option_trailer	8	static
dhcp.c:585:1:dhcp_handle_ack.isra.1	16	static
dhcp.c:1899:1:dhcp_delete_msg	8	static
dhcp.c:961:1:dhcp_discover	24	static
dhcp.c:352:1:dhcp_select	24	static
dhcp.c:1229:1:dhcp_reboot	24	static
dhcp.c:241:1:dhcp_dec_pcb_refcount	16	static
dhcp.c:1678:1:dhcp_recv	72	static
dhcp.c:676:1:dhcp_set_struct	16	static
dhcp.c:697:6:dhcp_cleanup	8	static
dhcp.c:802:1:dhcp_inform	80	static
dhcp.c:844:1:dhcp_network_changed	0	static
dhcp.c:887:1:dhcp_arp_reply	24	static
dhcp.c:1127:1:dhcp_renew	24	static
dhcp.c:1343:1:dhcp_stop	8	static
dhcp.c:721:1:dhcp_start	16	static
dhcp.c:1941:1:dhcp_supplied_address	0	static
dhcp.c:1280:1:dhcp_release	40	static
dhcp.c:409:1:dhcp_coarse_tmr	40	static
dhcp.c:449:1:dhcp_fine_tmr	16	static
